---- H:\MyDownloads\说明书&测试报告\开发包\SC8F096开发包\SC8F096_DEMO_C\SC8F096_Lcd_Demo\SC8F096_Lcd_Demo.c ----------------------------------------------------------------------
1:                //==================================================================
2:                //==================================================================
3:                //PWM功能测试：
4:                //
5:                //
6:                //
7:                //==================================================================
8:                //==================================================================
9:                #include "sc.h"
10:               //==================================================================
11:               //==================================================================
12:               
13:               //==================================================================
14:               void Set_LCD_Moudle();
15:               void UpData(unsigned char Val);
16:               //==================================================================
17:               
18:               bit B_MainLoop;
19:               volatile unsigned char sec;
20:               
21:               volatile unsigned char LCD_DataBuf;
22:               void main()
23:               {
24:               	
25:               	asm("nop");
26:               	asm("clrwdt");
27:               	
28:               	OSCCON = 0x70;							//内部振荡器1分频
  0019    3070    LDIA	0x70
  001A    1283    CLRB	0x3,5
  001B    1303    CLRB	0x3,6
  001C    0094    LD	0x14,A
29:               	INTCON = 0;
  001D    018B    CLR	0xB
30:               	
31:               	PIR1 = 0;
  001E    018D    CLR	0xD
32:               	PIE1 = 0;
  001F    018E    CLR	0xE
33:               	PIR2 = 0;
  0020    1703    SETB	0x3,6
  0021    018F    CLR	0xF
34:               	PIE2 = 0;
  0022    0190    CLR	0x10
35:               
36:               	PR2 = 124;				//赋初值	
  0023    307C    LDIA	0x7C
  0024    1303    CLRB	0x3,6
  0025    0091    LD	0x11,A
37:               	TMR2IF = 0;				//清中断标志位
  0026    108D    CLRB	0xD,1
38:               	TMR2IE = 1;				//允许Timer2中断
  0027    148E    SETB	0xE,1
39:               	T2CON = 0x05;			//开启Timer2，预分频值为4，后分频比为1:1
  0028    3005    LDIA	0x5
  0029    0093    LD	0x13,A
40:               	
41:               	INTCON = 0XC0;							//全局中断使能
  002A    30C0    LDIA	0xC0
  002B    008B    LD	0xB,A
42:               	
43:               	TRISC = 0B00001111;		//设置LCD驱动对应管脚为输入态
  002C    300F    LDIA	0xF
  002D    1703    SETB	0x3,6
  002E    0085    LD	0x5,A
44:               	TRISB = 0B11111111;
  002F    30FF    LDIA	0xFF
  0030    1303    CLRB	0x3,6
  0031    0085    LD	0x5,A
45:               	TRISA = 0B11111111;
  0032    1683    SETB	0x3,5
  0033    0085    LD	0x5,A
46:               	TRISD = 0B11111111;
  0034    1283    CLRB	0x3,5
  0035    1703    SETB	0x3,6
  0036    0094    LD	0x14,A
47:               	
48:               	Set_LCD_Moudle();		//初始化LED寄存器
  0037    120A    CLRB	0xA,4
  0038    118A    CLRB	0xA,3
  0039    204D    CALL	0x4D
49:               	UpData(0x01);
  003C    3001    LDIA	0x1
  003D    120A    CLRB	0xA,4
  003E    118A    CLRB	0xA,3
  003F    2071    CALL	0x71
50:               	while(1)
51:               	{
52:               		if(B_MainLoop)
  0042    1C77    SNZB	0x77,0
  0043    2842    JP	0x42
53:               		{
54:               			B_MainLoop = 0;
  0044    1077    CLRB	0x77,0
  0045    0064    CLRWDT
55:               			asm("clrwdt");
56:               			++sec;
  0046    0AF6    INCR	0x76
57:               			if(sec >= 250)
  0047    30FA    LDIA	0xFA
  0048    0276    SUBA	0x76
  0049    1C03    SNZB	0x3,0
  004A    2842    JP	0x42
58:               			{
59:               				sec = 0;
  004B    01F6    CLR	0x76
  004C    283C    JP	0x3C
60:               				UpData(0x01);
  0071    00F2    LD	0x72,A
61:               			}
62:               		}	
63:               	}
64:               }
65:               
66:               
67:               /**********************************************************
68:               函数名称：void interrupt
69:               函数功能：中断服务函数
70:               入口参数：无
71:               出口参数：无 
72:               备    注：
73:               **********************************************************/
74:               void interrupt Timer_Isr()
75:               {
76:               	static unsigned char tcount = 0;
77:               	
78:               	if(TMR2IF)
  0089    1283    CLRB	0x3,5
  008A    1303    CLRB	0x3,6
  008B    1C8D    SNZB	0xD,1
  008C    2895    JP	0x95
79:               	{
80:               		TMR2IF = 0;
  008D    108D    CLRB	0xD,1
81:               		if(++tcount >= 40)					//主循环定时设置为40*125us=5ms
  008E    3028    LDIA	0x28
  008F    0AF4    INCR	0x74
  0090    0274    SUBA	0x74
  0091    1C03    SNZB	0x3,0
  0092    2895    JP	0x95
82:               		{
83:               			tcount = 0;
  0093    01F4    CLR	0x74
84:               			B_MainLoop = 1;
  0094    1477    SETB	0x77,0
  0095    0871    LD	A,0x71
  0096    008A    LD	0xA,A
  0097    0E70    SWAPA	0x70
  0098    0083    LD	0x3,A
  0099    0EFE    SWAPR	0x7E
  009A    0E7E    SWAPA	0x7E
  009B    0009    RETI
85:               		}
86:               	}
87:               }
88:               
89:               
90:               /**********************************************************
91:               函数名称：void UpData(unsigned char Val)
92:               函数功能：点LCD屏
93:               入口参数：无
94:               出口参数：无 
95:               备    注：
96:               **********************************************************/
97:               
98:               void UpData(unsigned char Val)	
99:               {
100:              	volatile unsigned char i;
101:              			
102:              	for(i=0;i<=23;i++)
  0072    01F3    CLR	0x73
  0073    3018    LDIA	0x18
  0074    0273    SUBA	0x73
  0075    1803    SZB	0x3,0
  0076    2885    JP	0x85
103:              	{
104:              		
105:              		LCDCS=1; 	//允许读写LCD数据
  0077    1683    SETB	0x3,5
  0078    1703    SETB	0x3,6
  0079    179C    SETB	0x1C,7
106:              		LCDADD = (unsigned char)(LCDADD & 0xE0 | i);
  007A    081C    LD	A,0x1C
  007B    39E0    ANDIA	0xE0
  007C    0473    ORA	0x73
  007D    009C    LD	0x1C,A
107:              		LCDDATA = Val;
  007E    0872    LD	A,0x72
  007F    009D    LD	0x1D,A
  0080    0AF3    INCR	0x73
  0081    3018    LDIA	0x18
  0082    0273    SUBA	0x73
  0083    1C03    SNZB	0x3,0
  0084    2877    JP	0x77
108:              	}
109:              	LCDCS=0;	//禁止读写LCD数据
  0085    1683    SETB	0x3,5
  0086    1703    SETB	0x3,6
  0087    139C    CLRB	0x1C,7
  0088    0008    RET
110:              }
111:              
112:              
113:              /**********************************************************
114:              函数名称：Set_LCD_Moudle
115:              函数功能：初始化LED/LCD模块设置
116:              入口参数：无
117:              出口参数：无 
118:              备    注：
119:              **********************************************************/
120:              void Set_LCD_Moudle()
121:              {
122:              	TRISA |= 0XFF;			//LCD_SEG
  004D    30FF    LDIA	0xFF
  004E    1683    SETB	0x3,5
  004F    1303    CLRB	0x3,6
  0050    0085    LD	0x5,A
123:              	TRISB |= 0XFF;			//LCD_SEG
  0051    1283    CLRB	0x3,5
  0052    0085    LD	0x5,A
124:              	TRISC |= (0X0F);		//LCD_COM
  0053    300F    LDIA	0xF
  0054    1703    SETB	0x3,6
  0055    0485    ORR	0x5
125:              	TRISD |= (0XFF);		//LCD_SEG
  0056    30FF    LDIA	0xFF
  0057    0094    LD	0x14,A
126:              	CC0_RD	=	0;		//1= 使能下拉,如用RC2,3做LCD COM则必须关闭该口下拉
  0058    1683    SETB	0x3,5
  0059    1095    CLRB	0x15,1
127:              	CC1_RD	=	0;		//1= 使能下拉
  005A    1096    CLRB	0x16,1
128:              	LCDCON0 = 0B00010100;			//使能LCD,设置为4个COM,设置频率为FHSI/16384	
  005B    3014    LDIA	0x14
  005C    1283    CLRB	0x3,5
  005D    009D    LD	0x1D,A
129:              	/******* LEDCON0*****************************
130:              	Bit7  LCDEN:  LCD 模块使能
131:              		0:  禁止 LCD 模块
132:              		1:  使能 LCD 模块
133:              	Bit6  LEDEN:  LED 模块使能
134:              		0:  禁止 LED 模块
135:              		1:  使能 LED 模块。
136:              	Bit5~Bit3  COMSEL[2:0]:  LCD/LED 模块 COM 口个数选择
137:              			LCD 扫描模式  LED 扫描模式
138:              		000:  2COM 		 3COM
139:              		001:  3COM  	 4COM
140:              		010:  4COM  	 5COM
141:              		011:  5COM		 6COM
142:              		100:  6COM		 7COM
143:              		101:  6COM		 8COM
144:              		110:  6COM 		 9COM
145:              		111:  6COM		 10COM
146:              	Bit2~Bit0  LCDCLK[2:0]:  LCD/LED 扫描频率（根据 LCDCON1 的 LCDF<1:0>选择时钟源）
147:              				LED 扫描模式
148:              		000：  F HSI /1024||F LSI /2||F LSE /2
149:              		001：  F HSI /2048||F LSI /4||F LSE /4
150:              		010：  F HSI /4096||F LSI /8||F LSE /8
151:              		011：  F HSI /8192||F LSI /16||F LSE /16
152:              		100：  F HSI /16384||F LSI /32||F LSE /32
153:              		101：  F HSI /32768||F LSI /64||F LSE /64
154:              		110：  F HSI /65536||F LSI /128||F LSE /128
155:              		111：  F HSI /131072||F LSI /256||F LSE /256
156:              	**************************************************************************/
157:              	LCDCON1 = 0B01000000;					//1/3Bias,时钟源为FHSI
  005E    3040    LDIA	0x40
  005F    009E    LD	0x1E,A
158:              	/***************LCDCON1************************************************
159:              	Bit7  未用 
160:              	Bit6  BIAS:  LCD 偏置电压选择
161:              		0=  1/2BIAS
162:              		1=  1/3BIAS
163:              	Bit5~Bit4  未用 
164:              	Bit3~Bit2  FCCTLM<1:0>:  LCD 模式快速充电模式时间控制位
165:              		00=  1/8 COM 周期
166:              		01=  1/16 COM 周期
167:              		10=  1/32 COM 周期
168:              		11=  1/64 COM 周期
169:              	Bit1~Bit0  LCDF<1:0>:  LCD/LED 时钟源选择
170:              		0x:  F HSI
171:              		10:  F LSI
172:              		11:  F LSE
173:              	************************************************************************/
174:              	COMEN  = 0B00001111;			//COMEN的Bit0~5对应COM0~5
  0060    300F    LDIA	0xF
  0061    1683    SETB	0x3,5
  0062    009E    LD	0x1E,A
175:              	SEGEN0 = 0xff;					//SEGEN0对应SEG0~7
  0063    30FF    LDIA	0xFF
  0064    1303    CLRB	0x3,6
  0065    009E    LD	0x1E,A
176:              	SEGEN1 = 0xff;					//SEGEN1对应SEG8~15
  0066    1283    CLRB	0x3,5
  0067    1703    SETB	0x3,6
  0068    009F    LD	0x1F,A
177:              	SEGEN2 = 0xff;					//SEGEN1对应SEG16~23
  0069    1683    SETB	0x3,5
  006A    0081    LD	0x1,A
178:              	SEGEN3 = 0B01000000;			//SEG驱动电流选择为8mA
  006B    3040    LDIA	0x40
  006C    009F    LD	0x1F,A
179:              	/******************SEGEN3*******************************************
180:              	Bit7~Bit3  SEGDRI[4:0]:  SEG 口驱动电流设置
181:              		00000:  SEG 口驱动电流为 0mA
182:              		00001:  SEG 口驱动电流为 1mA
183:              		00010:  SEG 口驱动电流为 2mA
184:              		00011:  SEG 口驱动电流为 3mA
185:              		00100:  SEG 口驱动电流为 4mA
186:              		00101:  SEG 口驱动电流为 5mA
187:              		00110:  SEG 口驱动电流为 6mA
188:              		00111:  SEG 口驱动电流为 7mA
189:              		01000:  SEG 口驱动电流为 8mA
190:              		… 
191:              		11101:  SEG 口驱动电流为 29mA
192:              		11110:  SEG 口驱动电流为 30mA
193:              		11111:  SEG 口驱动电流为 45mA
194:              	Bit2~Bit1  未用 
195:              	Bit0  LCDDATA<8>:  LED 模式下，LED 数据的第 8 位
196:              	*******************************************************************/
197:              	LCDADD = 0B00000000;	//LCD功能内部分压电阻R = 10K
  006D    019C    CLR	0x1C
198:              							//如休眠状态需要点屏，建议分压电阻R 选择200K或900K
199:              	/***************LCDADD*******************
200:              	Bit7  LCDCS:  LCD/LED 数据读写使能
201:              		0:  禁止读写 LCD/LED 数据
202:              		1:  允许读写 LCD/LED 数据
203:              	Bit6~Bit5  B2RES<1:0>:  LCD 模式内部分压电阻选择
204:              		00=  R=10K
205:              		01=  R=50K
206:              		10=  R=200K(自动使能快速充电模式，在一个 COM 周期开始时 50K、200K 分压电阻同
207:              			时有效，经设定时间后 50K 分压电阻关闭，200K 分压电阻保持有效)
208:              		11=  R=900K(自动使能快速充电模式，在一个 COM 周期开始时 50K、900K 分压电阻同
209:              			时有效，经设定时间后 50K 分压电阻关闭，900K 分压电阻保持有效)
210:              		Bit4~Bit0  LCDADD<4:0>:  LCD/LED 地址选择
211:              								LCD/LED 地址范围 00H-017H
212:              	***********************************************************/
213:              	LCDEN = 1;				//1: 使能LCD模块
  006E    1283    CLRB	0x3,5
  006F    179D    SETB	0x1D,7
  0070    0008    RET
214:              }
215:              
---- stringtab ------------------------------------------------------------------
---- reset_enter ------------------------------------------------------------------
  0000    120A    CLRB	0xA,4
  0001    118A    CLRB	0xA,3
  0002    280C    JP	0xC
  000C    120A    CLRB	0xA,4
  000D    118A    CLRB	0xA,3
  000E    280F    JP	0xF
---- start_initialization ------------------------------------------------------------------
  000F    01F7    CLR	0x77
  0010    01F4    CLR	0x74
  0011    01F5    CLR	0x75
  0012    01F6    CLR	0x76
---- interrupt_function_enter ----------------------------------------------------------
  0004    00FE    LD	0x7E,A
  0005    0E03    SWAPA	0x3
  0006    00F0    LD	0x70,A
  0007    080A    LD	A,0xA
  0008    00F1    LD	0x71,A
  0009    120A    CLRB	0xA,4
  000A    118A    CLRB	0xA,3
  000B    2889    JP	0x89
---- common_function ------------------------------------------------------------------
  0013    0183    CLR	0x3
  0014    120A    CLRB	0xA,4
  0015    118A    CLRB	0xA,3
  0016    2817    JP	0x17
  0017    0000    NOP
  0018    0064    CLRWDT
