---- H:\MyDownloads\说明书&测试报告\开发包\SC8F096AD开发包\SC8F096_DEMO_C\SC8F096_IIC_Slave_Demo\SC8F096_IIC_Slave_C.c ----------------------------------------------------------------------
1:                /**********************************************************
2:                
3:                **********************************************************/
4:                
5:                #include <sc.h>
6:                
7:                
8:                
9:                volatile unsigned int   result,result1,result2;
10:               volatile unsigned char IICReadData;
11:               void DelayXms(unsigned char x);
12:               void Init_System();
13:               
14:               
15:               #define  SLAVE_ADRSS   0xa0
16:               
17:               /***********************************************************
18:               函数名称：DelayXms
19:               函数功能：毫秒级非精准延时
20:               入口参数：x - 延时时间
21:               出口参数：
22:               备    注：
23:               ***********************************************************/
24:               void DelayXms(unsigned char x)
25:               {
26:               	unsigned char i,j;
27:               	for(i=x;i>0;i--)
28:               		for(j=153;j>0;j--);
29:               }
30:               
31:               /***********************************************************
32:               main主函数
33:               ***********************************************************/
34:               
35:               
36:               
37:               void main()
38:               {
39:               	Init_System();
  0049    120A    CLRB	0xA,4
  004A    118A    CLRB	0xA,3
  004B    2033    CALL	0x33
40:               	TRISA |=  0B00000011;  //RA0 RA1输入态，做IIC 引脚时为开漏，需要外接上拉电阻
  004E    3003    LDIA	0x3
  004F    1683    SETB	0x3,5
  0050    0485    ORR	0x5
41:               	
42:               	/********** IICCON ***********************************
43:               	Bit7  IICWCOL:  写冲突检测位。
44:               		主控模式:  
45:               			1= 在IIC不满足开始发送数据的条件下，试图对IICBUF寄存器进行写操作。
46:               			0= 未发生冲突。
47:               		从动模式: 
48:               			1= 正在发送前一个字时，又对IICBUF寄存器进行写操作（必须由软件清零）。
49:               			0= 未发生冲突。
50:               	Bit6  IICOV:  接收溢出指示位。(仅在从动接收模式下有限)
51:               			1=  IICBUF寄存器仍保持前一数据时，又接收到一个新的字节。在发送模式下IICOV
52:               				位可为任意值（该位必须由软件清零）。
53:               			0=  没有溢出。
54:               	Bit5  IICEN:  IIC使能位（必须正确配置这些引脚为输入）。
55:               			1=  使能IIC并将SDA和SCL引脚配置为串行端口引脚。
56:               			0=  禁止IIC并将这些引脚配置为I/O端口引脚。
57:               	Bit4  IICCKP:  时钟极性选择位。
58:               		在IIC从动模式下:  SCK释放控制。
59:               			1 = 使能时钟。
60:               			0 = 保持时钟线为低电平（时钟延长）（用于确保数据建立时间）。
61:               		在IIC主控模式下:  在此模式下未使用。
62:               	Bit3~Bit2  IICTOS[1:0]:  IIC从动模式超时选择
63:               		00=  禁止IIC从动超时功能；
64:               		01=  使能IIC从动超时功能，超时时间为16ms，超时后复位IIC模块；
65:               		10=  使能IIC从动超时功能，超时时间为32ms，超时后复位IIC模块；
66:               		11=  使能IIC从动超时功能，超时时间为64ms，超时后复位IIC模块；
67:               	Bit1~Bit0  IICM<1:0>:  IIC模式选择位。
68:               		00=  IIC主控模式，时钟=  FCPU / (IICADD+4)；
69:               		01=  IIC从动模式，7位地址，不响应起始位和停止位中断；
70:               		10=  IIC从动模式，7位地址，并允许起始位和停止位中断；
71:               		11=  允许操作IICMSK寄存器
72:               	*************************************************/
73:               	IICCON =  0B00100001;  // IIC 使能  从机模式
  0051    3021    LDIA	0x21
  0052    1703    SETB	0x3,6
  0053    0090    LD	0x10,A
74:               	
75:                   IICADD = 0xa0;          // 
  0054    30A0    LDIA	0xA0
  0055    0094    LD	0x14,A
76:               	IICIE =1;
  0056    1283    CLRB	0x3,5
  0057    1610    SETB	0x10,4
77:               	PEIE =1;
  0058    170B    SETB	0xB,6
78:                   GIE =1;	
  0059    178B    SETB	0xB,7
79:               
80:               
81:               	while(1)
82:               	{
  005A    285A    JP	0x5A
83:               
84:               	}
85:               }
86:               
87:               
88:               
89:               /***********************************************
90:               函数名称：Init_System
91:               函数功能：系统初始化
92:               入口参数：无
93:               出口参数：无
94:               备注：
95:               ************************************************/
96:               void Init_System()
97:               {
98:               	asm("nop");
99:               	asm("clrwdt");
100:              	INTCON = 0;					//系统初始化
  0035    018B    CLR	0xB
101:              	OSCCON = 0X70;				//配置振荡为8M,开 WDT
  0036    3070    LDIA	0x70
  0037    1283    CLRB	0x3,5
  0038    1303    CLRB	0x3,6
  0039    0094    LD	0x14,A
102:              	OPTION_REG = 0;
  003A    0181    CLR	0x1
103:              	
104:                  WPUA  = 0B00000000;			//初始化上拉
  003B    1683    SETB	0x3,5
  003C    0188    CLR	0x8
105:                  WPUB  = 0B00001000;			
  003D    3008    LDIA	0x8
  003E    1283    CLRB	0x3,5
  003F    0088    LD	0x8,A
106:                
107:               
108:              	TRISA = 0B00000000;			//初始化IO状态
  0040    1683    SETB	0x3,5
  0041    0185    CLR	0x5
109:              	TRISB = 0B00001000;
  0042    1283    CLRB	0x3,5
  0043    0085    LD	0x5,A
110:              
111:              	PORTA = 0B00000000;
  0044    1683    SETB	0x3,5
  0045    0186    CLR	0x6
112:              	PORTB = 0B00000000;			//初始化输出
  0046    1283    CLRB	0x3,5
  0047    0186    CLR	0x6
  0048    0008    RET
113:              
114:              }
115:              
116:              /***********************************************
117:              函数名称：
118:              函数功能：IIC中断服务
119:              入口参数：无
120:              出口参数：无
121:              备注：
122:              ************************************************/
123:              void interrupt IIC_Isr()
124:              {
125:              	
126:              	if(IICIF==1)
  001A    1283    CLRB	0x3,5
  001B    1703    SETB	0x3,6
  001C    1E0F    SNZB	0xF,4
  001D    282C    JP	0x2C
127:              	{
128:              		IICIF =0;
  001E    120F    CLRB	0xF,4
129:              	
130:              		
131:              		if(RW==1)   //发送数据
  001F    1683    SETB	0x3,5
  0020    1D12    SNZB	0x12,2
  0021    2825    JP	0x25
132:              		{
133:              			IICBUF = 0x55;
  0022    3055    LDIA	0x55
  0023    0093    LD	0x13,A
134:              		}
  0024    282B    JP	0x2B
135:              		else
136:              		{
137:              			if(DA==0)  //地址匹配
  0025    1A92    SZB	0x12,5
  0026    2829    JP	0x29
138:              			{
139:              				IICBUF;
  0027    0813    LD	A,0x13
140:              				
141:              			}
  0028    282B    JP	0x2B
142:              			else
143:              			{
144:              				
145:              			  IICReadData = IICBUF;  //接收数据
  0029    0813    LD	A,0x13
  002A    00F6    LD	0x76,A
146:              			}
147:              		}
148:              			
149:              		
150:              		
151:              		IICCKP =1;
  002B    1610    SETB	0x10,4
  002C    0878    LD	A,0x78
  002D    008A    LD	0xA,A
  002E    0E77    SWAPA	0x77
  002F    0083    LD	0x3,A
  0030    0EFE    SWAPR	0x7E
  0031    0E7E    SWAPA	0x7E
  0032    0009    RETI
152:              	
153:              	}
154:              }
---- stringtab ------------------------------------------------------------------
---- reset_enter ------------------------------------------------------------------
  0000    120A    CLRB	0xA,4
  0001    118A    CLRB	0xA,3
  0002    280C    JP	0xC
  000C    120A    CLRB	0xA,4
  000D    118A    CLRB	0xA,3
  000E    280F    JP	0xF
---- start_initialization ------------------------------------------------------------------
  000F    01F0    CLR	0x70
  0010    01F1    CLR	0x71
  0011    01F2    CLR	0x72
  0012    01F3    CLR	0x73
  0013    01F4    CLR	0x74
  0014    01F5    CLR	0x75
  0015    01F6    CLR	0x76
---- interrupt_function_enter ----------------------------------------------------------
  0004    00FE    LD	0x7E,A
  0005    0E03    SWAPA	0x3
  0006    00F7    LD	0x77,A
  0007    080A    LD	A,0xA
  0008    00F8    LD	0x78,A
  0009    120A    CLRB	0xA,4
  000A    118A    CLRB	0xA,3
  000B    281A    JP	0x1A
---- common_function ------------------------------------------------------------------
  0016    0183    CLR	0x3
  0017    120A    CLRB	0xA,4
  0018    118A    CLRB	0xA,3
  0019    2849    JP	0x49
  0033    0000    NOP
  0034    0064    CLRWDT
