Microchip MPLAB XC8 Compiler V1.45 ()

Linker command line:

-W-9 \
  --edf=H:\MyDownloads\IDE_RAR\SCMCU_IDE_V2.00.16_Beta14\data\dat\en_msgs.txt \
  -cs -h+SC8P096_timer_C.sym --cmf=SC8P096_timer_C.cmf -z -QSC8F096 \
  -oC:\Users\ADMINI~1\AppData\Local\Temp\s968.2 -MSC8P096_timer_C.map -E1 \
  -ver=XC8 -ASTACK=020h-06fh -pstack=STACK -ACODE=00h-07FFhx4 \
  -ASTRCODE=00h-01FFFh -ASTRING=00h-0FFhx32 -ACONST=00h-0FFhx32 \
  -AENTRY=00h-0FFhx32 -ACOMMON=070h-07Fh -ABANK0=020h-06Fh \
  -ABANK1=0A0h-0EFh -ABANK2=0120h-016Fh -ABANK3=01A0h-01EFh \
  -ARAM=020h-06Fh,0A0h-0EFh,0120h-016Fh,01A0h-01EFh \
  -AABS1=020h-07Fh,0A0h-0EFh,0120h-016Fh,01A0h-01EFh -ASFR0=00h-01Fh \
  -ASFR1=080h-09Fh -ASFR2=0100h-011Fh -ASFR3=0180h-019Fh \
  -preset_vec=00h,intentry=04h,init,end_init -ppowerup=CODE -pcinit=CODE \
  -pfunctab=ENTRY -ACONFIG=02007h-02008h -pconfig=CONFIG -DCONFIG=2 \
  -AIDLOC=02000h-02003h -pidloc=IDLOC -DIDLOC=2 -DCODE=2 -DSTRCODE=2 \
  -DSTRING=2 -DCONST=2 -DENTRY=2 -k startup.obj SC8P096_timer_C.obj 

Object code version is 3.11

Machine type is SC8F096



                Name                               Link     Load   Length Selector   Space Scale
startup.obj     end_init                              C        C        3        8       0
                reset_vec                             0        0        3        0       0
SC8P096_timer_C.obj
                cinit                                 F        F        4        8       0
                intentry                              4        4        8        8       0
                text1                                2E       2E       11        8       0
                maintext                             13       13       1B        8       0
                cstackCOMMON                         70       70        2       70       1

TOTAL           Name                               Link     Load   Length     Space
        CLASS   STACK          

        CLASS   CODE           
                end_init                              C        C        3         0
                cinit                                 F        F        4         0
                intentry                              4        4        8         0
                reset_vec                             0        0        3         0
                text1                                2E       2E       11         0
                maintext                             13       13       1B         0

        CLASS   STRCODE        

        CLASS   STRING         

        CLASS   CONST          

        CLASS   ENTRY          

        CLASS   COMMON         
                cstackCOMMON                         70       70        2         1

        CLASS   BANK0          

        CLASS   BANK1          

        CLASS   BANK2          

        CLASS   BANK3          

        CLASS   RAM            

        CLASS   ABS1           
                abs_s1                               7E       7E        2         1

        CLASS   SFR0           

        CLASS   SFR1           

        CLASS   SFR2           

        CLASS   SFR3           

        CLASS   CONFIG         

        CLASS   IDLOC          

        CLASS   EEDATA         



SEGMENTS        Name                           Load    Length   Top    Selector   Space  Class     Delta

                reset_vec                      000000  000003  000003         0       0  CODE        2
                intentry                       000004  00003B  00003F         8       0  CODE        2
                cstackCOMMON                   000070  000002  000072        70       1  COMMON      1


UNUSED ADDRESS RANGES

        Name                Unused          Largest block    Delta
        BANK0            20-6F           50           1
        BANK1            A0-EF           50           1
        BANK2            120-16F           50           1
        BANK3            1A0-1EF           50           1
        CODE             03-03            1           2
                         3F-1FFF          800
        COMMON           72-7D            C           1
        CONFIG           2007-2008            2           2
        CONST            03-03            1           2
                         3F-1FFF          100
        ENTRY            03-03            1           2
                         3F-1FFF          100
        IDLOC            2000-2003            4           2
        RAM              20-6F           50           1
                         A0-EF           50
                         120-16F           50
                         1A0-1EF           50
        SFR0             00-1F           20           1
        SFR1             80-9F           20           1
        SFR2             100-11F           20           1
        SFR3             180-19F           20           1
        STACK            20-6F           50           1
        STRCODE          03-03            1           2
                         3F-1FFF         1FC1
        STRING           03-03            1           2
                         3F-1FFF          100

                                  Symbol Table

_GIE                     (abs)        5F
_IOCA                    (abs)        89
_IOCB                    (abs)        09
_OPTION_REG              (abs)        01
_OSCCON                  (abs)        14
_PORTB                   (abs)        06
_T0IE                    (abs)        5D
_T0IF                    (abs)        5A
_TMR0                    (abs)        81
_TRISA                   (abs)        85
_TRISB                   (abs)        05
_Timer0_Isr              text1        2E
_WPDA                    (abs)        87
_WPDB                    (abs)        07
_WPUA                    (abs)        88
_WPUB                    (abs)        08
__Habs1                  abs1         00
__Hbank0                 bank0        00
__Hbank1                 bank1        00
__Hbank2                 bank2        00
__Hbank3                 bank3        00
__Hcinit                 cinit        13
__Hclrtext               clrtext      00
__Hcode                  code         00
__Hcommon                common       00
__Hconfig                config       00
__HcstackCOMMON          cstackCOMMON 00
__Heeprom_data           eeprom_data  00
__Hend_init              end_init     0F
__Hfunctab               functab      00
__Hidloc                 idloc        00
__Hinit                  init         0C
__Hintentry              intentry     0C
__Hmaintext              maintext     00
__Hpa_nodes0             pa_nodes0    00
__Hpowerup               powerup      00
__Hram                   ram          00
__Hreset_vec             reset_vec    03
__Hsfr0                  sfr0         00
__Hsfr1                  sfr1         00
__Hsfr2                  sfr2         00
__Hsfr3                  sfr3         00
__Hspace_0               (abs)        3F
__Hspace_1               (abs)        72
__Hspace_2               (abs)        00
__Hspace_3               (abs)        00
__Hstack                 stack        00
__Hstrings               strings      00
__Htext                  text         00
__Labs1                  abs1         00
__Lbank0                 bank0        00
__Lbank1                 bank1        00
__Lbank2                 bank2        00
__Lbank3                 bank3        00
__Lcinit                 cinit        0F
__Lclrtext               clrtext      00
__Lcode                  code         00
__Lcommon                common       00
__Lconfig                config       00
__LcstackCOMMON          cstackCOMMON 00
__Leeprom_data           eeprom_data  00
__Lend_init              end_init     0C
__Lfunctab               functab      00
__Lidloc                 idloc        00
__Linit                  init         0C
__Lintentry              intentry     04
__Lmaintext              maintext     00
__Lpa_nodes0             pa_nodes0    00
__Lpowerup               powerup      00
__Lram                   ram          00
__Lreset_vec             reset_vec    00
__Lsfr0                  sfr0         00
__Lsfr1                  sfr1         00
__Lsfr2                  sfr2         00
__Lsfr3                  sfr3         00
__Lspace_0               (abs)        00
__Lspace_1               (abs)        00
__Lspace_2               (abs)        00
__Lspace_3               (abs)        00
__Lstack                 stack        00
__Lstrings               strings      00
__Ltext                  text         00
__S0                     (abs)        3F
__S1                     (abs)        72
__S2                     (abs)        00
___int_sp                stack        00
___latbits               (abs)        02
___sp                    stack        00
__end_of_Timer0_Isr      text1        3F
__end_of__initialization cinit        0F
__end_of_main            maintext     2E
__initialization         cinit        0F
__pcstackCOMMON          cstackCOMMON 70
__pintentry              intentry     04
__pmaintext              maintext     13
__ptext0                 text0        00
__ptext1                 text1        2E
__size_of_Timer0_Isr     (abs)        00
__size_of_main           (abs)        00
_main                    maintext     13
btemp                    (abs)        7E
end_of_initialization    cinit        0F
interrupt_function       intentry     04
intlevel0                functab      00
intlevel1                functab      00
intlevel2                functab      00
intlevel3                functab      00
intlevel4                functab      00
intlevel5                functab      00
reset_vec                reset_vec    00
saved_w                  (abs)        7E
stackhi                  (abs)        00
stacklo                  (abs)        00
start                    init         0C
start_initialization     cinit        0F
wtemp0                   (abs)        7E


FUNCTION INFORMATION:

 *************** function _main *****************
 Defined at:
		line 12 in file "H:\MyDownloads\说明书&测试报告\开发包\SC8F096开发包\SC8F096_DEMO_C\SC8F096_Timer_Demo\SC8P096_Timer0_C.c"
 Parameters:    Size  Location     Type
		None
 Auto vars:     Size  Location     Type
		None
 Return value:  Size  Location     Type
                  1    wreg      void 
 Registers used:
		wreg, status,2
 Tracked objects:
		On entry : 
		On exit  : 
		Unchanged: 
 Data sizes:     COMMON   BANK0   BANK1   BANK3   BANK2
      Params:         0       0       0       0       0
      Locals:         0       0       0       0       0
      Temps:          0       0       0       0       0
      Totals:         0       0       0       0       0
Total ram usage:        0 bytes
 Hardware stack levels required when called:    1
 This function calls:
		Nothing
 This function is called by:
		Startup code after reset
 This function uses a non-reentrant model


 *************** function _Timer0_Isr *****************
 Defined at:
		line 78 in file "H:\MyDownloads\说明书&测试报告\开发包\SC8F096开发包\SC8F096_DEMO_C\SC8F096_Timer_Demo\SC8P096_Timer0_C.c"
 Parameters:    Size  Location     Type
		None
 Auto vars:     Size  Location     Type
		None
 Return value:  Size  Location     Type
                  1    wreg      void 
 Registers used:
		wreg, status,2, status,0
 Tracked objects:
		On entry : 
		On exit  : 
		Unchanged: 
 Data sizes:     COMMON   BANK0   BANK1   BANK3   BANK2
      Params:         0       0       0       0       0
      Locals:         0       0       0       0       0
      Temps:          2       0       0       0       0
      Totals:         2       0       0       0       0
Total ram usage:        2 bytes
 Hardware stack levels used:    1
 This function calls:
		Nothing
 This function is called by:
		Interrupt level 1
 This function uses a non-reentrant model



MODULE INFORMATION

Module		Function		Class		Link	Load	Size
H:\MyDownloads\说明书&测试报告\开发包\SC8F096开发包\SC8F096_DEMO_C\SC8F096_Timer_Demo\SC8P096_Timer0_C.c
		_Timer0_Isr    		CODE           	002E	0000	18
		_main          		CODE           	0013	0000	28

H:\MyDownloads\说明书&测试报告\开发包\SC8F096开发包\SC8F096_DEMO_C\SC8F096_Timer_Demo\SC8P096_Timer0_C.c estimated size: 46

shared
		__initialization		CODE           	000F	0000	1

shared estimated size: 1

