Microchip MPLAB XC8 Compiler V1.45 ()

Linker command line:

-W-9 \
  --edf=D:\6.software\58.SCMCU_IDE\SCMCU_IDE_V2.00.16\data\dat\en_msgs.txt \
  -cs -h+SC8F096_ADC_Demo.sym --cmf=SC8F096_ADC_Demo.cmf -z -QSC8F096 \
  -oC:\Users\YQ23405\AppData\Local\Temp\sijg.2 -MSC8F096_ADC_Demo.map -E1 \
  -ver=XC8 -ASTACK=0120h-016fh -pstack=STACK -ACODE=00h-07FFhx4 \
  -ASTRCODE=00h-01FFFh -ASTRING=00h-0FFhx32 -ACONST=00h-0FFhx32 \
  -AENTRY=00h-0FFhx32 -ACOMMON=070h-07Fh -ABANK0=020h-06Fh \
  -ABANK1=0A0h-0EFh -ABANK2=0120h-016Fh -ABANK3=01A0h-01EFh \
  -ARAM=020h-06Fh,0A0h-0EFh,0120h-016Fh,01A0h-01EFh \
  -AABS1=020h-07Fh,0A0h-0EFh,0120h-016Fh,01A0h-01EFh -ASFR0=00h-01Fh \
  -ASFR1=080h-09Fh -ASFR2=0100h-011Fh -ASFR3=0180h-019Fh \
  -preset_vec=00h,intentry=04h,init,end_init -ppowerup=CODE -pcinit=CODE \
  -pfunctab=ENTRY -ACONFIG=02007h-02008h -pconfig=CONFIG -DCONFIG=2 \
  -AIDLOC=02000h-02003h -pidloc=IDLOC -DIDLOC=2 -DCODE=2 -DSTRCODE=2 \
  -DSTRING=2 -DCONST=2 -DENTRY=2 -k startup.obj SC8F096_ADC_Demo.obj 

Object code version is 3.11

Machine type is SC8F096



                Name                               Link     Load   Length Selector   Space Scale
startup.obj     end_init                              C        C        3        8       0
                reset_vec                             0        0        3        0       0
SC8F096_ADC_Demo.obj
                cinit                                 F        F        9        8       0
                intentry                              4        4        8        8       0
                text11                              7E2      7E2        B      EC8       0
                text10                              53F      53F       F3        8       0
                text9                               FCD      FCD       33     1F9A       0
                text8                               764      764       48      EC8       0
                text7                               7AC      7AC       36      EC8       0
                text6                               7ED      7ED        5      EC8       0
                text2                               632      632       CF        8       0
                maintext                             18       18      527        8       0
                cstackBANK0                          20       20       19       20       1
                cstackCOMMON                         70       70        B       70       1
                cstackBANK1                          A0       A0       39       A0       1
                bssBANK1                             D9       D9        3       A0       1
                strings                             701      701       63      E02       0

TOTAL           Name                               Link     Load   Length     Space
        CLASS   STACK          

        CLASS   CODE           
                end_init                              C        C        3         0
                cinit                                 F        F        9         0
                intentry                              4        4        8         0
                reset_vec                             0        0        3         0
                text11                              7E2      7E2        B         0
                text10                              53F      53F       F3         0
                text9                               FCD      FCD       33         0
                text8                               764      764       48         0
                text7                               7AC      7AC       36         0
                text6                               7ED      7ED        5         0
                text2                               632      632       CF         0
                maintext                             18       18      527         0

        CLASS   STRCODE        

        CLASS   STRING         
                strings                             701      701       63         0

        CLASS   CONST          

        CLASS   ENTRY          

        CLASS   COMMON         
                cstackCOMMON                         70       70        B         1

        CLASS   BANK0          
                cstackBANK0                          20       20       19         1

        CLASS   BANK1          
                cstackBANK1                          A0       A0       39         1
                bssBANK1                             D9       D9        3         1

        CLASS   BANK2          

        CLASS   BANK3          

        CLASS   RAM            

        CLASS   ABS1           
                abs_s1                               7E       7E        2         1

        CLASS   SFR0           

        CLASS   SFR1           

        CLASS   SFR2           

        CLASS   SFR3           

        CLASS   CONFIG         

        CLASS   IDLOC          

        CLASS   EEDATA         



SEGMENTS        Name                           Load    Length   Top    Selector   Space  Class     Delta

                reset_vec                      000000  000003  000003         0       0  CODE        2
                intentry                       000004  0006FD  000701         8       0  CODE        2
                cstackBANK0                    000020  000019  000039        20       1  BANK0       1
                cstackCOMMON                   000070  00000B  00007B        70       1  COMMON      1
                cstackBANK1                    0000A0  00003C  0000DC        A0       1  BANK1       1
                strings                        000701  000063  000764       E02       0  STRING      2
                text8                          000764  00008E  0007F2       EC8       0  CODE        2
                text9                          000FCD  000033  001000      1F9A       0  CODE        2


UNUSED ADDRESS RANGES

        Name                Unused          Largest block    Delta
        BANK0            0039-006F             37           1
        BANK1            00DC-00EF             14           1
        BANK2            0120-016F             50           1
        BANK3            01A0-01EF             50           1
        CODE             0003-0003              1           2
                         07F2-0FCC              E
                         1000-1FFF            800
        COMMON           007B-007D              3           1
        CONFIG           2007-2008              2           2
        CONST            0003-0003              1           2
                         07F2-0FCC            100
                         1000-1FFF            100
        ENTRY            0003-0003              1           2
                         07F2-0FCC            100
                         1000-1FFF            100
        IDLOC            2000-2003              4           2
        RAM              0039-006F             37           1
                         00DC-00EF             14
                         0120-016F             50
                         01A0-01EF             50
        SFR0             0000-001F             20           1
        SFR1             0080-009F             20           1
        SFR2             0100-011F             20           1
        SFR3             0180-019F             20           1
        STACK            0120-016F             50           1
        STRCODE          0003-0003              1           2
                         07F2-0FCC            7DB
                         1000-1FFF           1000
        STRING           0003-0003              1           2
                         07F2-0FCC            100
                         1000-1FFF            100

                                  Symbol Table

?___lldiv                  cstackBANK0  0024
?___lmul                   cstackCOMMON 0072
?___lwdiv                  cstackCOMMON 0072
?___lwmod                  cstackCOMMON 0072
ADC_Sample@ad_temp         cstackBANK0  002B
ADC_Sample@adch            cstackBANK0  0021
ADC_Sample@adldo           cstackCOMMON 0072
ADC_Sample@admax           cstackBANK0  0029
ADC_Sample@admin           cstackBANK0  0027
ADC_Sample@adsum           cstackBANK0  0023
ADC_Sample@i               cstackBANK0  0022
ADC_Sample@j               cstackBANK0  0020
PL10                       maintext     04CB
PL12                       text10       0623
PL14                       maintext     04DF
PL16                       maintext     04EE
PL18                       maintext     04FB
PL2                        maintext     0471
PL20                       maintext     0503
PL22                       maintext     050A
PL24                       maintext     0513
PL26                       maintext     051E
PL28                       maintext     0529
PL30                       maintext     0531
PL32                       maintext     0539
PL4                        maintext     047E
PL6                        maintext     049A
PL8                        maintext     04B3
_ADCON0                    (abs)        0095
_ADCON1                    (abs)        0096
_ADC_Sample                text10       053F
_ADRESH                    (abs)        0099
_ADRESL                    (abs)        0098
_ANSEL0                    (abs)        0093
_ANSEL1                    (abs)        0094
_ANSEL2                    (abs)        0109
_ANSEL3                    (abs)        008C
_CC0CON                    (abs)        0195
_CC1CON                    (abs)        0196
_CHS4                      (abs)        04B6
_GIE                       (abs)        005F
_GODONE                    (abs)        04A9
_INTCON                    (abs)        000B
_Init_System               text9        0FCD
_Isr_Timer                 text11       07E2
_LDO_EN                    (abs)        04B2
_OPTION_REG                (abs)        0001
_OSCCON                    (abs)        0014
_PORTA                     (abs)        0086
_PORTB                     (abs)        0006
_PORTC                     (abs)        0106
_PORTD                     (abs)        0107
_PR2                       (abs)        0011
_RC4                       (abs)        0834
_T2CON                     (abs)        0013
_TMR2IE                    (abs)        0071
_TMR2IF                    (abs)        0069
_TRISA                     (abs)        0085
_TRISB                     (abs)        0005
_TRISC                     (abs)        0105
_TRISD                     (abs)        0114
_WPUA                      (abs)        0088
_WPUB                      (abs)        0008
_WPUC                      (abs)        0108
_WPUD                      (abs)        0115
__Habs1                    abs1         0000
__Hbank0                   bank0        0000
__Hbank1                   bank1        0000
__Hbank2                   bank2        0000
__Hbank3                   bank3        0000
__HbssBANK1                bssBANK1     0000
__Hcinit                   cinit        0018
__Hclrtext                 clrtext      0000
__Hcode                    code         0000
__Hcommon                  common       0000
__Hconfig                  config       0000
__HcstackBANK0             cstackBANK0  0000
__HcstackBANK1             cstackBANK1  0000
__HcstackCOMMON            cstackCOMMON 0000
__Heeprom_data             eeprom_data  0000
__Hend_init                end_init     000F
__Hfunctab                 functab      0000
__Hidloc                   idloc        0000
__Hinit                    init         000C
__Hintentry                intentry     000C
__Hmaintext                maintext     0000
__Hpa_nodes0               pa_nodes0    0000
__Hpowerup                 powerup      0000
__Hram                     ram          0000
__Hreset_vec               reset_vec    0003
__Hsfr0                    sfr0         0000
__Hsfr1                    sfr1         0000
__Hsfr2                    sfr2         0000
__Hsfr3                    sfr3         0000
__Hspace_0                 (abs)        1000
__Hspace_1                 (abs)        00DC
__Hspace_2                 (abs)        0000
__Hspace_3                 (abs)        0000
__Hstack                   stack        0000
__Hstrings                 strings      0000
__Htext                    text         0000
__Labs1                    abs1         0000
__Lbank0                   bank0        0000
__Lbank1                   bank1        0000
__Lbank2                   bank2        0000
__Lbank3                   bank3        0000
__LbssBANK1                bssBANK1     0000
__Lcinit                   cinit        000F
__Lclrtext                 clrtext      0000
__Lcode                    code         0000
__Lcommon                  common       0000
__Lconfig                  config       0000
__LcstackBANK0             cstackBANK0  0000
__LcstackBANK1             cstackBANK1  0000
__LcstackCOMMON            cstackCOMMON 0000
__Leeprom_data             eeprom_data  0000
__Lend_init                end_init     000C
__Lfunctab                 functab      0000
__Lidloc                   idloc        0000
__Linit                    init         000C
__Lintentry                intentry     0004
__Lmaintext                maintext     0000
__Lpa_nodes0               pa_nodes0    0000
__Lpowerup                 powerup      0000
__Lram                     ram          0000
__Lreset_vec               reset_vec    0000
__Lsfr0                    sfr0         0000
__Lsfr1                    sfr1         0000
__Lsfr2                    sfr2         0000
__Lsfr3                    sfr3         0000
__Lspace_0                 (abs)        0000
__Lspace_1                 (abs)        0000
__Lspace_2                 (abs)        0000
__Lspace_3                 (abs)        0000
__Lstack                   stack        0000
__Lstrings                 strings      0000
__Ltext                    text         0000
__S0                       (abs)        1000
__S1                       (abs)        00DC
__S2                       (abs)        0000
___int_sp                  stack        0000
___latbits                 (abs)        0002
___lldiv                   text8        0764
___lldiv@counter           cstackBANK0  0030
___lldiv@dividend          cstackBANK0  0028
___lldiv@divisor           cstackBANK0  0024
___lldiv@quotient          cstackBANK0  002C
___lmul                    text7        07AC
___lmul@multiplicand       cstackCOMMON 0076
___lmul@multiplier         cstackCOMMON 0072
___lmul@product            cstackBANK0  0020
___lwdiv                   text2        06B3
___lwdiv@counter           cstackCOMMON 0078
___lwdiv@dividend          cstackCOMMON 0074
___lwdiv@divisor           cstackCOMMON 0072
___lwdiv@quotient          cstackCOMMON 0076
___lwmod                   text2        06DD
___lwmod@counter           cstackCOMMON 0076
___lwmod@dividend          cstackCOMMON 0074
___lwmod@divisor           cstackCOMMON 0072
___sp                      stack        0000
__end_ofPL10               maintext     04DF
__end_ofPL12               text10       0632
__end_ofPL14               maintext     04EE
__end_ofPL16               maintext     04FB
__end_ofPL18               maintext     0503
__end_ofPL2                maintext     047E
__end_ofPL20               maintext     050A
__end_ofPL22               maintext     0513
__end_ofPL24               maintext     051E
__end_ofPL26               maintext     0529
__end_ofPL28               maintext     0531
__end_ofPL30               maintext     0539
__end_ofPL32               maintext     053F
__end_ofPL4                maintext     049A
__end_ofPL6                maintext     04B3
__end_ofPL8                maintext     04CB
__end_of_ADC_Sample        text10       0623
__end_of_Init_System       text9        1000
__end_of_Isr_Timer         text11       07ED
__end_of___lldiv           text8        07AC
__end_of___lmul            text7        07E2
__end_of___lwdiv           text2        06DD
__end_of___lwmod           text2        0701
__end_of__initialization   cinit        0014
__end_of__stringtab        strings      0707
__end_of_main              maintext     0471
__end_of_sw_uart_init      text6        07F2
__end_of_uart_send_char    text2        06B3
__end_of_uart_send_number  text2        0672
__end_of_uart_send_string  text2        0689
__initialization           cinit        000F
__pbssBANK1                bssBANK1     00D9
__pcstackBANK0             cstackBANK0  0020
__pcstackBANK1             cstackBANK1  00A0
__pcstackCOMMON            cstackCOMMON 0070
__pintentry                intentry     0004
__pmaintext                maintext     0018
__pstrings                 strings      0701
__ptext0                   text0        0000
__ptext1                   text2        0672
__ptext10                  text10       053F
__ptext11                  text11       07E2
__ptext2                   text2        0632
__ptext3                   text2        0689
__ptext4                   text2        06DD
__ptext5                   text2        06B3
__ptext6                   text6        07ED
__ptext7                   text7        07AC
__ptext8                   text8        0764
__ptext9                   text9        0FCD
__size_of_ADC_Sample       (abs)        0000
__size_of_Init_System      (abs)        0000
__size_of_Isr_Timer        (abs)        0000
__size_of___lldiv          (abs)        0000
__size_of___lmul           (abs)        0000
__size_of___lwdiv          (abs)        0000
__size_of___lwmod          (abs)        0000
__size_of_main             (abs)        0000
__size_of_sw_uart_init     (abs)        0000
__size_of_uart_send_char   (abs)        0000
__size_of_uart_send_number (abs)        0000
__size_of_uart_send_string (abs)        0000
__stringbase               strings      0706
__stringtab                strings      0701
_adresult                  bssBANK1     00DA
_main                      maintext     0018
_main$526                  cstackBANK1  00A4
_main$527                  cstackBANK1  00A6
_sw_uart_init              text6        07ED
_test_adc                  bssBANK1     00D9
_uart_send_char            text2        0689
_uart_send_number          text2        0632
_uart_send_string          text2        0672
btemp                      (abs)        007E
end_of_initialization      cinit        0014
interrupt_function         intentry     0004
intlevel0                  functab      0000
intlevel1                  functab      0000
intlevel2                  functab      0000
intlevel3                  functab      0000
intlevel4                  functab      0000
intlevel5                  functab      0000
main@bat_mv                cstackBANK1  00CC
main@bat_mv_198            cstackBANK1  00D0
main@bx                    cstackBANK1  00D8
main@ntc_adc               cstackBANK1  00D4
main@pt                    cstackBANK1  00A0
main@rt                    cstackBANK1  00C4
main@temp_x10              cstackBANK1  00C2
main@tick                  cstackBANK1  00A8
main@vcc_mv                cstackBANK1  00D6
main@vdd_buf               cstackBANK1  00AA
main@vx_mv                 cstackBANK1  00C8
main@vx_mv_199             cstackBANK1  00CA
reset_vec                  reset_vec    0000
saved_w                    (abs)        007E
stackhi                    (abs)        0000
stacklo                    (abs)        0000
start                      init         000C
start_initialization       cinit        000F
uart_send_char@c           cstackCOMMON 0073
uart_send_char@i           cstackCOMMON 0074
uart_send_number@buf       cstackBANK0  0020
uart_send_number@i         cstackBANK0  0026
uart_send_number@j         cstackBANK0  0027
uart_send_number@num       cstackCOMMON 0079
uart_send_string@str       cstackCOMMON 0075
wtemp0                     (abs)        007E


FUNCTION INFORMATION:

 *************** function _main *****************
 Defined at:
		line 168 in file "E:\1.workspace\7.other\17.charge_demo\charge_demo\09-test\SC8F096_ADC_Demo\SC8F096_ADC.c"
 Parameters:    Size  Location     Type
		None
 Auto vars:     Size  Location     Type
  rt              4   36[BANK1 ] unsigned long 
  temp_x10        2   34[BANK1 ] unsigned int 
  bat_mv          4   48[BANK1 ] unsigned long 
  vx_mv           2   42[BANK1 ] unsigned int 
  bat_mv          4   44[BANK1 ] unsigned long 
  vx_mv           2   40[BANK1 ] unsigned int 
  ntc_adc         2   52[BANK1 ] unsigned int 
  pt              4    0[BANK1 ] unsigned long 
  vdd_buf        24   10[BANK1 ] unsigned int [12]
  vcc_mv          2   54[BANK1 ] unsigned int 
  tick            2    8[BANK1 ] unsigned int 
  bx              1   56[BANK1 ] unsigned char 
 Return value:  Size  Location     Type
                  1    wreg      void 
 Registers used:
		wreg, fsr0l, fsr0h, status,2, status,0, pclath, cstack
 Tracked objects:
		On entry : 
		On exit  : 
		Unchanged: 
 Data sizes:     COMMON   BANK0   BANK1   BANK3   BANK2
      Params:         0       0       0       0       0
      Locals:         0       0      57       0       0
      Temps:          0       8       0       0       0
      Totals:         0       8      57       0       0
Total ram usage:       65 bytes
 Hardware stack levels required when called:    3
 This function calls:
		_ADC_Sample
		_Init_System
		___lldiv
		___lmul
		___lwdiv
		___lwmod
		_sw_uart_init
		_uart_send_number
		_uart_send_string
 This function is called by:
		Startup code after reset
 This function uses a non-reentrant model


 *************** function _uart_send_string *****************
 Defined at:
		line 151 in file "E:\1.workspace\7.other\17.charge_demo\charge_demo\09-test\SC8F096_ADC_Demo\SC8F096_ADC.c"
 Parameters:    Size  Location     Type
  str             1    wreg     PTR const unsigned char 
		 -> STR_34(5), STR_33(8), STR_32(2), STR_31(2), 
		 -> STR_30(4), STR_29(8), STR_28(9), STR_27(6), 
		 -> STR_26(2), STR_25(5), STR_24(4), STR_23(2), 
		 -> STR_22(2), STR_21(5), STR_20(6), STR_19(2), 
		 -> STR_18(2), STR_17(6), STR_16(2), STR_15(2), 
		 -> STR_14(4), STR_13(2), STR_12(4), STR_11(4), 
		 -> STR_10(2), STR_9(2), STR_8(4), STR_7(6), 
		 -> STR_6(2), STR_5(2), STR_4(6), STR_3(2), 
		 -> STR_2(2), STR_1(18), 
 Auto vars:     Size  Location     Type
  str             1    5[COMMON] PTR const unsigned char 
		 -> STR_34(5), STR_33(8), STR_32(2), STR_31(2), 
		 -> STR_30(4), STR_29(8), STR_28(9), STR_27(6), 
		 -> STR_26(2), STR_25(5), STR_24(4), STR_23(2), 
		 -> STR_22(2), STR_21(5), STR_20(6), STR_19(2), 
		 -> STR_18(2), STR_17(6), STR_16(2), STR_15(2), 
		 -> STR_14(4), STR_13(2), STR_12(4), STR_11(4), 
		 -> STR_10(2), STR_9(2), STR_8(4), STR_7(6), 
		 -> STR_6(2), STR_5(2), STR_4(6), STR_3(2), 
		 -> STR_2(2), STR_1(18), 
 Return value:  Size  Location     Type
                  1    wreg      void 
 Registers used:
		wreg, fsr0l, fsr0h, status,2, status,0, pclath, cstack
 Tracked objects:
		On entry : 
		On exit  : 
		Unchanged: 
 Data sizes:     COMMON   BANK0   BANK1   BANK3   BANK2
      Params:         0       0       0       0       0
      Locals:         1       0       0       0       0
      Temps:          0       0       0       0       0
      Totals:         1       0       0       0       0
Total ram usage:        1 bytes
 Hardware stack levels used:    1
 Hardware stack levels required when called:    2
 This function calls:
		_uart_send_char
 This function is called by:
		_main
 This function uses a non-reentrant model


 *************** function _uart_send_number *****************
 Defined at:
		line 156 in file "E:\1.workspace\7.other\17.charge_demo\charge_demo\09-test\SC8F096_ADC_Demo\SC8F096_ADC.c"
 Parameters:    Size  Location     Type
  num             2    9[COMMON] unsigned int 
 Auto vars:     Size  Location     Type
  buf             6    0[BANK0 ] unsigned char [6]
  j               1    7[BANK0 ] unsigned char 
  i               1    6[BANK0 ] unsigned char 
 Return value:  Size  Location     Type
                  1    wreg      void 
 Registers used:
		wreg, fsr0l, fsr0h, status,2, status,0, pclath, cstack
 Tracked objects:
		On entry : 
		On exit  : 
		Unchanged: 
 Data sizes:     COMMON   BANK0   BANK1   BANK3   BANK2
      Params:         2       0       0       0       0
      Locals:         0       8       0       0       0
      Temps:          0       0       0       0       0
      Totals:         2       8       0       0       0
Total ram usage:       10 bytes
 Hardware stack levels used:    1
 Hardware stack levels required when called:    2
 This function calls:
		___lwdiv
		___lwmod
		_uart_send_char
 This function is called by:
		_main
 This function uses a non-reentrant model


 *************** function _uart_send_char *****************
 Defined at:
		line 134 in file "E:\1.workspace\7.other\17.charge_demo\charge_demo\09-test\SC8F096_ADC_Demo\SC8F096_ADC.c"
 Parameters:    Size  Location     Type
  c               1    wreg     unsigned char 
 Auto vars:     Size  Location     Type
  c               1    3[COMMON] unsigned char 
  i               1    4[COMMON] unsigned char 
 Return value:  Size  Location     Type
                  1    wreg      void 
 Registers used:
		wreg, status,2, status,0
 Tracked objects:
		On entry : 
		On exit  : 
		Unchanged: 
 Data sizes:     COMMON   BANK0   BANK1   BANK3   BANK2
      Params:         0       0       0       0       0
      Locals:         2       0       0       0       0
      Temps:          1       0       0       0       0
      Totals:         3       0       0       0       0
Total ram usage:        3 bytes
 Hardware stack levels used:    1
 Hardware stack levels required when called:    1
 This function calls:
		Nothing
 This function is called by:
		_uart_send_string
		_uart_send_number
 This function uses a non-reentrant model


 *************** function ___lwmod *****************
 Defined at:
		line 6 in file "D:\6.software\58.SCMCU_IDE\SCMCU_IDE_V2.00.16\data\sources\common\lwmod.c"
 Parameters:    Size  Location     Type
  divisor         2    2[COMMON] unsigned int 
  dividend        2    4[COMMON] unsigned int 
 Auto vars:     Size  Location     Type
  counter         1    6[COMMON] unsigned char 
 Return value:  Size  Location     Type
                  2    2[COMMON] unsigned int 
 Registers used:
		wreg, status,2, status,0
 Tracked objects:
		On entry : 
		On exit  : 
		Unchanged: 
 Data sizes:     COMMON   BANK0   BANK1   BANK3   BANK2
      Params:         4       0       0       0       0
      Locals:         1       0       0       0       0
      Temps:          0       0       0       0       0
      Totals:         5       0       0       0       0
Total ram usage:        5 bytes
 Hardware stack levels used:    1
 Hardware stack levels required when called:    1
 This function calls:
		Nothing
 This function is called by:
		_uart_send_number
		_main
 This function uses a non-reentrant model


 *************** function ___lwdiv *****************
 Defined at:
		line 6 in file "D:\6.software\58.SCMCU_IDE\SCMCU_IDE_V2.00.16\data\sources\common\lwdiv.c"
 Parameters:    Size  Location     Type
  divisor         2    2[COMMON] unsigned int 
  dividend        2    4[COMMON] unsigned int 
 Auto vars:     Size  Location     Type
  quotient        2    6[COMMON] unsigned int 
  counter         1    8[COMMON] unsigned char 
 Return value:  Size  Location     Type
                  2    2[COMMON] unsigned int 
 Registers used:
		wreg, status,2, status,0
 Tracked objects:
		On entry : 
		On exit  : 
		Unchanged: 
 Data sizes:     COMMON   BANK0   BANK1   BANK3   BANK2
      Params:         4       0       0       0       0
      Locals:         3       0       0       0       0
      Temps:          0       0       0       0       0
      Totals:         7       0       0       0       0
Total ram usage:        7 bytes
 Hardware stack levels used:    1
 Hardware stack levels required when called:    1
 This function calls:
		Nothing
 This function is called by:
		_uart_send_number
		_main
 This function uses a non-reentrant model


 *************** function _sw_uart_init *****************
 Defined at:
		line 127 in file "E:\1.workspace\7.other\17.charge_demo\charge_demo\09-test\SC8F096_ADC_Demo\SC8F096_ADC.c"
 Parameters:    Size  Location     Type
		None
 Auto vars:     Size  Location     Type
		None
 Return value:  Size  Location     Type
                  1    wreg      void 
 Registers used:
		None
 Tracked objects:
		On entry : 
		On exit  : 
		Unchanged: 
 Data sizes:     COMMON   BANK0   BANK1   BANK3   BANK2
      Params:         0       0       0       0       0
      Locals:         0       0       0       0       0
      Temps:          0       0       0       0       0
      Totals:         0       0       0       0       0
Total ram usage:        0 bytes
 Hardware stack levels used:    1
 Hardware stack levels required when called:    1
 This function calls:
		Nothing
 This function is called by:
		_main
 This function uses a non-reentrant model


 *************** function ___lmul *****************
 Defined at:
		line 15 in file "D:\6.software\58.SCMCU_IDE\SCMCU_IDE_V2.00.16\data\sources\common\Umul32.c"
 Parameters:    Size  Location     Type
  multiplier      4    2[COMMON] unsigned long 
  multiplicand    4    6[COMMON] unsigned long 
 Auto vars:     Size  Location     Type
  product         4    0[BANK0 ] unsigned long 
 Return value:  Size  Location     Type
                  4    2[COMMON] unsigned long 
 Registers used:
		wreg, status,2, status,0
 Tracked objects:
		On entry : 
		On exit  : 
		Unchanged: 
 Data sizes:     COMMON   BANK0   BANK1   BANK3   BANK2
      Params:         8       0       0       0       0
      Locals:         0       4       0       0       0
      Temps:          0       0       0       0       0
      Totals:         8       4       0       0       0
Total ram usage:       12 bytes
 Hardware stack levels used:    1
 Hardware stack levels required when called:    1
 This function calls:
		Nothing
 This function is called by:
		_main
 This function uses a non-reentrant model


 *************** function ___lldiv *****************
 Defined at:
		line 6 in file "D:\6.software\58.SCMCU_IDE\SCMCU_IDE_V2.00.16\data\sources\common\lldiv.c"
 Parameters:    Size  Location     Type
  divisor         4    4[BANK0 ] unsigned long 
  dividend        4    8[BANK0 ] unsigned long 
 Auto vars:     Size  Location     Type
  quotient        4   12[BANK0 ] unsigned long 
  counter         1   16[BANK0 ] unsigned char 
 Return value:  Size  Location     Type
                  4    4[BANK0 ] unsigned long 
 Registers used:
		wreg, status,2, status,0
 Tracked objects:
		On entry : 
		On exit  : 
		Unchanged: 
 Data sizes:     COMMON   BANK0   BANK1   BANK3   BANK2
      Params:         0       8       0       0       0
      Locals:         0       5       0       0       0
      Temps:          0       0       0       0       0
      Totals:         0      13       0       0       0
Total ram usage:       13 bytes
 Hardware stack levels used:    1
 Hardware stack levels required when called:    1
 This function calls:
		Nothing
 This function is called by:
		_main
 This function uses a non-reentrant model


 *************** function _Init_System *****************
 Defined at:
		line 366 in file "E:\1.workspace\7.other\17.charge_demo\charge_demo\09-test\SC8F096_ADC_Demo\SC8F096_ADC.c"
 Parameters:    Size  Location     Type
		None
 Auto vars:     Size  Location     Type
		None
 Return value:  Size  Location     Type
                  1    wreg      void 
 Registers used:
		wreg, status,2
 Tracked objects:
		On entry : 
		On exit  : 
		Unchanged: 
 Data sizes:     COMMON   BANK0   BANK1   BANK3   BANK2
      Params:         0       0       0       0       0
      Locals:         0       0       0       0       0
      Temps:          0       0       0       0       0
      Totals:         0       0       0       0       0
Total ram usage:        0 bytes
 Hardware stack levels used:    1
 Hardware stack levels required when called:    1
 This function calls:
		Nothing
 This function is called by:
		_main
 This function uses a non-reentrant model


 *************** function _ADC_Sample *****************
 Defined at:
		line 61 in file "E:\1.workspace\7.other\17.charge_demo\charge_demo\09-test\SC8F096_ADC_Demo\SC8F096_ADC.c"
 Parameters:    Size  Location     Type
  adch            1    wreg     unsigned char 
  adldo           1    2[COMMON] unsigned char 
 Auto vars:     Size  Location     Type
  adch            1    1[BANK0 ] unsigned char 
  j               1    0[BANK0 ] unsigned char 
  adsum           4    3[BANK0 ] volatile unsigned long 
  ad_temp         2   11[BANK0 ] volatile unsigned int 
  admax           2    9[BANK0 ] volatile unsigned int 
  admin           2    7[BANK0 ] volatile unsigned int 
  i               1    2[BANK0 ] unsigned char 
 Return value:  Size  Location     Type
                  1    wreg      unsigned char 
 Registers used:
		wreg, status,2, status,0
 Tracked objects:
		On entry : 
		On exit  : 
		Unchanged: 
 Data sizes:     COMMON   BANK0   BANK1   BANK3   BANK2
      Params:         1       0       0       0       0
      Locals:         0      13       0       0       0
      Temps:          4       0       0       0       0
      Totals:         5      13       0       0       0
Total ram usage:       18 bytes
 Hardware stack levels used:    1
 Hardware stack levels required when called:    1
 This function calls:
		Nothing
 This function is called by:
		_main
 This function uses a non-reentrant model


 *************** function _Isr_Timer *****************
 Defined at:
		line 397 in file "E:\1.workspace\7.other\17.charge_demo\charge_demo\09-test\SC8F096_ADC_Demo\SC8F096_ADC.c"
 Parameters:    Size  Location     Type
		None
 Auto vars:     Size  Location     Type
		None
 Return value:  Size  Location     Type
                  1    wreg      void 
 Registers used:
		None
 Tracked objects:
		On entry : 
		On exit  : 
		Unchanged: 
 Data sizes:     COMMON   BANK0   BANK1   BANK3   BANK2
      Params:         0       0       0       0       0
      Locals:         0       0       0       0       0
      Temps:          2       0       0       0       0
      Totals:         2       0       0       0       0
Total ram usage:        2 bytes
 Hardware stack levels used:    1
 This function calls:
		Nothing
 This function is called by:
		Interrupt level 1
 This function uses a non-reentrant model



MODULE INFORMATION

Module		Function		Class		Link	Load	Size
E:\1.workspace\7.other\17.charge_demo\charge_demo\09-test\SC8F096_ADC_Demo\SC8F096_ADC.c
		_main          		CODE           	0018	0000	1114
		_sw_uart_init  		CODE           	07ED	0000	6
		_uart_send_string		CODE           	0672	0000	24
		_uart_send_number		CODE           	0632	0000	65
		_Init_System   		CODE           	0FCD	0000	52
		_ADC_Sample    		CODE           	053F	0000	229
		_uart_send_char		CODE           	0689	0000	43
		_Isr_Timer     		CODE           	07E2	0000	12

E:\1.workspace\7.other\17.charge_demo\charge_demo\09-test\SC8F096_ADC_Demo\SC8F096_ADC.c estimated size: 1545

D:\6.software\58.SCMCU_IDE\SCMCU_IDE_V2.00.16\data\sources\common\lwmod.c
		___lwmod       		CODE           	06DD	0000	37

D:\6.software\58.SCMCU_IDE\SCMCU_IDE_V2.00.16\data\sources\common\lwmod.c estimated size: 37

shared
		PL12           		CODE           	0623	0000	16
		PL8            		CODE           	04B3	0000	25
		PL22           		CODE           	050A	0000	10
		PL32           		CODE           	0539	0000	7
		PL14           		CODE           	04DF	0000	16
		PL24           		CODE           	0513	0000	12
		__stringtab    		STRING         	0701	0000	7
		PL16           		CODE           	04EE	0000	14
		PL26           		CODE           	051E	0000	12
		PL18           		CODE           	04FB	0000	9
		PL28           		CODE           	0529	0000	9
		__initialization		CODE           	000F	0000	6
		PL2            		CODE           	0471	0000	14
		PL10           		CODE           	04CB	0000	21
		PL4            		CODE           	047E	0000	29
		PL20           		CODE           	0503	0000	8
		PL30           		CODE           	0531	0000	9
		PL6            		CODE           	049A	0000	26

shared estimated size: 250

D:\6.software\58.SCMCU_IDE\SCMCU_IDE_V2.00.16\data\sources\common\lwdiv.c
		___lwdiv       		CODE           	06B3	0000	43

D:\6.software\58.SCMCU_IDE\SCMCU_IDE_V2.00.16\data\sources\common\lwdiv.c estimated size: 43

D:\6.software\58.SCMCU_IDE\SCMCU_IDE_V2.00.16\data\sources\common\lldiv.c
		___lldiv       		CODE           	0764	0000	73

D:\6.software\58.SCMCU_IDE\SCMCU_IDE_V2.00.16\data\sources\common\lldiv.c estimated size: 73

D:\6.software\58.SCMCU_IDE\SCMCU_IDE_V2.00.16\data\sources\common\Umul32.c
		___lmul        		CODE           	07AC	0000	55

D:\6.software\58.SCMCU_IDE\SCMCU_IDE_V2.00.16\data\sources\common\Umul32.c estimated size: 55

