Microchip MPLAB XC8 Compiler V1.45 ()

Linker command line:

-W-9 \
  --edf=H:\MyDownloads\IDE_RAR\SCMCU_IDE_V2.00.16_Beta14\data\dat\en_msgs.txt \
  -cs -h+SC8F096_Lcd_Demo.sym --cmf=SC8F096_Lcd_Demo.cmf -z -QSC8F096 \
  -oC:\Users\ADMINI~1\AppData\Local\Temp\so0.2 -MSC8F096_Lcd_Demo.map -E1 \
  -ver=XC8 -ASTACK=020h-06fh -pstack=STACK -ACODE=00h-07FFhx4 \
  -ASTRCODE=00h-01FFFh -ASTRING=00h-0FFhx32 -ACONST=00h-0FFhx32 \
  -AENTRY=00h-0FFhx32 -ACOMMON=070h-07Fh -ABANK0=020h-06Fh \
  -ABANK1=0A0h-0EFh -ABANK2=0120h-016Fh -ABANK3=01A0h-01EFh \
  -ARAM=020h-06Fh,0A0h-0EFh,0120h-016Fh,01A0h-01EFh \
  -AABS1=020h-07Fh,0A0h-0EFh,0120h-016Fh,01A0h-01EFh -ASFR0=00h-01Fh \
  -ASFR1=080h-09Fh -ASFR2=0100h-011Fh -ASFR3=0180h-019Fh \
  -preset_vec=00h,intentry=04h,init,end_init -ppowerup=CODE -pcinit=CODE \
  -pfunctab=ENTRY -ACONFIG=02007h-02008h -pconfig=CONFIG -DCONFIG=2 \
  -AIDLOC=02000h-02003h -pidloc=IDLOC -DIDLOC=2 -DCODE=2 -DSTRCODE=2 \
  -DSTRING=2 -DCONST=2 -DENTRY=2 -k startup.obj SC8F096_Lcd_Demo.obj 

Object code version is 3.11

Machine type is SC8F096



                Name                               Link     Load   Length Selector   Space Scale
startup.obj     end_init                              C        C        3        8       0
                reset_vec                             0        0        3        0       0
SC8F096_Lcd_Demo.obj
                cinit                                 F        F        8        8       0
                intentry                              4        4        8        8       0
                text3                                89       89       13        8       0
                text2                                4D       4D       24        8       0
                text1                                71       71       18        8       0
                maintext                             17       17       36        8       0
                cstackCOMMON                         70       70        4       70       1
                bssCOMMON                            74       74        3       70       1
                bitbssCOMMON                        3B8       77        1       70       1     8

TOTAL           Name                               Link     Load   Length     Space
        CLASS   STACK          

        CLASS   CODE           
                end_init                              C        C        3         0
                cinit                                 F        F        8         0
                intentry                              4        4        8         0
                reset_vec                             0        0        3         0
                text3                                89       89       13         0
                text2                                4D       4D       24         0
                text1                                71       71       18         0
                maintext                             17       17       36         0

        CLASS   STRCODE        

        CLASS   STRING         

        CLASS   CONST          

        CLASS   ENTRY          

        CLASS   COMMON         
                cstackCOMMON                         70       70        4         1
                bssCOMMON                            74       74        3         1
                bitbssCOMMON                        3B8       77        1         1

        CLASS   BANK0          

        CLASS   BANK1          

        CLASS   BANK2          

        CLASS   BANK3          

        CLASS   RAM            

        CLASS   ABS1           
                abs_s1                               7E       7E        2         1

        CLASS   SFR0           

        CLASS   SFR1           

        CLASS   SFR2           

        CLASS   SFR3           

        CLASS   CONFIG         

        CLASS   IDLOC          

        CLASS   EEDATA         



SEGMENTS        Name                           Load    Length   Top    Selector   Space  Class     Delta

                reset_vec                      000000  000003  000003         0       0  CODE        2
                intentry                       000004  000098  00009C         8       0  CODE        2
                cstackCOMMON                   000070  000008  000078        70       1  COMMON      1


UNUSED ADDRESS RANGES

        Name                Unused          Largest block    Delta
        BANK0            020-06F            50           1
        BANK1            0A0-0EF            50           1
        BANK2            120-16F            50           1
        BANK3            1A0-1EF            50           1
        CODE             003-003             1           2
                         09C-1FFF           800
        COMMON           078-07D             6           1
        CONFIG           2007-2008             2           2
        CONST            003-003             1           2
                         09C-1FFF           100
        ENTRY            003-003             1           2
                         09C-1FFF           100
        IDLOC            2000-2003             4           2
        RAM              020-06F            50           1
                         0A0-0EF            50
                         120-16F            50
                         1A0-1EF            50
        SFR0             000-01F            20           1
        SFR1             080-09F            20           1
        SFR2             100-11F            20           1
        SFR3             180-19F            20           1
        STACK            020-06F            50           1
        STRCODE          003-003             1           2
                         09C-1FFF          1F64
        STRING           003-003             1           2
                         09C-1FFF           100

                                  Symbol Table

Timer_Isr@tcount         bssCOMMON    074
UpData@Val               cstackCOMMON 072
UpData@i                 cstackCOMMON 073
_B_MainLoop              bitbssCOMMON 3B8
_CC0_RD                  (abs)        CA9
_CC1_RD                  (abs)        CB1
_COMEN                   (abs)        19E
_INTCON                  (abs)        00B
_LCDADD                  (abs)        19C
_LCDCON0                 (abs)        11D
_LCDCON1                 (abs)        11E
_LCDCS                   (abs)        CE7
_LCDDATA                 (abs)        19D
_LCDEN                   (abs)        8EF
_LCD_DataBuf             bssCOMMON    075
_OSCCON                  (abs)        014
_PIE1                    (abs)        00E
_PIE2                    (abs)        110
_PIR1                    (abs)        00D
_PIR2                    (abs)        10F
_PR2                     (abs)        011
_SEGEN0                  (abs)        09E
_SEGEN1                  (abs)        11F
_SEGEN2                  (abs)        181
_SEGEN3                  (abs)        19F
_Set_LCD_Moudle          text2        04D
_T2CON                   (abs)        013
_TMR2IE                  (abs)        071
_TMR2IF                  (abs)        069
_TRISA                   (abs)        085
_TRISB                   (abs)        005
_TRISC                   (abs)        105
_TRISD                   (abs)        114
_Timer_Isr               text3        089
_UpData                  text1        071
__Habs1                  abs1         000
__Hbank0                 bank0        000
__Hbank1                 bank1        000
__Hbank2                 bank2        000
__Hbank3                 bank3        000
__HbitbssCOMMON          bitbssCOMMON 000
__HbssCOMMON             bssCOMMON    000
__Hcinit                 cinit        017
__Hclrtext               clrtext      000
__Hcode                  code         000
__Hcommon                common       000
__Hconfig                config       000
__HcstackCOMMON          cstackCOMMON 000
__Heeprom_data           eeprom_data  000
__Hend_init              end_init     00F
__Hfunctab               functab      000
__Hidloc                 idloc        000
__Hinit                  init         00C
__Hintentry              intentry     00C
__Hmaintext              maintext     000
__Hpa_nodes0             pa_nodes0    000
__Hpowerup               powerup      000
__Hram                   ram          000
__Hreset_vec             reset_vec    003
__Hsfr0                  sfr0         000
__Hsfr1                  sfr1         000
__Hsfr2                  sfr2         000
__Hsfr3                  sfr3         000
__Hspace_0               (abs)        09C
__Hspace_1               (abs)        3B9
__Hspace_2               (abs)        000
__Hspace_3               (abs)        000
__Hstack                 stack        000
__Hstrings               strings      000
__Htext                  text         000
__Labs1                  abs1         000
__Lbank0                 bank0        000
__Lbank1                 bank1        000
__Lbank2                 bank2        000
__Lbank3                 bank3        000
__LbitbssCOMMON          bitbssCOMMON 000
__LbssCOMMON             bssCOMMON    000
__Lcinit                 cinit        00F
__Lclrtext               clrtext      000
__Lcode                  code         000
__Lcommon                common       000
__Lconfig                config       000
__LcstackCOMMON          cstackCOMMON 000
__Leeprom_data           eeprom_data  000
__Lend_init              end_init     00C
__Lfunctab               functab      000
__Lidloc                 idloc        000
__Linit                  init         00C
__Lintentry              intentry     004
__Lmaintext              maintext     000
__Lpa_nodes0             pa_nodes0    000
__Lpowerup               powerup      000
__Lram                   ram          000
__Lreset_vec             reset_vec    000
__Lsfr0                  sfr0         000
__Lsfr1                  sfr1         000
__Lsfr2                  sfr2         000
__Lsfr3                  sfr3         000
__Lspace_0               (abs)        000
__Lspace_1               (abs)        000
__Lspace_2               (abs)        000
__Lspace_3               (abs)        000
__Lstack                 stack        000
__Lstrings               strings      000
__Ltext                  text         000
__S0                     (abs)        09C
__S1                     (abs)        078
__S2                     (abs)        000
___int_sp                stack        000
___latbits               (abs)        002
___sp                    stack        000
__end_of_Set_LCD_Moudle  text2        071
__end_of_Timer_Isr       text3        09C
__end_of_UpData          text1        089
__end_of__initialization cinit        013
__end_of_main            maintext     04D
__initialization         cinit        00F
__pbitbssCOMMON          bitbssCOMMON 3B8
__pbssCOMMON             bssCOMMON    074
__pcstackCOMMON          cstackCOMMON 070
__pintentry              intentry     004
__pmaintext              maintext     017
__ptext0                 text0        000
__ptext1                 text1        071
__ptext2                 text2        04D
__ptext3                 text3        089
__size_of_Set_LCD_Moudle (abs)        000
__size_of_Timer_Isr      (abs)        000
__size_of_UpData         (abs)        000
__size_of_main           (abs)        000
_main                    maintext     017
_sec                     bssCOMMON    076
btemp                    (abs)        07E
end_of_initialization    cinit        013
interrupt_function       intentry     004
intlevel0                functab      000
intlevel1                functab      000
intlevel2                functab      000
intlevel3                functab      000
intlevel4                functab      000
intlevel5                functab      000
reset_vec                reset_vec    000
saved_w                  (abs)        07E
stackhi                  (abs)        000
stacklo                  (abs)        000
start                    init         00C
start_initialization     cinit        00F
wtemp0                   (abs)        07E


FUNCTION INFORMATION:

 *************** function _main *****************
 Defined at:
		line 22 in file "H:\MyDownloads\说明书&测试报告\开发包\SC8F096开发包\SC8F096_DEMO_C\SC8F096_Lcd_Demo\SC8F096_Lcd_Demo.c"
 Parameters:    Size  Location     Type
		None
 Auto vars:     Size  Location     Type
		None
 Return value:  Size  Location     Type
                  1    wreg      void 
 Registers used:
		wreg, status,2, status,0, pclath, cstack
 Tracked objects:
		On entry : 
		On exit  : 
		Unchanged: 
 Data sizes:     COMMON   BANK0   BANK1   BANK3   BANK2
      Params:         0       0       0       0       0
      Locals:         0       0       0       0       0
      Temps:          0       0       0       0       0
      Totals:         0       0       0       0       0
Total ram usage:        0 bytes
 Hardware stack levels required when called:    2
 This function calls:
		_Set_LCD_Moudle
		_UpData
 This function is called by:
		Startup code after reset
 This function uses a non-reentrant model


 *************** function _UpData *****************
 Defined at:
		line 98 in file "H:\MyDownloads\说明书&测试报告\开发包\SC8F096开发包\SC8F096_DEMO_C\SC8F096_Lcd_Demo\SC8F096_Lcd_Demo.c"
 Parameters:    Size  Location     Type
  Val             1    wreg     unsigned char 
 Auto vars:     Size  Location     Type
  Val             1    2[COMMON] unsigned char 
  i               1    3[COMMON] volatile unsigned char 
 Return value:  Size  Location     Type
                  1    wreg      void 
 Registers used:
		wreg, status,2, status,0
 Tracked objects:
		On entry : 
		On exit  : 
		Unchanged: 
 Data sizes:     COMMON   BANK0   BANK1   BANK3   BANK2
      Params:         0       0       0       0       0
      Locals:         2       0       0       0       0
      Temps:          0       0       0       0       0
      Totals:         2       0       0       0       0
Total ram usage:        2 bytes
 Hardware stack levels used:    1
 Hardware stack levels required when called:    1
 This function calls:
		Nothing
 This function is called by:
		_main
 This function uses a non-reentrant model


 *************** function _Set_LCD_Moudle *****************
 Defined at:
		line 120 in file "H:\MyDownloads\说明书&测试报告\开发包\SC8F096开发包\SC8F096_DEMO_C\SC8F096_Lcd_Demo\SC8F096_Lcd_Demo.c"
 Parameters:    Size  Location     Type
		None
 Auto vars:     Size  Location     Type
		None
 Return value:  Size  Location     Type
                  1    wreg      void 
 Registers used:
		wreg, status,2, status,0
 Tracked objects:
		On entry : 
		On exit  : 
		Unchanged: 
 Data sizes:     COMMON   BANK0   BANK1   BANK3   BANK2
      Params:         0       0       0       0       0
      Locals:         0       0       0       0       0
      Temps:          0       0       0       0       0
      Totals:         0       0       0       0       0
Total ram usage:        0 bytes
 Hardware stack levels used:    1
 Hardware stack levels required when called:    1
 This function calls:
		Nothing
 This function is called by:
		_main
 This function uses a non-reentrant model


 *************** function _Timer_Isr *****************
 Defined at:
		line 74 in file "H:\MyDownloads\说明书&测试报告\开发包\SC8F096开发包\SC8F096_DEMO_C\SC8F096_Lcd_Demo\SC8F096_Lcd_Demo.c"
 Parameters:    Size  Location     Type
		None
 Auto vars:     Size  Location     Type
		None
 Return value:  Size  Location     Type
                  1    wreg      void 
 Registers used:
		wreg, status,2, status,0
 Tracked objects:
		On entry : 
		On exit  : 
		Unchanged: 
 Data sizes:     COMMON   BANK0   BANK1   BANK3   BANK2
      Params:         0       0       0       0       0
      Locals:         0       0       0       0       0
      Temps:          2       0       0       0       0
      Totals:         2       0       0       0       0
Total ram usage:        2 bytes
 Hardware stack levels used:    1
 This function calls:
		Nothing
 This function is called by:
		Interrupt level 1
 This function uses a non-reentrant model



MODULE INFORMATION

Module		Function		Class		Link	Load	Size
H:\MyDownloads\说明书&测试报告\开发包\SC8F096开发包\SC8F096_DEMO_C\SC8F096_Lcd_Demo\SC8F096_Lcd_Demo.c
		_Timer_Isr     		CODE           	0089	0000	20
		_main          		CODE           	0017	0000	55
		_Set_LCD_Moudle		CODE           	004D	0000	37
		_UpData        		CODE           	0071	0000	25

H:\MyDownloads\说明书&测试报告\开发包\SC8F096开发包\SC8F096_DEMO_C\SC8F096_Lcd_Demo\SC8F096_Lcd_Demo.c estimated size: 137

shared
		__initialization		CODE           	000F	0000	5

shared estimated size: 5

