Microchip MPLAB XC8 Compiler V1.45 ()

Linker command line:

-W-9 \
  --edf=H:\MyDownloads\IDE_RAR\SCMCU_IDE_V2.00.16_Beta9\data\dat\en_msgs.txt \
  -cs -h+SC8F096_Uart_C.sym --cmf=SC8F096_Uart_C.cmf -z -QSC8F096AD \
  -oC:\Users\ADMINI~1\AppData\Local\Temp\sbq8.2 -MSC8F096_Uart_C.map -E1 \
  -ver=XC8 -ASTACK=0A0h-0efh -pstack=STACK -ACODE=00h-07FFhx4 \
  -ASTRCODE=00h-01FFFh -ASTRING=00h-0FFhx32 -ACONST=00h-0FFhx32 \
  -AENTRY=00h-0FFhx32 -ACOMMON=070h-07Fh -ABANK0=020h-06Fh \
  -ABANK1=0A0h-0EFh -ABANK2=0120h-016Fh -ABANK3=01A0h-01EFh \
  -ARAM=020h-06Fh,0A0h-0EFh,0120h-016Fh,01A0h-01EFh \
  -AABS1=020h-07Fh,0A0h-0EFh,0120h-016Fh,01A0h-01EFh -ASFR0=00h-01Fh \
  -ASFR1=080h-09Fh -ASFR2=0100h-011Fh -ASFR3=0180h-019Fh \
  -preset_vec=00h,intentry=04h,init,end_init -ppowerup=CODE -pcinit=CODE \
  -pfunctab=ENTRY -ACONFIG=02007h-02008h -pconfig=CONFIG -DCONFIG=2 \
  -AIDLOC=02000h-02003h -pidloc=IDLOC -DIDLOC=2 -DCODE=2 -DSTRCODE=2 \
  -DSTRING=2 -DCONST=2 -DENTRY=2 -k startup.obj SC8F096_Uart_C.obj 

Object code version is 3.11

Machine type is SC8F096AD



                Name                               Link     Load   Length Selector   Space Scale
startup.obj     end_init                              E        E        3        8       0
                reset_vec                             0        0        3        0       0
SC8F096_Uart_C.obj
                cinit                                11       11       12        8       0
                intentry                              4        4        A        8       0
                text2                                66       66       21        8       0
                text1                                23       23       22        8       0
                maintext                             45       45       21        8       0
                cstackCOMMON                         70       70        4       70       1
                bssBANK0                             20       20        A       20       1
                bssCOMMON                            75       75        1       70       1
                bitbssCOMMON                        3A0       74        1       70       1     8

TOTAL           Name                               Link     Load   Length     Space
        CLASS   STACK          

        CLASS   CODE           
                end_init                              E        E        3         0
                cinit                                11       11       12         0
                intentry                              4        4        A         0
                reset_vec                             0        0        3         0
                text2                                66       66       21         0
                text1                                23       23       22         0
                maintext                             45       45       21         0

        CLASS   STRCODE        

        CLASS   STRING         

        CLASS   CONST          

        CLASS   ENTRY          

        CLASS   COMMON         
                cstackCOMMON                         70       70        4         1
                bssCOMMON                            75       75        1         1
                bitbssCOMMON                        3A0       74        1         1

        CLASS   BANK0          
                bssBANK0                             20       20        A         1

        CLASS   BANK1          

        CLASS   BANK2          

        CLASS   BANK3          

        CLASS   RAM            

        CLASS   ABS1           
                abs_s1                               7E       7E        2         1

        CLASS   SFR0           

        CLASS   SFR1           

        CLASS   SFR2           

        CLASS   SFR3           

        CLASS   CONFIG         

        CLASS   IDLOC          

        CLASS   EEDATA         



SEGMENTS        Name                           Load    Length   Top    Selector   Space  Class     Delta

                reset_vec                      000000  000003  000003         0       0  CODE        2
                intentry                       000004  000083  000087         8       0  CODE        2
                bssBANK0                       000020  00000A  00002A        20       1  BANK0       1
                cstackCOMMON                   000070  000006  000076        70       1  COMMON      1


UNUSED ADDRESS RANGES

        Name                Unused          Largest block    Delta
        BANK0            02A-06F            46           1
        BANK1            0A0-0EF            50           1
        BANK2            120-16F            50           1
        BANK3            1A0-1EF            50           1
        CODE             003-003             1           2
                         087-1FFF           800
        COMMON           076-07D             8           1
        CONFIG           2007-2008             2           2
        CONST            003-003             1           2
                         087-1FFF           100
        ENTRY            003-003             1           2
                         087-1FFF           100
        IDLOC            2000-2003             4           2
        RAM              02A-06F            46           1
                         0A0-0EF            50
                         120-16F            50
                         1A0-1EF            50
        SFR0             000-01F            20           1
        SFR1             080-09F            20           1
        SFR2             100-11F            20           1
        SFR3             180-19F            20           1
        STACK            0A0-0EF            50           1
        STRCODE          003-003             1           2
                         087-1FFF          1F79
        STRING           003-003             1           2
                         087-1FFF           100

                                  Symbol Table

UART_Isr@RxNum           bssCOMMON    075
_GIE                     (abs)        05F
_INTCON                  (abs)        00B
_Init_System             text1        023
_OPTION_REG              (abs)        001
_OSCCON                  (abs)        014
_PEIE                    (abs)        05E
_PORTA                   (abs)        086
_PORTB                   (abs)        006
_RC0IE                   (abs)        077
_RC0IF                   (abs)        06F
_RCREG0                  (abs)        11C
_RCSTA0                  (abs)        119
_RXOK_f                  bitbssCOMMON 3A0
_RxTable                 bssBANK0     020
_SPBRG0                  (abs)        11A
_TRISA                   (abs)        085
_TRISB                   (abs)        005
_TRMT0                   (abs)        8C1
_TXREG0                  (abs)        11B
_TXSTA0                  (abs)        118
_UART_Isr                text2        066
_WPUA                    (abs)        088
_WPUB                    (abs)        008
__Habs1                  abs1         000
__Hbank0                 bank0        000
__Hbank1                 bank1        000
__Hbank2                 bank2        000
__Hbank3                 bank3        000
__HbitbssCOMMON          bitbssCOMMON 000
__HbssBANK0              bssBANK0     000
__HbssCOMMON             bssCOMMON    000
__Hcinit                 cinit        023
__Hclrtext               clrtext      000
__Hcode                  code         000
__Hcommon                common       000
__Hconfig                config       000
__HcstackCOMMON          cstackCOMMON 000
__Heeprom_data           eeprom_data  000
__Hend_init              end_init     011
__Hfunctab               functab      000
__Hidloc                 idloc        000
__Hinit                  init         00E
__Hintentry              intentry     00E
__Hmaintext              maintext     000
__Hpa_nodes0             pa_nodes0    000
__Hpowerup               powerup      000
__Hram                   ram          000
__Hreset_vec             reset_vec    003
__Hsfr0                  sfr0         000
__Hsfr1                  sfr1         000
__Hsfr2                  sfr2         000
__Hsfr3                  sfr3         000
__Hspace_0               (abs)        087
__Hspace_1               (abs)        3A1
__Hspace_2               (abs)        000
__Hspace_3               (abs)        000
__Hstack                 stack        000
__Hstrings               strings      000
__Htext                  text         000
__Labs1                  abs1         000
__Lbank0                 bank0        000
__Lbank1                 bank1        000
__Lbank2                 bank2        000
__Lbank3                 bank3        000
__LbitbssCOMMON          bitbssCOMMON 000
__LbssBANK0              bssBANK0     000
__LbssCOMMON             bssCOMMON    000
__Lcinit                 cinit        011
__Lclrtext               clrtext      000
__Lcode                  code         000
__Lcommon                common       000
__Lconfig                config       000
__LcstackCOMMON          cstackCOMMON 000
__Leeprom_data           eeprom_data  000
__Lend_init              end_init     00E
__Lfunctab               functab      000
__Lidloc                 idloc        000
__Linit                  init         00E
__Lintentry              intentry     004
__Lmaintext              maintext     000
__Lpa_nodes0             pa_nodes0    000
__Lpowerup               powerup      000
__Lram                   ram          000
__Lreset_vec             reset_vec    000
__Lsfr0                  sfr0         000
__Lsfr1                  sfr1         000
__Lsfr2                  sfr2         000
__Lsfr3                  sfr3         000
__Lspace_0               (abs)        000
__Lspace_1               (abs)        000
__Lspace_2               (abs)        000
__Lspace_3               (abs)        000
__Lstack                 stack        000
__Lstrings               strings      000
__Ltext                  text         000
__S0                     (abs)        087
__S1                     (abs)        076
__S2                     (abs)        000
___int_sp                stack        000
___latbits               (abs)        002
___sp                    stack        000
__end_of_Init_System     text1        045
__end_of_UART_Isr        text2        087
__end_of__initialization cinit        01F
__end_of_main            maintext     066
__initialization         cinit        011
__pbitbssCOMMON          bitbssCOMMON 3A0
__pbssBANK0              bssBANK0     020
__pbssCOMMON             bssCOMMON    075
__pcstackCOMMON          cstackCOMMON 070
__pintentry              intentry     004
__pmaintext              maintext     045
__ptext1                 text1        023
__ptext2                 text2        066
__size_of_Init_System    (abs)        000
__size_of_UART_Isr       (abs)        000
__size_of_main           (abs)        000
_main                    maintext     045
btemp                    (abs)        07E
end_of_initialization    cinit        01F
interrupt_function       intentry     004
intlevel0                functab      000
intlevel1                functab      000
intlevel2                functab      000
intlevel3                functab      000
intlevel4                functab      000
intlevel5                functab      000
main@i                   cstackCOMMON 073
reset_vec                reset_vec    000
saved_w                  (abs)        07E
stackhi                  (abs)        000
stacklo                  (abs)        000
start                    init         00E
start_initialization     cinit        011
wtemp0                   (abs)        07E


FUNCTION INFORMATION:

 *************** function _main *****************
 Defined at:
		line 33 in file "H:\MyDownloads\说明书&测试报告\开发包\SC8F096AD开发包\SC8F096_DEMO_C\SC8F096_Uart_Demo\SC8F096_Uart_C.c"
 Parameters:    Size  Location     Type
		None
 Auto vars:     Size  Location     Type
  i               1    3[COMMON] unsigned char 
 Return value:  Size  Location     Type
                  1    wreg      void 
 Registers used:
		wreg, fsr0l, fsr0h, status,2, status,0, pclath, cstack
 Tracked objects:
		On entry : 
		On exit  : 
		Unchanged: 
 Data sizes:     COMMON   BANK0   BANK1   BANK3   BANK2
      Params:         0       0       0       0       0
      Locals:         1       0       0       0       0
      Temps:          0       0       0       0       0
      Totals:         1       0       0       0       0
Total ram usage:        1 bytes
 Hardware stack levels required when called:    2
 This function calls:
		_Init_System
 This function is called by:
		Startup code after reset
 This function uses a non-reentrant model


 *************** function _Init_System *****************
 Defined at:
		line 73 in file "H:\MyDownloads\说明书&测试报告\开发包\SC8F096AD开发包\SC8F096_DEMO_C\SC8F096_Uart_Demo\SC8F096_Uart_C.c"
 Parameters:    Size  Location     Type
		None
 Auto vars:     Size  Location     Type
		None
 Return value:  Size  Location     Type
                  1    wreg      void 
 Registers used:
		wreg, status,2
 Tracked objects:
		On entry : 
		On exit  : 
		Unchanged: 
 Data sizes:     COMMON   BANK0   BANK1   BANK3   BANK2
      Params:         0       0       0       0       0
      Locals:         0       0       0       0       0
      Temps:          0       0       0       0       0
      Totals:         0       0       0       0       0
Total ram usage:        0 bytes
 Hardware stack levels used:    1
 Hardware stack levels required when called:    1
 This function calls:
		Nothing
 This function is called by:
		_main
 This function uses a non-reentrant model


 *************** function _UART_Isr *****************
 Defined at:
		line 171 in file "H:\MyDownloads\说明书&测试报告\开发包\SC8F096AD开发包\SC8F096_DEMO_C\SC8F096_Uart_Demo\SC8F096_Uart_C.c"
 Parameters:    Size  Location     Type
		None
 Auto vars:     Size  Location     Type
		None
 Return value:  Size  Location     Type
                  1    wreg      void 
 Registers used:
		wreg, fsr0l, fsr0h, status,2, status,0
 Tracked objects:
		On entry : 
		On exit  : 
		Unchanged: 
 Data sizes:     COMMON   BANK0   BANK1   BANK3   BANK2
      Params:         0       0       0       0       0
      Locals:         0       0       0       0       0
      Temps:          3       0       0       0       0
      Totals:         3       0       0       0       0
Total ram usage:        3 bytes
 Hardware stack levels used:    1
 This function calls:
		Nothing
 This function is called by:
		Interrupt level 1
 This function uses a non-reentrant model



MODULE INFORMATION

Module		Function		Class		Link	Load	Size
shared
		__initialization		CODE           	0011	0000	15

shared estimated size: 15

H:\MyDownloads\说明书&测试报告\开发包\SC8F096AD开发包\SC8F096_DEMO_C\SC8F096_Uart_Demo\SC8F096_Uart_C.c
		_main          		CODE           	0045	0000	34
		_UART_Isr      		CODE           	0066	0000	34
		_Init_System   		CODE           	0023	0000	35

H:\MyDownloads\说明书&测试报告\开发包\SC8F096AD开发包\SC8F096_DEMO_C\SC8F096_Uart_Demo\SC8F096_Uart_C.c estimated size: 103

