Microchip MPLAB XC8 Compiler V1.45 ()

Linker command line:

-W-9 \
  --edf=H:\MyDownloads\IDE_RAR\SCMCU_IDE_V2.00.16_Beta9\data\dat\en_msgs.txt \
  -cs -h+SC8F096_Sleep_Demo.sym --cmf=SC8F096_Sleep_Demo.cmf -z -QSC8F096AD \
  -oC:\Users\ADMINI~1\AppData\Local\Temp\sfeo.2 -MSC8F096_Sleep_Demo.map \
  -E1 -ver=XC8 -ASTACK=020h-06fh -pstack=STACK -ACODE=00h-07FFhx4 \
  -ASTRCODE=00h-01FFFh -ASTRING=00h-0FFhx32 -ACONST=00h-0FFhx32 \
  -AENTRY=00h-0FFhx32 -ACOMMON=070h-07Fh -ABANK0=020h-06Fh \
  -ABANK1=0A0h-0EFh -ABANK2=0120h-016Fh -ABANK3=01A0h-01EFh \
  -ARAM=020h-06Fh,0A0h-0EFh,0120h-016Fh,01A0h-01EFh \
  -AABS1=020h-07Fh,0A0h-0EFh,0120h-016Fh,01A0h-01EFh -ASFR0=00h-01Fh \
  -ASFR1=080h-09Fh -ASFR2=0100h-011Fh -ASFR3=0180h-019Fh \
  -preset_vec=00h,intentry,init,end_init -ppowerup=CODE -pcinit=CODE \
  -pfunctab=ENTRY -ACONFIG=02007h-02008h -pconfig=CONFIG -DCONFIG=2 \
  -AIDLOC=02000h-02003h -pidloc=IDLOC -DIDLOC=2 -DCODE=2 -DSTRCODE=2 \
  -DSTRING=2 -DCONST=2 -DENTRY=2 -k startup.obj SC8F096_Sleep_Demo.obj 

Object code version is 3.11

Machine type is SC8F096AD



                Name                               Link     Load   Length Selector   Space Scale
startup.obj     end_init                              0        0        3        0       0
SC8F096_Sleep_Demo.obj
                cinit                               7FC      7FC        4      FF8       0
                text3                               75A      75A        C      EB4       0
                text1                               78B      78B       71      F16       0
                maintext                            766      766       25      ECC       0
                cstackCOMMON                         70       70        3       70       1

TOTAL           Name                               Link     Load   Length     Space
        CLASS   STACK          

        CLASS   CODE           
                end_init                              0        0        3         0
                cinit                               7FC      7FC        4         0
                text3                               75A      75A        C         0
                text1                               78B      78B       71         0
                maintext                            766      766       25         0

        CLASS   STRCODE        

        CLASS   STRING         

        CLASS   CONST          

        CLASS   ENTRY          

        CLASS   COMMON         
                cstackCOMMON                         70       70        3         1

        CLASS   BANK0          

        CLASS   BANK1          

        CLASS   BANK2          

        CLASS   BANK3          

        CLASS   RAM            

        CLASS   ABS1           
                abs_s1                               7E       7E        2         1

        CLASS   SFR0           

        CLASS   SFR1           

        CLASS   SFR2           

        CLASS   SFR3           

        CLASS   CONFIG         

        CLASS   IDLOC          

        CLASS   EEDATA         



SEGMENTS        Name                           Load    Length   Top    Selector   Space  Class     Delta

                reset_vec                      000000  000003  000003         0       0  CODE        2
                cstackCOMMON                   000070  000003  000073        70       1  COMMON      1
                text3                          00075A  00000C  000766       EB4       0  CODE        2
                maintext                       000766  000025  00078B       ECC       0  CODE        2
                text1                          00078B  000071  0007FC       F16       0  CODE        2
                cinit                          0007FC  000004  000800       FF8       0  CODE        2


UNUSED ADDRESS RANGES

        Name                Unused          Largest block    Delta
        BANK0            0020-006F             50           1
        BANK1            00A0-00EF             50           1
        BANK2            0120-016F             50           1
        BANK3            01A0-01EF             50           1
        CODE             0003-0759            757           2
                         0800-1FFF            800
        COMMON           0073-007D              B           1
        CONFIG           2007-2008              2           2
        CONST            0003-0759            100           2
                         0800-1FFF            100
        ENTRY            0003-0759            100           2
                         0800-1FFF            100
        IDLOC            2000-2003              4           2
        RAM              0020-006F             50           1
                         00A0-00EF             50
                         0120-016F             50
                         01A0-01EF             50
        SFR0             0000-001F             20           1
        SFR1             0080-009F             20           1
        SFR2             0100-011F             20           1
        SFR3             0180-019F             20           1
        STACK            0020-006F             50           1
        STRCODE          0003-0759            757           2
                         0800-1FFF           1800
        STRING           0003-0759            100           2
                         0800-1FFF            100

                                  Symbol Table

DelayXms@i               cstackCOMMON 0071
DelayXms@j               cstackCOMMON 0072
DelayXms@x               cstackCOMMON 0070
_ADCON0                  (abs)        0095
_ADCON1                  (abs)        0096
_CC0CON                  (abs)        0195
_CC1CON                  (abs)        0196
_CMP1CON0                (abs)        000F
_CMP2CON0                (abs)        009A
_DelayXms                text3        075A
_GIE                     (abs)        005F
_INTCON                  (abs)        000B
_IOCA                    (abs)        0089
_IOCB                    (abs)        0009
_Init_System             text1        07DC
_KEYCON0                 (abs)        0111
_KEYCON2                 (abs)        0113
_OPACON                  (abs)        018C
_OPTION_REG              (abs)        0001
_OSCCON                  (abs)        0014
_PEIE                    (abs)        005E
_PIE1                    (abs)        000E
_PIE2                    (abs)        0110
_PIR1                    (abs)        000D
_PIR2                    (abs)        010F
_PORTA                   (abs)        0086
_PORTB                   (abs)        0006
_PORTC                   (abs)        0106
_PORTD                   (abs)        0107
_PWMCON0                 (abs)        0015
_QCCON                   (abs)        000C
_RAIE                    (abs)        0073
_RAIF                    (abs)        006B
_RB6                     (abs)        0036
_RBIE                    (abs)        005B
_RBIF                    (abs)        0058
_Sleep_Mode              text1        078B
_TRISA                   (abs)        0085
_TRISB                   (abs)        0005
_TRISC                   (abs)        0105
_TRISD                   (abs)        0114
_WPUA                    (abs)        0088
_WPUB                    (abs)        0008
_WPUC                    (abs)        0108
__Habs1                  abs1         0000
__Hbank0                 bank0        0000
__Hbank1                 bank1        0000
__Hbank2                 bank2        0000
__Hbank3                 bank3        0000
__Hcinit                 cinit        0800
__Hclrtext               clrtext      0000
__Hcode                  code         0000
__Hcommon                common       0000
__Hconfig                config       0000
__HcstackCOMMON          cstackCOMMON 0000
__Heeprom_data           eeprom_data  0000
__Hend_init              end_init     0003
__Hfunctab               functab      0000
__Hidloc                 idloc        0000
__Hinit                  init         0000
__Hintentry              intentry     0000
__Hmaintext              maintext     0000
__Hpa_nodes0             pa_nodes0    0000
__Hpowerup               powerup      0000
__Hram                   ram          0000
__Hreset_vec             reset_vec    0000
__Hsfr0                  sfr0         0000
__Hsfr1                  sfr1         0000
__Hsfr2                  sfr2         0000
__Hsfr3                  sfr3         0000
__Hspace_0               (abs)        0800
__Hspace_1               (abs)        0073
__Hspace_2               (abs)        0000
__Hspace_3               (abs)        0000
__Hstack                 stack        0000
__Hstrings               strings      0000
__Htext                  text         0000
__Labs1                  abs1         0000
__Lbank0                 bank0        0000
__Lbank1                 bank1        0000
__Lbank2                 bank2        0000
__Lbank3                 bank3        0000
__Lcinit                 cinit        07FC
__Lclrtext               clrtext      0000
__Lcode                  code         0000
__Lcommon                common       0000
__Lconfig                config       0000
__LcstackCOMMON          cstackCOMMON 0000
__Leeprom_data           eeprom_data  0000
__Lend_init              end_init     0000
__Lfunctab               functab      0000
__Lidloc                 idloc        0000
__Linit                  init         0000
__Lintentry              intentry     0000
__Lmaintext              maintext     0000
__Lpa_nodes0             pa_nodes0    0000
__Lpowerup               powerup      0000
__Lram                   ram          0000
__Lreset_vec             reset_vec    0000
__Lsfr0                  sfr0         0000
__Lsfr1                  sfr1         0000
__Lsfr2                  sfr2         0000
__Lsfr3                  sfr3         0000
__Lspace_0               (abs)        0000
__Lspace_1               (abs)        0000
__Lspace_2               (abs)        0000
__Lspace_3               (abs)        0000
__Lstack                 stack        0000
__Lstrings               strings      0000
__Ltext                  text         0000
__S0                     (abs)        0800
__S1                     (abs)        0073
__S2                     (abs)        0000
___int_sp                stack        0000
___latbits               (abs)        0002
___sp                    stack        0000
__end_of_DelayXms        text3        0766
__end_of_Init_System     text1        07FC
__end_of_Sleep_Mode      text1        07DC
__end_of__initialization cinit        07FC
__end_of_main            maintext     078B
__initialization         cinit        07FC
__pcstackCOMMON          cstackCOMMON 0070
__pmaintext              maintext     0766
__ptext1                 text1        078B
__ptext2                 text1        07DC
__ptext3                 text3        075A
__size_of_DelayXms       (abs)        0000
__size_of_Init_System    (abs)        0000
__size_of_Sleep_Mode     (abs)        0000
__size_of_main           (abs)        0000
_main                    maintext     0766
btemp                    (abs)        007E
end_of_initialization    cinit        07FC
intlevel0                functab      0000
intlevel1                functab      0000
intlevel2                functab      0000
intlevel3                functab      0000
intlevel4                functab      0000
intlevel5                functab      0000
reset_vec                reset_vec    0000
stackhi                  (abs)        0000
stacklo                  (abs)        0000
start                    init         0000
start_initialization     cinit        07FC
wtemp0                   (abs)        007E


FUNCTION INFORMATION:

 *************** function _main *****************
 Defined at:
		line 37 in file "H:\MyDownloads\说明书&测试报告\开发包\SC8F096AD开发包\SC8F096_DEMO_C\SC8F096_Sleep_Demo\SC8F096_Sleep_Demo.c"
 Parameters:    Size  Location     Type
		None
 Auto vars:     Size  Location     Type
		None
 Return value:  Size  Location     Type
                  1    wreg      void 
 Registers used:
		wreg, status,2, status,0, pclath, cstack
 Tracked objects:
		On entry : 
		On exit  : 
		Unchanged: 
 Data sizes:     COMMON   BANK0   BANK1   BANK3   BANK2
      Params:         0       0       0       0       0
      Locals:         0       0       0       0       0
      Temps:          0       0       0       0       0
      Totals:         0       0       0       0       0
Total ram usage:        0 bytes
 Hardware stack levels required when called:    2
 This function calls:
		_DelayXms
		_Init_System
		_Sleep_Mode
 This function is called by:
		Startup code after reset
 This function uses a non-reentrant model


 *************** function _Sleep_Mode *****************
 Defined at:
		line 60 in file "H:\MyDownloads\说明书&测试报告\开发包\SC8F096AD开发包\SC8F096_DEMO_C\SC8F096_Sleep_Demo\SC8F096_Sleep_Demo.c"
 Parameters:    Size  Location     Type
		None
 Auto vars:     Size  Location     Type
		None
 Return value:  Size  Location     Type
                  1    wreg      void 
 Registers used:
		wreg, status,2, status,0, pclath, cstack
 Tracked objects:
		On entry : 
		On exit  : 
		Unchanged: 
 Data sizes:     COMMON   BANK0   BANK1   BANK3   BANK2
      Params:         0       0       0       0       0
      Locals:         0       0       0       0       0
      Temps:          0       0       0       0       0
      Totals:         0       0       0       0       0
Total ram usage:        0 bytes
 Hardware stack levels used:    1
 Hardware stack levels required when called:    1
 This function calls:
		_Init_System
 This function is called by:
		_main
 This function uses a non-reentrant model


 *************** function _Init_System *****************
 Defined at:
		line 131 in file "H:\MyDownloads\说明书&测试报告\开发包\SC8F096AD开发包\SC8F096_DEMO_C\SC8F096_Sleep_Demo\SC8F096_Sleep_Demo.c"
 Parameters:    Size  Location     Type
		None
 Auto vars:     Size  Location     Type
		None
 Return value:  Size  Location     Type
                  1    wreg      void 
 Registers used:
		wreg, status,2
 Tracked objects:
		On entry : 
		On exit  : 
		Unchanged: 
 Data sizes:     COMMON   BANK0   BANK1   BANK3   BANK2
      Params:         0       0       0       0       0
      Locals:         0       0       0       0       0
      Temps:          0       0       0       0       0
      Totals:         0       0       0       0       0
Total ram usage:        0 bytes
 Hardware stack levels used:    1
 This function calls:
		Nothing
 This function is called by:
		_main
		_Sleep_Mode
 This function uses a non-reentrant model


 *************** function _DelayXms *****************
 Defined at:
		line 25 in file "H:\MyDownloads\说明书&测试报告\开发包\SC8F096AD开发包\SC8F096_DEMO_C\SC8F096_Sleep_Demo\SC8F096_Sleep_Demo.c"
 Parameters:    Size  Location     Type
  x               1    wreg     unsigned char 
 Auto vars:     Size  Location     Type
  x               1    0[COMMON] unsigned char 
  j               1    2[COMMON] unsigned char 
  i               1    1[COMMON] unsigned char 
 Return value:  Size  Location     Type
                  1    wreg      void 
 Registers used:
		wreg, status,2, status,0
 Tracked objects:
		On entry : 
		On exit  : 
		Unchanged: 
 Data sizes:     COMMON   BANK0   BANK1   BANK3   BANK2
      Params:         0       0       0       0       0
      Locals:         3       0       0       0       0
      Temps:          0       0       0       0       0
      Totals:         3       0       0       0       0
Total ram usage:        3 bytes
 Hardware stack levels used:    1
 This function calls:
		Nothing
 This function is called by:
		_main
 This function uses a non-reentrant model



MODULE INFORMATION

Module		Function		Class		Link	Load	Size
H:\MyDownloads\说明书&测试报告\开发包\SC8F096AD开发包\SC8F096_DEMO_C\SC8F096_Sleep_Demo\SC8F096_Sleep_Demo.c
		_DelayXms      		CODE           	075A	0000	13
		_Sleep_Mode    		CODE           	078B	0000	82
		_main          		CODE           	0766	0000	38
		_Init_System   		CODE           	07DC	0000	33

H:\MyDownloads\说明书&测试报告\开发包\SC8F096AD开发包\SC8F096_DEMO_C\SC8F096_Sleep_Demo\SC8F096_Sleep_Demo.c estimated size: 166

shared
		__initialization		CODE           	07FC	0000	1

shared estimated size: 1

