Microchip MPLAB XC8 Compiler V1.45 ()

Linker command line:

-W-9 \
  --edf=D:\6.software\58.SCMCU_IDE\SCMCU_IDE_V2.00.16\data\dat\en_msgs.txt \
  -cs -h+SC8P096_timer_C.sym --cmf=SC8P096_timer_C.cmf -z -QSC8F096 \
  -oC:\Users\YQ23405\AppData\Local\Temp\s23o.2 -MSC8P096_timer_C.map -E1 \
  -ver=XC8 -ASTACK=0BEh-0efh -pstack=STACK -ACODE=00h-07FFhx4 \
  -ASTRCODE=00h-01FFFh -ASTRING=00h-0FFhx32 -ACONST=00h-0FFhx32 \
  -AENTRY=00h-0FFhx32 -ACOMMON=070h-07Fh -ABANK0=020h-06Fh \
  -ABANK1=0A0h-0EFh -ABANK2=0120h-016Fh -ABANK3=01A0h-01EFh \
  -ARAM=020h-06Fh,0A0h-0EFh,0120h-016Fh,01A0h-01EFh \
  -AABS1=020h-07Fh,0A0h-0EFh,0120h-016Fh,01A0h-01EFh -ASFR0=00h-01Fh \
  -ASFR1=080h-09Fh -ASFR2=0100h-011Fh -ASFR3=0180h-019Fh \
  -preset_vec=00h,intentry=04h,init,end_init -ppowerup=CODE -pcinit=CODE \
  -pfunctab=ENTRY -ACONFIG=02007h-02008h -pconfig=CONFIG -DCONFIG=2 \
  -AIDLOC=02000h-02003h -pidloc=IDLOC -DIDLOC=2 -DCODE=2 -DSTRCODE=2 \
  -DSTRING=2 -DCONST=2 -DENTRY=2 -k startup.obj SC8P096_timer_C.obj 

Object code version is 3.11

Machine type is SC8F096



                Name                               Link     Load   Length Selector   Space Scale
startup.obj     end_init                             12       12        3        8       0
                reset_vec                             0        0        3        0       0
SC8P096_timer_C.obj
                cinit                                15       15       25        8       0
                intentry                              4        4        E        8       0
                text27                              B67      B67       45     16CE       0
                text23                              E61      E61      19F     1CC2       0
                text22                               3A       3A      3EF        8       0
                text20                              B0B      B0B       2D     1616       0
                text19                              6E6      6E6       F6        8       0
                text15                              D15      D15      14C     1A2A       0
                text14                              BAC      BAC       4D     1758       0
                text11                              BF9      BF9       62     17F2       0
                text10                              C5B      C5B       BA     18B6       0
                text2                               429      429      2BD        8       0
                maintext                            B38      B38       2F     1670       0
                cstackBANK0                          20       20       22       20       1
                cstackCOMMON                         70       70        E       70       1
                cstackBANK1                          A0       A0       1A       A0       1
                clrtext                             7DC      7DC        8        8       0
                bssBANK2                            120      120       48      120       1
                bssBANK3                            1A0      1A0       48      1A0       1
                bssBANK1                             BA       BA        4       A0       1
                dataBANK0                            5B       5B        1       20       1
                bssBANK0                             42       42       18       20       1
                bitbssBANK0                         2D0       5A        2       20       1     8
                strings                             800      800       4A     1000       0

TOTAL           Name                               Link     Load   Length     Space
        CLASS   STACK          

        CLASS   CODE           
                end_init                             12       12        3         0
                cinit                                15       15       25         0
                intentry                              4        4        E         0
                reset_vec                             0        0        3         0
                text27                              B67      B67       45         0
                text23                              E61      E61      19F         0
                text22                               3A       3A      3EF         0
                text20                              B0B      B0B       2D         0
                text19                              6E6      6E6       F6         0
                text15                              D15      D15      14C         0
                text14                              BAC      BAC       4D         0
                text11                              BF9      BF9       62         0
                text10                              C5B      C5B       BA         0
                text2                               429      429      2BD         0
                maintext                            B38      B38       2F         0
                clrtext                             7DC      7DC        8         0

        CLASS   STRCODE        

        CLASS   STRING         
                strings                             800      800       4A         0

        CLASS   CONST          

        CLASS   ENTRY          

        CLASS   COMMON         
                cstackCOMMON                         70       70        E         1

        CLASS   BANK0          
                cstackBANK0                          20       20       22         1
                dataBANK0                            5B       5B        1         1
                bssBANK0                             42       42       18         1
                bitbssBANK0                         2D0       5A        2         1

        CLASS   BANK1          
                cstackBANK1                          A0       A0       1A         1
                bssBANK1                             BA       BA        4         1

        CLASS   BANK2          
                bssBANK2                            120      120       48         1

        CLASS   BANK3          
                bssBANK3                            1A0      1A0       48         1

        CLASS   RAM            

        CLASS   ABS1           
                abs_s1                               7E       7E        2         1

        CLASS   SFR0           

        CLASS   SFR1           

        CLASS   SFR2           

        CLASS   SFR3           

        CLASS   CONFIG         

        CLASS   IDLOC          

        CLASS   EEDATA         



SEGMENTS        Name                           Load    Length   Top    Selector   Space  Class     Delta

                reset_vec                      000000  000003  000003         0       0  CODE        2
                intentry                       000004  0007E0  0007E4         8       0  CODE        2
                cstackBANK0                    000020  00003C  00005C        20       1  BANK0       1
                cstackCOMMON                   000070  00000E  00007E        70       1  COMMON      1
                cstackBANK1                    0000A0  00001E  0000BE        A0       1  BANK1       1
                bssBANK2                       000120  000048  000168       120       1  BANK2       1
                bssBANK3                       0001A0  000048  0001E8       1A0       1  BANK3       1
                strings                        000800  00004A  00084A      1000       0  STRING      2
                text20                         000B0B  00002D  000B38      1616       0  CODE        2
                maintext                       000B38  00002F  000B67      1670       0  CODE        2
                text27                         000B67  000045  000BAC      16CE       0  CODE        2
                text14                         000BAC  00004D  000BF9      1758       0  CODE        2
                text11                         000BF9  000062  000C5B      17F2       0  CODE        2
                text10                         000C5B  0000BA  000D15      18B6       0  CODE        2
                text15                         000D15  00014C  000E61      1A2A       0  CODE        2
                text23                         000E61  00019F  001000      1CC2       0  CODE        2


UNUSED ADDRESS RANGES

        Name                Unused          Largest block    Delta
        BANK0            005C-006F             14           1
        BANK1            00BE-00EF             32           1
        BANK2            0168-016F              8           1
        BANK3            01E8-01EF              8           1
        CODE             0003-0003              1           2
                         07E4-07FF             1C
                         084A-0B0A            2C1
                         1000-1FFF            800
        CONFIG           2007-2008              2           2
        CONST            0003-0003              1           2
                         07E4-07FF             1C
                         084A-0B0A            100
                         1000-1FFF            100
        ENTRY            0003-0003              1           2
                         07E4-07FF             1C
                         084A-0B0A            100
                         1000-1FFF            100
        IDLOC            2000-2003              4           2
        RAM              005C-006F             14           1
                         00BE-00EF             32
                         0168-016F              8
                         01E8-01EF              8
        SFR0             0000-001F             20           1
        SFR1             0080-009F             20           1
        SFR2             0100-011F             20           1
        SFR3             0180-019F             20           1
        STACK            00BE-00EF             32           1
        STRCODE          0003-0003              1           2
                         07E4-07FF             1C
                         084A-0B0A            2C1
                         1000-1FFF           1000
        STRING           0003-0003              1           2
                         07E4-07FF             1C
                         084A-0B0A            100
                         1000-1FFF            100

                                  Symbol Table

?_ADC_ReadChannel            cstackCOMMON 0075
?___awdiv                    cstackCOMMON 0070
?___ftdiv                    cstackBANK0  0020
?___ftpack                   cstackCOMMON 0070
?___fttol                    cstackBANK0  002C
?___lldiv                    cstackBANK0  0020
?___lmul                     cstackCOMMON 0070
?___lwdiv                    cstackBANK1  00A0
?___lwmod                    cstackBANK1  00A0
?___lwtoft                   cstackCOMMON 0078
ADC_ReadChannel@ch           cstackCOMMON 0078
ADC_Sample@ad_temp           cstackBANK0  002B
ADC_Sample@adch              cstackBANK0  0021
ADC_Sample@adldo             cstackCOMMON 0070
ADC_Sample@admax             cstackBANK0  0029
ADC_Sample@admin             cstackBANK0  0027
ADC_Sample@adsum             cstackBANK0  0023
ADC_Sample@i                 cstackBANK0  0022
ADC_Sample@j                 cstackBANK0  0020
CCCV_Control@adjust          cstackBANK0  0020
CCCV_Control@cvCount         cstackBANK0  0023
CCCV_Control@duty            cstackBANK0  002B
CCCV_Control@error           cstackBANK0  0029
CCCV_Control@hasCharging     cstackBANK0  0022
CCCV_Control@i               cstackBANK0  002E
CCCV_Control@maxV            cstackBANK0  0027
CCCV_Control@s               cstackBANK0  002D
ChargeProcess_Slot@idx       cstackCOMMON 0075
ChargeProcess_Slot@p         cstackCOMMON 007A
ChargeProcess_Slot@v         cstackCOMMON 0078
Charging_Control@chargeB1_6  cstackCOMMON 0073
Charging_Control@chargeB7_12 cstackCOMMON 0074
Charging_Control@i           cstackCOMMON 0077
Charging_Control@s           cstackCOMMON 0076
Detect_BatteryType@voltage   cstackCOMMON 0070
Interrupt_Isr@RxNum          bssBANK0     0050
Interrupt_Isr@power_temp     cstackBANK0  003E
Led_BlinkProcess@i           cstackCOMMON 007A
PL10                         text19       07C4
PL12                         text23       0FFB
PL14                         text19       07D3
PL16                         text2        06DA
PL18                         text22       041D
PL2                          text23       0FE2
PL20                         text11       0C54
PL22                         text2        06E0
PL24                         text14       0BF4
PL26                         text22       0423
PL4                          text23       0FF3
PL6                          text2        06C6
PL8                          text2        06CF
Print_Status@i               cstackBANK1  00B8
Read_Temperature@ntcR        cstackBANK0  0034
Read_Temperature@ntcVal      cstackBANK0  0031
Read_Temperature@temp        cstackBANK0  0033
System_Init@i                cstackBANK1  00AC
Update_LED_Slot@idx          cstackCOMMON 0073
Update_LED_Slot@p            cstackCOMMON 0074
_ADCON0                      (abs)        0095
_ADCON1                      (abs)        0096
_ADC_ReadChannel             text22       0400
_ADC_Sample                  text19       06E6
_ADRESH                      (abs)        0099
_ADRESL                      (abs)        0098
_ANSEL0                      (abs)        0093
_ANSEL1                      (abs)        0094
_ANSEL2                      (abs)        0109
_ANSEL3                      (abs)        008C
_CC0CON                      (abs)        0195
_CC1CON                      (abs)        0196
_CCCV_Control                text22       0271
_CCCV_Control$443            cstackBANK0  0024
_CCCV_Control$454            cstackBANK0  0025
_CCCV_Control$465            cstackBANK0  0026
_CHS4                        (abs)        04B6
_ChargeProcess_Slot          text23       0E61
_Charging_Control            text22       003A
_Charging_Control$426        cstackCOMMON 0075
_Detect_BatteryType          text23       0FA9
_GIE                         (abs)        005F
_GODONE                      (abs)        04A9
_IOCA                        (abs)        0089
_IOCB                        (abs)        0009
_Interrupt_Isr               text22       016A
_Interrupt_Isr$366           cstackBANK0  003D
_LDO_EN                      (abs)        04B2
_Led_BlinkProcess            text22       0375
_Led_BlinkProcess$494        cstackCOMMON 0075
_Led_BlinkProcess$505        cstackCOMMON 0076
_Led_BlinkProcess$516        cstackCOMMON 0077
_Led_BlinkProcess$527        cstackCOMMON 0078
_Led_BlinkProcess$538        cstackCOMMON 0079
_OPTION_REG                  (abs)        0001
_OSCCON                      (abs)        0014
_PEIE                        (abs)        005E
_PORTA                       (abs)        0086
_PORTB                       (abs)        0006
_PORTC                       (abs)        0106
_PORTD                       (abs)        0107
_PowerOnLedSequence          text20       0B0B
_Print_Status                text2        0429
_Print_Status$570            cstackBANK1  00B1
_Print_Status$582            cstackBANK1  00B2
_Print_Status$594            cstackBANK1  00B3
_Print_Status$605            cstackBANK1  00B4
_Print_Status$617            cstackBANK1  00B5
_Print_Status$639            cstackBANK1  00B6
_Print_Status$640            cstackBANK1  00B7
_RA0                         (abs)        0430
_RA1                         (abs)        0431
_RA2                         (abs)        0432
_RA3                         (abs)        0433
_RB0                         (abs)        0030
_RB1                         (abs)        0031
_RB2                         (abs)        0032
_RB3                         (abs)        0033
_RB6                         (abs)        0036
_RB7                         (abs)        0037
_RC1IE                       (abs)        0880
_RC1IF                       (abs)        0878
_RC2                         (abs)        0832
_RC3                         (abs)        0833
_RC4                         (abs)        0834
_RC5                         (abs)        0835
_RCREG1                      (abs)        0188
_RCSTA1                      (abs)        0186
_RD0                         (abs)        0838
_RD1                         (abs)        0839
_RD2                         (abs)        083A
_RD3                         (abs)        083B
_RXOK_f                      bitbssBANK0  02D1
_Read_Temperature            text15       0D15
_RxTable                     bssBANK0     0042
_SPBRG1                      (abs)        0189
_System_Init                 text2        0510
_System_Init$253             cstackBANK1  00A3
_System_Init$264             cstackBANK1  00A4
_System_Init$275             cstackBANK1  00A5
_System_Init$286             cstackBANK1  00A6
_System_Init$297             cstackBANK1  00A7
_System_Init$308             cstackBANK1  00A8
_System_Init$319             cstackBANK1  00A9
_System_Init$330             cstackBANK1  00AA
_System_Init$341             cstackBANK1  00AB
_T0IE                        (abs)        005D
_T0IF                        (abs)        005A
_TMR0                        (abs)        0081
_TRISA                       (abs)        0085
_TRISB                       (abs)        0005
_TRISC                       (abs)        0105
_TRISD                       (abs)        0114
_TRMT1                       (abs)        0C29
_TXREG1                      (abs)        0187
_TXSTA1                      (abs)        0185
_Update_LED_Slot             text14       0BAC
_WPDA                        (abs)        0087
_WPDB                        (abs)        0007
_WPUA                        (abs)        0088
_WPUB                        (abs)        0008
_WPUC                        (abs)        0108
_WPUD                        (abs)        0115
__Habs1                      abs1         0000
__Hbank0                     bank0        0000
__Hbank1                     bank1        0000
__Hbank2                     bank2        0000
__Hbank3                     bank3        0000
__HbitbssBANK0               bitbssBANK0  0000
__HbssBANK0                  bssBANK0     0000
__HbssBANK1                  bssBANK1     0000
__HbssBANK2                  bssBANK2     0000
__HbssBANK3                  bssBANK3     0000
__Hcinit                     cinit        003A
__Hclrtext                   clrtext      0000
__Hcode                      code         0000
__Hcommon                    common       0000
__Hconfig                    config       0000
__HcstackBANK0               cstackBANK0  0000
__HcstackBANK1               cstackBANK1  0000
__HcstackCOMMON              cstackCOMMON 0000
__HdataBANK0                 dataBANK0    0000
__Heeprom_data               eeprom_data  0000
__Hend_init                  end_init     0015
__Hfunctab                   functab      0000
__HidataBANK0                idataBANK0   0000
__Hidloc                     idloc        0000
__Hinit                      init         0012
__Hintentry                  intentry     0012
__Hmaintext                  maintext     0000
__Hpa_nodes0                 pa_nodes0    0000
__Hpowerup                   powerup      0000
__Hram                       ram          0000
__Hreset_vec                 reset_vec    0003
__Hsfr0                      sfr0         0000
__Hsfr1                      sfr1         0000
__Hsfr2                      sfr2         0000
__Hsfr3                      sfr3         0000
__Hspace_0                   (abs)        1000
__Hspace_1                   (abs)        02D2
__Hspace_2                   (abs)        0000
__Hspace_3                   (abs)        0000
__Hstack                     stack        0000
__Hstrings                   strings      0000
__Htext                      text         0000
__Labs1                      abs1         0000
__Lbank0                     bank0        0000
__Lbank1                     bank1        0000
__Lbank2                     bank2        0000
__Lbank3                     bank3        0000
__LbitbssBANK0               bitbssBANK0  0000
__LbssBANK0                  bssBANK0     0000
__LbssBANK1                  bssBANK1     0000
__LbssBANK2                  bssBANK2     0000
__LbssBANK3                  bssBANK3     0000
__Lcinit                     cinit        0015
__Lclrtext                   clrtext      0000
__Lcode                      code         0000
__Lcommon                    common       0000
__Lconfig                    config       0000
__LcstackBANK0               cstackBANK0  0000
__LcstackBANK1               cstackBANK1  0000
__LcstackCOMMON              cstackCOMMON 0000
__LdataBANK0                 dataBANK0    0000
__Leeprom_data               eeprom_data  0000
__Lend_init                  end_init     0012
__Lfunctab                   functab      0000
__LidataBANK0                idataBANK0   0000
__Lidloc                     idloc        0000
__Linit                      init         0012
__Lintentry                  intentry     0004
__Lmaintext                  maintext     0000
__Lpa_nodes0                 pa_nodes0    0000
__Lpowerup                   powerup      0000
__Lram                       ram          0000
__Lreset_vec                 reset_vec    0000
__Lsfr0                      sfr0         0000
__Lsfr1                      sfr1         0000
__Lsfr2                      sfr2         0000
__Lsfr3                      sfr3         0000
__Lspace_0                   (abs)        0000
__Lspace_1                   (abs)        0000
__Lspace_2                   (abs)        0000
__Lspace_3                   (abs)        0000
__Lstack                     stack        0000
__Lstrings                   strings      0000
__Ltext                      text         0000
__S0                         (abs)        1000
__S1                         (abs)        01E8
__S2                         (abs)        0000
___awdiv                     text27       0B67
___awdiv@counter             cstackCOMMON 0074
___awdiv@dividend            cstackCOMMON 0072
___awdiv@divisor             cstackCOMMON 0070
___awdiv@quotient            cstackCOMMON 0076
___awdiv@sign                cstackCOMMON 0075
___bmul                      text2        060C
___bmul@multiplicand         cstackBANK1  00A0
___bmul@multiplier           cstackBANK1  00A2
___bmul@product              cstackBANK1  00A1
___ftdiv                     text10       0C6B
___ftdiv@cntr                cstackBANK0  0026
___ftdiv@exp                 cstackBANK0  002A
___ftdiv@f1                  cstackBANK0  0023
___ftdiv@f2                  cstackBANK0  0020
___ftdiv@f3                  cstackBANK0  0027
___ftdiv@sign                cstackBANK0  002B
___ftpack                    text10       0CD3
___ftpack@arg                cstackCOMMON 0070
___ftpack@exp                cstackCOMMON 0073
___ftpack@sign               cstackCOMMON 0074
___fttol                     text11       0BF9
___fttol@exp1                cstackBANK0  0038
___fttol@f1                  cstackBANK0  002C
___fttol@lval                cstackBANK0  0034
___fttol@sign1               cstackBANK0  0033
___int_sp                    stack        0000
___latbits                   (abs)        0002
___lldiv                     text15       0DE6
___lldiv@counter             cstackBANK0  002C
___lldiv@dividend            cstackBANK0  0024
___lldiv@divisor             cstackBANK0  0020
___lldiv@quotient            cstackBANK0  0028
___lmul                      text15       0E2E
___lmul@multiplicand         cstackCOMMON 0074
___lmul@multiplier           cstackCOMMON 0070
___lmul@product              cstackCOMMON 0078
___lwdiv                     text2        0678
___lwdiv@counter             cstackBANK1  00A4
___lwdiv@dividend            cstackBANK1  00A2
___lwdiv@divisor             cstackBANK1  00A0
___lwdiv@quotient            cstackBANK1  00A5
___lwmod                     text2        06A2
___lwmod@counter             cstackBANK1  00A4
___lwmod@dividend            cstackBANK1  00A2
___lwmod@divisor             cstackBANK1  00A0
___lwtoft                    text10       0C5B
___lwtoft@c                  cstackCOMMON 0078
___sp                        stack        0000
__end_ofPL10                 text19       07D3
__end_ofPL12                 text23       1000
__end_ofPL14                 text19       07DC
__end_ofPL16                 text2        06E0
__end_ofPL18                 text22       0423
__end_ofPL2                  text23       0FF3
__end_ofPL20                 text11       0C5B
__end_ofPL22                 text2        06E6
__end_ofPL24                 text14       0BF9
__end_ofPL26                 text22       0429
__end_ofPL4                  text23       0FFB
__end_ofPL6                  text2        06CF
__end_ofPL8                  text2        06DA
__end_of_ADC_ReadChannel     text22       041D
__end_of_ADC_Sample          text19       07C4
__end_of_CCCV_Control        text22       0375
__end_of_ChargeProcess_Slot  text23       0FA9
__end_of_Charging_Control    text22       016A
__end_of_Detect_BatteryType  text23       0FE2
__end_of_Interrupt_Isr       text22       0271
__end_of_Led_BlinkProcess    text22       03F2
__end_of_PowerOnLedSequence  text20       0B38
__end_of_Print_Status        text2        0510
__end_of_Read_Temperature    text15       0DE6
__end_of_System_Init         text2        060C
__end_of_Update_LED_Slot     text14       0BF4
__end_of___awdiv             text27       0BAC
__end_of___bmul              text2        061A
__end_of___ftdiv             text10       0CD3
__end_of___ftpack            text10       0D15
__end_of___fttol             text11       0C54
__end_of___lldiv             text15       0E2E
__end_of___lmul              text15       0E61
__end_of___lwdiv             text2        06A2
__end_of___lwmod             text2        06C6
__end_of___lwtoft            text10       0C6B
__end_of__initialization     cinit        0036
__end_of__stringtab          strings      0806
__end_of_main                maintext     0B67
__end_of_s_adcChannels       strings      0812
__end_of_uart_send_char      text2        0678
__end_of_uart_send_number    text2        066F
__end_of_uart_send_string    text2        0634
__end_ofi1___bmul            text22       0400
__initialization             cinit        0015
__pbitbssBANK0               bitbssBANK0  02D0
__pbssBANK0                  bssBANK0     0042
__pbssBANK1                  bssBANK1     00BA
__pbssBANK2                  bssBANK2     0120
__pbssBANK3                  bssBANK3     01A0
__pcstackBANK0               cstackBANK0  0020
__pcstackBANK1               cstackBANK1  00A0
__pcstackCOMMON              cstackCOMMON 0070
__pdataBANK0                 dataBANK0    005B
__pidataBANK0                idataBANK0   0000
__pintentry                  intentry     0004
__pmaintext                  maintext     0B38
__pstrings                   strings      0800
__ptext1                     text2        0510
__ptext10                    text10       0C5B
__ptext11                    text11       0BF9
__ptext12                    text10       0C6B
__ptext13                    text10       0CD3
__ptext14                    text14       0BAC
__ptext15                    text15       0D15
__ptext16                    text15       0E2E
__ptext17                    text15       0DE6
__ptext18                    text22       0400
__ptext19                    text19       06E6
__ptext2                     text2        0429
__ptext20                    text20       0B0B
__ptext21                    text22       0375
__ptext22                    text22       003A
__ptext23                    text23       0E61
__ptext24                    text23       0FA9
__ptext25                    text22       0271
__ptext26                    text22       03F2
__ptext27                    text27       0B67
__ptext3                     text2        061A
__ptext4                     text2        0634
__ptext5                     text2        066F
__ptext6                     text2        06A2
__ptext7                     text2        0678
__ptext8                     text2        060C
__ptext9                     text22       016A
__size_of_ADC_ReadChannel    (abs)        0000
__size_of_ADC_Sample         (abs)        0000
__size_of_CCCV_Control       (abs)        0000
__size_of_ChargeProcess_Slot (abs)        0000
__size_of_Charging_Control   (abs)        0000
__size_of_Detect_BatteryType (abs)        0000
__size_of_Interrupt_Isr      (abs)        0000
__size_of_Led_BlinkProcess   (abs)        0000
__size_of_PowerOnLedSequence (abs)        0000
__size_of_Print_Status       (abs)        0000
__size_of_Read_Temperature   (abs)        0000
__size_of_System_Init        (abs)        0000
__size_of_Update_LED_Slot    (abs)        0000
__size_of___awdiv            (abs)        0000
__size_of___bmul             (abs)        0000
__size_of___ftdiv            (abs)        0000
__size_of___ftpack           (abs)        0000
__size_of___fttol            (abs)        0000
__size_of___lldiv            (abs)        0000
__size_of___lmul             (abs)        0000
__size_of___lwdiv            (abs)        0000
__size_of___lwmod            (abs)        0000
__size_of___lwtoft           (abs)        0000
__size_of_main               (abs)        0000
__size_of_uart_send_char     (abs)        0000
__size_of_uart_send_number   (abs)        0000
__size_of_uart_send_string   (abs)        0000
__size_ofi1___bmul           (abs)        0000
__stringbase                 strings      0805
__stringtab                  strings      0800
_adresult                    bssBANK0     0058
_g_cvIntegral                bssBANK0     004C
_g_powerOnPhase              bssBANK0     0053
_g_powerOnTimer              bssBANK1     00BA
_g_printFlag                 bitbssBANK0  02D0
_g_pwmCounter                bssBANK0     0051
_g_pwmDuty                   bssBANK0     0052
_g_scanIndex                 bssBANK0     0055
_g_scanPhase                 bssBANK0     0054
_g_slot0                     bssBANK3     01A0
_g_slot1                     bssBANK2     0120
_g_systemTick                bssBANK0     004E
_g_tempProtect               bssBANK0     0057
_g_temperature               dataBANK0    005B
_main                        maintext     0B38
_power_ad                    bssBANK1     00BC
_s_adcChannels               strings      0806
_test_adc                    bssBANK0     0056
_uart_send_char              text2        066F
_uart_send_number            text2        0634
_uart_send_string            text2        061A
btemp                        (abs)        007E
clear_ram0                   clrtext      07DC
end_of_initialization        cinit        0036
i1___bmul                    text22       03F2
i1___bmul@multiplicand       cstackCOMMON 0070
i1___bmul@multiplier         cstackCOMMON 0071
i1___bmul@product            cstackCOMMON 0072
interrupt_function           intentry     0004
intlevel0                    functab      0000
intlevel1                    functab      0000
intlevel2                    functab      0000
intlevel3                    functab      0000
intlevel4                    functab      0000
intlevel5                    functab      0000
main@i                       cstackBANK1  00B9
reset_vec                    reset_vec    0000
saved_w                      (abs)        007E
stackhi                      (abs)        0000
stacklo                      (abs)        0000
start                        init         0012
start_initialization         cinit        0015
uart_send_char@c             cstackBANK1  00A0
uart_send_number@buf         cstackBANK1  00A9
uart_send_number@i           cstackBANK1  00AF
uart_send_number@j           cstackBANK1  00B0
uart_send_number@num         cstackBANK1  00A7
uart_send_string@str         cstackBANK1  00A1
wtemp0                       (abs)        007E


FUNCTION INFORMATION:

 *************** function _main *****************
 Defined at:
		line 218 in file "E:\1.workspace\7.other\17.charge_demo\charge_demo\06-release\SC8F096_Timer_Demo\main.c"
 Parameters:    Size  Location     Type
		None
 Auto vars:     Size  Location     Type
  i               1   25[BANK1 ] unsigned char 
 Return value:  Size  Location     Type
                  1    wreg      void 
 Registers used:
		wreg, fsr0l, fsr0h, status,2, status,0, pclath, cstack
 Tracked objects:
		On entry : 
		On exit  : 
		Unchanged: 
 Data sizes:     COMMON   BANK0   BANK1   BANK3   BANK2
      Params:         0       0       0       0       0
      Locals:         0       0       1       0       0
      Temps:          0       0       0       0       0
      Totals:         0       0       1       0       0
Total ram usage:        1 bytes
 Hardware stack levels required when called:    7
 This function calls:
		_Print_Status
		_System_Init
		_uart_send_string
 This function is called by:
		Startup code after reset
 This function uses a non-reentrant model


 *************** function _System_Init *****************
 Defined at:
		line 65 in file "E:\1.workspace\7.other\17.charge_demo\charge_demo\06-release\SC8F096_Timer_Demo\main.c"
 Parameters:    Size  Location     Type
		None
 Auto vars:     Size  Location     Type
  i               1   12[BANK1 ] unsigned char 
 Return value:  Size  Location     Type
                  1    wreg      void 
 Registers used:
		wreg, fsr0l, fsr0h, status,2, status,0, pclath, cstack
 Tracked objects:
		On entry : 
		On exit  : 
		Unchanged: 
 Data sizes:     COMMON   BANK0   BANK1   BANK3   BANK2
      Params:         0       0       0       0       0
      Locals:         0       0      10       0       0
      Temps:          0       0       0       0       0
      Totals:         0       0      10       0       0
Total ram usage:       10 bytes
 Hardware stack levels used:    1
 Hardware stack levels required when called:    5
 This function calls:
		___bmul
 This function is called by:
		_main
 This function uses a non-reentrant model


 *************** function _Print_Status *****************
 Defined at:
		line 92 in file "E:\1.workspace\7.other\17.charge_demo\charge_demo\06-release\SC8F096_Timer_Demo\uart_dbg.c"
 Parameters:    Size  Location     Type
		None
 Auto vars:     Size  Location     Type
  i               1   24[BANK1 ] unsigned char 
 Return value:  Size  Location     Type
                  1    wreg      void 
 Registers used:
		wreg, fsr0l, fsr0h, status,2, status,0, pclath, cstack
 Tracked objects:
		On entry : 
		On exit  : 
		Unchanged: 
 Data sizes:     COMMON   BANK0   BANK1   BANK3   BANK2
      Params:         0       0       0       0       0
      Locals:         0       0       8       0       0
      Temps:          0       0       0       0       0
      Totals:         0       0       8       0       0
Total ram usage:        8 bytes
 Hardware stack levels used:    1
 Hardware stack levels required when called:    6
 This function calls:
		___bmul
		_uart_send_number
		_uart_send_string
 This function is called by:
		_main
 This function uses a non-reentrant model


 *************** function _uart_send_string *****************
 Defined at:
		line 40 in file "E:\1.workspace\7.other\17.charge_demo\charge_demo\06-release\SC8F096_Timer_Demo\uart_dbg.c"
 Parameters:    Size  Location     Type
  str             1    wreg     PTR const unsigned char 
		 -> STR_12(3), STR_11(5), STR_10(6), STR_9(5), 
		 -> STR_8(4), STR_7(4), STR_6(4), STR_5(2), 
		 -> STR_4(5), STR_3(7), STR_2(3), STR_1(11), 
 Auto vars:     Size  Location     Type
  str             1    1[BANK1 ] PTR const unsigned char 
		 -> STR_12(3), STR_11(5), STR_10(6), STR_9(5), 
		 -> STR_8(4), STR_7(4), STR_6(4), STR_5(2), 
		 -> STR_4(5), STR_3(7), STR_2(3), STR_1(11), 
 Return value:  Size  Location     Type
                  1    wreg      void 
 Registers used:
		wreg, fsr0l, fsr0h, status,2, status,0, pclath, cstack
 Tracked objects:
		On entry : 
		On exit  : 
		Unchanged: 
 Data sizes:     COMMON   BANK0   BANK1   BANK3   BANK2
      Params:         0       0       0       0       0
      Locals:         0       0       1       0       0
      Temps:          0       0       0       0       0
      Totals:         0       0       1       0       0
Total ram usage:        1 bytes
 Hardware stack levels used:    1
 Hardware stack levels required when called:    5
 This function calls:
		_uart_send_char
 This function is called by:
		_main
		_Print_Status
 This function uses a non-reentrant model


 *************** function _uart_send_number *****************
 Defined at:
		line 53 in file "E:\1.workspace\7.other\17.charge_demo\charge_demo\06-release\SC8F096_Timer_Demo\uart_dbg.c"
 Parameters:    Size  Location     Type
  num             2    7[BANK1 ] unsigned int 
 Auto vars:     Size  Location     Type
  buf             6    9[BANK1 ] unsigned char [6]
  j               1   16[BANK1 ] unsigned char 
  i               1   15[BANK1 ] unsigned char 
 Return value:  Size  Location     Type
                  1    wreg      void 
 Registers used:
		wreg, fsr0l, fsr0h, status,2, status,0, pclath, cstack
 Tracked objects:
		On entry : 
		On exit  : 
		Unchanged: 
 Data sizes:     COMMON   BANK0   BANK1   BANK3   BANK2
      Params:         0       0       2       0       0
      Locals:         0       0       8       0       0
      Temps:          0       0       0       0       0
      Totals:         0       0      10       0       0
Total ram usage:       10 bytes
 Hardware stack levels used:    1
 Hardware stack levels required when called:    5
 This function calls:
		___lwdiv
		___lwmod
		_uart_send_char
 This function is called by:
		_Print_Status
 This function uses a non-reentrant model


 *************** function _uart_send_char *****************
 Defined at:
		line 28 in file "E:\1.workspace\7.other\17.charge_demo\charge_demo\06-release\SC8F096_Timer_Demo\uart_dbg.c"
 Parameters:    Size  Location     Type
  c               1    wreg     unsigned char 
 Auto vars:     Size  Location     Type
  c               1    0[BANK1 ] unsigned char 
 Return value:  Size  Location     Type
                  1    wreg      void 
 Registers used:
		wreg
 Tracked objects:
		On entry : 
		On exit  : 
		Unchanged: 
 Data sizes:     COMMON   BANK0   BANK1   BANK3   BANK2
      Params:         0       0       0       0       0
      Locals:         0       0       1       0       0
      Temps:          0       0       0       0       0
      Totals:         0       0       1       0       0
Total ram usage:        1 bytes
 Hardware stack levels used:    1
 Hardware stack levels required when called:    4
 This function calls:
		Nothing
 This function is called by:
		_uart_send_string
		_uart_send_number
 This function uses a non-reentrant model


 *************** function ___lwmod *****************
 Defined at:
		line 6 in file "D:\6.software\58.SCMCU_IDE\SCMCU_IDE_V2.00.16\data\sources\common\lwmod.c"
 Parameters:    Size  Location     Type
  divisor         2    0[BANK1 ] unsigned int 
  dividend        2    2[BANK1 ] unsigned int 
 Auto vars:     Size  Location     Type
  counter         1    4[BANK1 ] unsigned char 
 Return value:  Size  Location     Type
                  2    0[BANK1 ] unsigned int 
 Registers used:
		wreg, status,2, status,0
 Tracked objects:
		On entry : 
		On exit  : 
		Unchanged: 
 Data sizes:     COMMON   BANK0   BANK1   BANK3   BANK2
      Params:         0       0       4       0       0
      Locals:         0       0       1       0       0
      Temps:          0       0       0       0       0
      Totals:         0       0       5       0       0
Total ram usage:        5 bytes
 Hardware stack levels used:    1
 Hardware stack levels required when called:    4
 This function calls:
		Nothing
 This function is called by:
		_uart_send_number
 This function uses a non-reentrant model


 *************** function ___lwdiv *****************
 Defined at:
		line 6 in file "D:\6.software\58.SCMCU_IDE\SCMCU_IDE_V2.00.16\data\sources\common\lwdiv.c"
 Parameters:    Size  Location     Type
  divisor         2    0[BANK1 ] unsigned int 
  dividend        2    2[BANK1 ] unsigned int 
 Auto vars:     Size  Location     Type
  quotient        2    5[BANK1 ] unsigned int 
  counter         1    4[BANK1 ] unsigned char 
 Return value:  Size  Location     Type
                  2    0[BANK1 ] unsigned int 
 Registers used:
		wreg, status,2, status,0
 Tracked objects:
		On entry : 
		On exit  : 
		Unchanged: 
 Data sizes:     COMMON   BANK0   BANK1   BANK3   BANK2
      Params:         0       0       4       0       0
      Locals:         0       0       3       0       0
      Temps:          0       0       0       0       0
      Totals:         0       0       7       0       0
Total ram usage:        7 bytes
 Hardware stack levels used:    1
 Hardware stack levels required when called:    4
 This function calls:
		Nothing
 This function is called by:
		_uart_send_number
 This function uses a non-reentrant model


 *************** function ___bmul *****************
 Defined at:
		line 4 in file "D:\6.software\58.SCMCU_IDE\SCMCU_IDE_V2.00.16\data\sources\common\Umul8.c"
 Parameters:    Size  Location     Type
  multiplier      1    wreg     unsigned char 
  multiplicand    1    0[BANK1 ] unsigned char 
 Auto vars:     Size  Location     Type
  multiplier      1    2[BANK1 ] unsigned char 
  product         1    1[BANK1 ] unsigned char 
 Return value:  Size  Location     Type
                  1    wreg      unsigned char 
 Registers used:
		wreg, status,2, status,0
 Tracked objects:
		On entry : 
		On exit  : 
		Unchanged: 
 Data sizes:     COMMON   BANK0   BANK1   BANK3   BANK2
      Params:         0       0       1       0       0
      Locals:         0       0       2       0       0
      Temps:          0       0       0       0       0
      Totals:         0       0       3       0       0
Total ram usage:        3 bytes
 Hardware stack levels used:    1
 Hardware stack levels required when called:    4
 This function calls:
		Nothing
 This function is called by:
		_System_Init
		_Interrupt_Isr
		_ChargeProcess_Slot
		_Charging_Control
		_CCCV_Control
		_Update_LED_Slot
		_Led_BlinkProcess
		_Print_Status
 This function uses a non-reentrant model


 *************** function _Interrupt_Isr *****************
 Defined at:
		line 268 in file "E:\1.workspace\7.other\17.charge_demo\charge_demo\06-release\SC8F096_Timer_Demo\main.c"
 Parameters:    Size  Location     Type
		None
 Auto vars:     Size  Location     Type
  power_temp      4   30[BANK0 ] volatile unsigned long 
 Return value:  Size  Location     Type
                  1    wreg      void 
 Registers used:
		wreg, fsr0l, fsr0h, status,2, status,0, btemp+1, pclath, cstack
 Tracked objects:
		On entry : 
		On exit  : 
		Unchanged: 
 Data sizes:     COMMON   BANK0   BANK1   BANK3   BANK2
      Params:         0       0       0       0       0
      Locals:         0       5       0       0       0
      Temps:          0       4       0       0       0
      Totals:         0       9       0       0       0
Total ram usage:        9 bytes
 Hardware stack levels used:    1
 Hardware stack levels required when called:    3
 This function calls:
		_ADC_ReadChannel
		_ADC_Sample
		_CCCV_Control
		_ChargeProcess_Slot
		_Charging_Control
		_Led_BlinkProcess
		_PowerOnLedSequence
		_Read_Temperature
		_Update_LED_Slot
		___ftdiv
		___fttol
		___lwtoft
		i1___bmul
 This function is called by:
		Interrupt level 1
 This function uses a non-reentrant model


 *************** function ___lwtoft *****************
 Defined at:
		line 28 in file "D:\6.software\58.SCMCU_IDE\SCMCU_IDE_V2.00.16\data\sources\common\lwtoft.c"
 Parameters:    Size  Location     Type
  c               2    8[COMMON] unsigned int 
 Auto vars:     Size  Location     Type
		None
 Return value:  Size  Location     Type
                  3    8[COMMON] float 
 Registers used:
		wreg, status,2, status,0, pclath, cstack
 Tracked objects:
		On entry : 
		On exit  : 
		Unchanged: 
 Data sizes:     COMMON   BANK0   BANK1   BANK3   BANK2
      Params:         3       0       0       0       0
      Locals:         0       0       0       0       0
      Temps:          0       0       0       0       0
      Totals:         3       0       0       0       0
Total ram usage:        3 bytes
 Hardware stack levels used:    1
 Hardware stack levels required when called:    1
 This function calls:
		___ftpack
 This function is called by:
		_Interrupt_Isr
 This function uses a non-reentrant model


 *************** function ___fttol *****************
 Defined at:
		line 44 in file "D:\6.software\58.SCMCU_IDE\SCMCU_IDE_V2.00.16\data\sources\common\fttol.c"
 Parameters:    Size  Location     Type
  f1              3   12[BANK0 ] float 
 Auto vars:     Size  Location     Type
  lval            4   20[BANK0 ] unsigned long 
  exp1            1   24[BANK0 ] unsigned char 
  sign1           1   19[BANK0 ] unsigned char 
 Return value:  Size  Location     Type
                  4   12[BANK0 ] long 
 Registers used:
		wreg, status,2, status,0
 Tracked objects:
		On entry : 
		On exit  : 
		Unchanged: 
 Data sizes:     COMMON   BANK0   BANK1   BANK3   BANK2
      Params:         0       4       0       0       0
      Locals:         0       6       0       0       0
      Temps:          0       3       0       0       0
      Totals:         0      13       0       0       0
Total ram usage:       13 bytes
 Hardware stack levels used:    1
 This function calls:
		Nothing
 This function is called by:
		_Interrupt_Isr
 This function uses a non-reentrant model


 *************** function ___ftdiv *****************
 Defined at:
		line 56 in file "D:\6.software\58.SCMCU_IDE\SCMCU_IDE_V2.00.16\data\sources\common\ftdiv.c"
 Parameters:    Size  Location     Type
  f2              3    0[BANK0 ] float 
  f1              3    3[BANK0 ] float 
 Auto vars:     Size  Location     Type
  f3              3    7[BANK0 ] float 
  sign            1   11[BANK0 ] unsigned char 
  exp             1   10[BANK0 ] unsigned char 
  cntr            1    6[BANK0 ] unsigned char 
 Return value:  Size  Location     Type
                  3    0[BANK0 ] float 
 Registers used:
		wreg, status,2, status,0, pclath, cstack
 Tracked objects:
		On entry : 
		On exit  : 
		Unchanged: 
 Data sizes:     COMMON   BANK0   BANK1   BANK3   BANK2
      Params:         0       6       0       0       0
      Locals:         0       6       0       0       0
      Temps:          3       0       0       0       0
      Totals:         3      12       0       0       0
Total ram usage:       15 bytes
 Hardware stack levels used:    1
 Hardware stack levels required when called:    1
 This function calls:
		___ftpack
 This function is called by:
		_Interrupt_Isr
 This function uses a non-reentrant model


 *************** function ___ftpack *****************
 Defined at:
		line 62 in file "D:\6.software\58.SCMCU_IDE\SCMCU_IDE_V2.00.16\data\sources\common\float.c"
 Parameters:    Size  Location     Type
  arg             3    0[COMMON] unsigned um
  exp             1    3[COMMON] unsigned char 
  sign            1    4[COMMON] unsigned char 
 Auto vars:     Size  Location     Type
		None
 Return value:  Size  Location     Type
                  3    0[COMMON] float 
 Registers used:
		wreg, status,2, status,0
 Tracked objects:
		On entry : 
		On exit  : 
		Unchanged: 
 Data sizes:     COMMON   BANK0   BANK1   BANK3   BANK2
      Params:         5       0       0       0       0
      Locals:         0       0       0       0       0
      Temps:          3       0       0       0       0
      Totals:         8       0       0       0       0
Total ram usage:        8 bytes
 Hardware stack levels used:    1
 This function calls:
		Nothing
 This function is called by:
		___lwtoft
		___ftdiv
 This function uses a non-reentrant model


 *************** function _Update_LED_Slot *****************
 Defined at:
		line 30 in file "E:\1.workspace\7.other\17.charge_demo\charge_demo\06-release\SC8F096_Timer_Demo\led.c"
 Parameters:    Size  Location     Type
  idx             1    wreg     unsigned char 
 Auto vars:     Size  Location     Type
  idx             1    3[COMMON] unsigned char 
  p               1    4[COMMON] PTR struct .
		 -> g_slot1(72), g_slot0(72), 
 Return value:  Size  Location     Type
                  1    wreg      void 
 Registers used:
		wreg, fsr0l, fsr0h, status,2, status,0, pclath, cstack
 Tracked objects:
		On entry : 
		On exit  : 
		Unchanged: 
 Data sizes:     COMMON   BANK0   BANK1   BANK3   BANK2
      Params:         0       0       0       0       0
      Locals:         2       0       0       0       0
      Temps:          0       0       0       0       0
      Totals:         2       0       0       0       0
Total ram usage:        2 bytes
 Hardware stack levels used:    1
 Hardware stack levels required when called:    1
 This function calls:
		i1___bmul
 This function is called by:
		_Interrupt_Isr
 This function uses a non-reentrant model


 *************** function _Read_Temperature *****************
 Defined at:
		line 29 in file "E:\1.workspace\7.other\17.charge_demo\charge_demo\06-release\SC8F096_Timer_Demo\charge_mgr.c"
 Parameters:    Size  Location     Type
		None
 Auto vars:     Size  Location     Type
  ntcR            2   20[BANK0 ] unsigned int 
  ntcVal          2   17[BANK0 ] unsigned int 
  temp            1   19[BANK0 ] unsigned char 
 Return value:  Size  Location     Type
                  1    wreg      unsigned char 
 Registers used:
		wreg, status,2, status,0, pclath, cstack
 Tracked objects:
		On entry : 
		On exit  : 
		Unchanged: 
 Data sizes:     COMMON   BANK0   BANK1   BANK3   BANK2
      Params:         0       0       0       0       0
      Locals:         0       5       0       0       0
      Temps:          0       4       0       0       0
      Totals:         0       9       0       0       0
Total ram usage:        9 bytes
 Hardware stack levels used:    1
 Hardware stack levels required when called:    2
 This function calls:
		_ADC_ReadChannel
		___lldiv
		___lmul
 This function is called by:
		_Interrupt_Isr
 This function uses a non-reentrant model


 *************** function ___lmul *****************
 Defined at:
		line 15 in file "D:\6.software\58.SCMCU_IDE\SCMCU_IDE_V2.00.16\data\sources\common\Umul32.c"
 Parameters:    Size  Location     Type
  multiplier      4    0[COMMON] unsigned long 
  multiplicand    4    4[COMMON] unsigned long 
 Auto vars:     Size  Location     Type
  product         4    8[COMMON] unsigned long 
 Return value:  Size  Location     Type
                  4    0[COMMON] unsigned long 
 Registers used:
		wreg, status,2, status,0
 Tracked objects:
		On entry : 
		On exit  : 
		Unchanged: 
 Data sizes:     COMMON   BANK0   BANK1   BANK3   BANK2
      Params:         8       0       0       0       0
      Locals:         4       0       0       0       0
      Temps:          0       0       0       0       0
      Totals:        12       0       0       0       0
Total ram usage:       12 bytes
 Hardware stack levels used:    1
 This function calls:
		Nothing
 This function is called by:
		_Read_Temperature
 This function uses a non-reentrant model


 *************** function ___lldiv *****************
 Defined at:
		line 6 in file "D:\6.software\58.SCMCU_IDE\SCMCU_IDE_V2.00.16\data\sources\common\lldiv.c"
 Parameters:    Size  Location     Type
  divisor         4    0[BANK0 ] unsigned long 
  dividend        4    4[BANK0 ] unsigned long 
 Auto vars:     Size  Location     Type
  quotient        4    8[BANK0 ] unsigned long 
  counter         1   12[BANK0 ] unsigned char 
 Return value:  Size  Location     Type
                  4    0[BANK0 ] unsigned long 
 Registers used:
		wreg, status,2, status,0
 Tracked objects:
		On entry : 
		On exit  : 
		Unchanged: 
 Data sizes:     COMMON   BANK0   BANK1   BANK3   BANK2
      Params:         0       8       0       0       0
      Locals:         0       5       0       0       0
      Temps:          0       0       0       0       0
      Totals:         0      13       0       0       0
Total ram usage:       13 bytes
 Hardware stack levels used:    1
 This function calls:
		Nothing
 This function is called by:
		_Read_Temperature
 This function uses a non-reentrant model


 *************** function _ADC_ReadChannel *****************
 Defined at:
		line 131 in file "E:\1.workspace\7.other\17.charge_demo\charge_demo\06-release\SC8F096_Timer_Demo\adc_drv.c"
 Parameters:    Size  Location     Type
  ch              1    wreg     unsigned char 
 Auto vars:     Size  Location     Type
  ch              1    8[COMMON] unsigned char 
 Return value:  Size  Location     Type
                  2    5[COMMON] unsigned int 
 Registers used:
		wreg, status,2, status,0, pclath, cstack
 Tracked objects:
		On entry : 
		On exit  : 
		Unchanged: 
 Data sizes:     COMMON   BANK0   BANK1   BANK3   BANK2
      Params:         2       0       0       0       0
      Locals:         1       0       0       0       0
      Temps:          1       0       0       0       0
      Totals:         4       0       0       0       0
Total ram usage:        4 bytes
 Hardware stack levels used:    1
 Hardware stack levels required when called:    1
 This function calls:
		_ADC_Sample
 This function is called by:
		_Interrupt_Isr
		_Read_Temperature
 This function uses a non-reentrant model


 *************** function _ADC_Sample *****************
 Defined at:
		line 43 in file "E:\1.workspace\7.other\17.charge_demo\charge_demo\06-release\SC8F096_Timer_Demo\adc_drv.c"
 Parameters:    Size  Location     Type
  adch            1    wreg     unsigned char 
  adldo           1    0[COMMON] unsigned char 
 Auto vars:     Size  Location     Type
  adch            1    1[BANK0 ] unsigned char 
  j               1    0[BANK0 ] unsigned char 
  adsum           4    3[BANK0 ] volatile unsigned long 
  ad_temp         2   11[BANK0 ] volatile unsigned int 
  admax           2    9[BANK0 ] volatile unsigned int 
  admin           2    7[BANK0 ] volatile unsigned int 
  i               1    2[BANK0 ] unsigned char 
 Return value:  Size  Location     Type
                  1    wreg      unsigned char 
 Registers used:
		wreg, status,2, status,0
 Tracked objects:
		On entry : 
		On exit  : 
		Unchanged: 
 Data sizes:     COMMON   BANK0   BANK1   BANK3   BANK2
      Params:         1       0       0       0       0
      Locals:         0      13       0       0       0
      Temps:          4       0       0       0       0
      Totals:         5      13       0       0       0
Total ram usage:       18 bytes
 Hardware stack levels used:    1
 This function calls:
		Nothing
 This function is called by:
		_Interrupt_Isr
		_ADC_ReadChannel
 This function uses a non-reentrant model


 *************** function _PowerOnLedSequence *****************
 Defined at:
		line 95 in file "E:\1.workspace\7.other\17.charge_demo\charge_demo\06-release\SC8F096_Timer_Demo\led.c"
 Parameters:    Size  Location     Type
		None
 Auto vars:     Size  Location     Type
		None
 Return value:  Size  Location     Type
                  1    wreg      void 
 Registers used:
		wreg, status,2, status,0
 Tracked objects:
		On entry : 
		On exit  : 
		Unchanged: 
 Data sizes:     COMMON   BANK0   BANK1   BANK3   BANK2
      Params:         0       0       0       0       0
      Locals:         0       0       0       0       0
      Temps:          0       0       0       0       0
      Totals:         0       0       0       0       0
Total ram usage:        0 bytes
 Hardware stack levels used:    1
 This function calls:
		Nothing
 This function is called by:
		_Interrupt_Isr
 This function uses a non-reentrant model


 *************** function _Led_BlinkProcess *****************
 Defined at:
		line 66 in file "E:\1.workspace\7.other\17.charge_demo\charge_demo\06-release\SC8F096_Timer_Demo\led.c"
 Parameters:    Size  Location     Type
		None
 Auto vars:     Size  Location     Type
  i               1   10[COMMON] unsigned char 
 Return value:  Size  Location     Type
                  1    wreg      void 
 Registers used:
		wreg, fsr0l, fsr0h, status,2, status,0, pclath, cstack
 Tracked objects:
		On entry : 
		On exit  : 
		Unchanged: 
 Data sizes:     COMMON   BANK0   BANK1   BANK3   BANK2
      Params:         0       0       0       0       0
      Locals:         6       0       0       0       0
      Temps:          2       0       0       0       0
      Totals:         8       0       0       0       0
Total ram usage:        8 bytes
 Hardware stack levels used:    1
 Hardware stack levels required when called:    1
 This function calls:
		i1___bmul
 This function is called by:
		_Interrupt_Isr
 This function uses a non-reentrant model


 *************** function _Charging_Control *****************
 Defined at:
		line 332 in file "E:\1.workspace\7.other\17.charge_demo\charge_demo\06-release\SC8F096_Timer_Demo\charge_mgr.c"
 Parameters:    Size  Location     Type
		None
 Auto vars:     Size  Location     Type
  s               1    6[COMMON] unsigned char 
  i               1    7[COMMON] unsigned char 
  chargeB7_12     1    4[COMMON] unsigned char 
  chargeB1_6      1    3[COMMON] unsigned char 
 Return value:  Size  Location     Type
                  1    wreg      void 
 Registers used:
		wreg, fsr0l, fsr0h, status,2, status,0, pclath, cstack
 Tracked objects:
		On entry : 
		On exit  : 
		Unchanged: 
 Data sizes:     COMMON   BANK0   BANK1   BANK3   BANK2
      Params:         0       0       0       0       0
      Locals:         5       0       0       0       0
      Temps:          0       0       0       0       0
      Totals:         5       0       0       0       0
Total ram usage:        5 bytes
 Hardware stack levels used:    1
 Hardware stack levels required when called:    1
 This function calls:
		i1___bmul
 This function is called by:
		_Interrupt_Isr
 This function uses a non-reentrant model


 *************** function _ChargeProcess_Slot *****************
 Defined at:
		line 142 in file "E:\1.workspace\7.other\17.charge_demo\charge_demo\06-release\SC8F096_Timer_Demo\charge_mgr.c"
 Parameters:    Size  Location     Type
  idx             1    wreg     unsigned char 
 Auto vars:     Size  Location     Type
  idx             1    5[COMMON] unsigned char 
  v               2    8[COMMON] unsigned int 
  tick            2    0        unsigned int 
  p               1   10[COMMON] PTR struct .
		 -> g_slot1(72), g_slot0(72), 
 Return value:  Size  Location     Type
                  1    wreg      void 
 Registers used:
		wreg, fsr0l, fsr0h, status,2, status,0, pclath, cstack
 Tracked objects:
		On entry : 
		On exit  : 
		Unchanged: 
 Data sizes:     COMMON   BANK0   BANK1   BANK3   BANK2
      Params:         0       0       0       0       0
      Locals:         6       0       0       0       0
      Temps:          2       0       0       0       0
      Totals:         8       0       0       0       0
Total ram usage:        8 bytes
 Hardware stack levels used:    1
 Hardware stack levels required when called:    1
 This function calls:
		_Detect_BatteryType
		i1___bmul
 This function is called by:
		_Interrupt_Isr
 This function uses a non-reentrant model


 *************** function _Detect_BatteryType *****************
 Defined at:
		line 87 in file "E:\1.workspace\7.other\17.charge_demo\charge_demo\06-release\SC8F096_Timer_Demo\charge_mgr.c"
 Parameters:    Size  Location     Type
  voltage         2    0[COMMON] unsigned int 
 Auto vars:     Size  Location     Type
		None
 Return value:  Size  Location     Type
                  1    wreg      unsigned char 
 Registers used:
		wreg
 Tracked objects:
		On entry : 
		On exit  : 
		Unchanged: 
 Data sizes:     COMMON   BANK0   BANK1   BANK3   BANK2
      Params:         2       0       0       0       0
      Locals:         0       0       0       0       0
      Temps:          0       0       0       0       0
      Totals:         2       0       0       0       0
Total ram usage:        2 bytes
 Hardware stack levels used:    1
 This function calls:
		Nothing
 This function is called by:
		_ChargeProcess_Slot
 This function uses a non-reentrant model


 *************** function _CCCV_Control *****************
 Defined at:
		line 403 in file "E:\1.workspace\7.other\17.charge_demo\charge_demo\06-release\SC8F096_Timer_Demo\charge_mgr.c"
 Parameters:    Size  Location     Type
		None
 Auto vars:     Size  Location     Type
  s               1   13[BANK0 ] unsigned char 
  duty            2   11[BANK0 ] int 
  error           2    9[BANK0 ] int 
  adjust          2    0[BANK0 ] int 
  maxV            2    7[BANK0 ] unsigned int 
  i               1   14[BANK0 ] unsigned char 
  cvCount         1    3[BANK0 ] unsigned char 
  hasCharging     1    2[BANK0 ] unsigned char 
 Return value:  Size  Location     Type
                  1    wreg      void 
 Registers used:
		wreg, fsr0l, fsr0h, status,2, status,0, btemp+1, pclath, cstack
 Tracked objects:
		On entry : 
		On exit  : 
		Unchanged: 
 Data sizes:     COMMON   BANK0   BANK1   BANK3   BANK2
      Params:         0       0       0       0       0
      Locals:         0      15       0       0       0
      Temps:          2       0       0       0       0
      Totals:         2      15       0       0       0
Total ram usage:       17 bytes
 Hardware stack levels used:    1
 Hardware stack levels required when called:    1
 This function calls:
		___awdiv
		i1___bmul
 This function is called by:
		_Interrupt_Isr
 This function uses a non-reentrant model


 *************** function i1___bmul *****************
 Defined at:
		line 4 in file "D:\6.software\58.SCMCU_IDE\SCMCU_IDE_V2.00.16\data\sources\common\Umul8.c"
 Parameters:    Size  Location     Type
  multiplier      1    wreg     unsigned char 
  multiplicand    1    0[COMMON] unsigned char 
 Auto vars:     Size  Location     Type
  multiplier      1    1[COMMON] unsigned char 
  __bmul          1    2[COMMON] unsigned char 
 Return value:  Size  Location     Type
                  1    wreg      unsigned char 
 Registers used:
		wreg, status,2, status,0
 Tracked objects:
		On entry : 
		On exit  : 
		Unchanged: 
 Data sizes:     COMMON   BANK0   BANK1   BANK3   BANK2
      Params:         1       0       0       0       0
      Locals:         2       0       0       0       0
      Temps:          0       0       0       0       0
      Totals:         3       0       0       0       0
Total ram usage:        3 bytes
 Hardware stack levels used:    1
 This function calls:
		Nothing
 This function is called by:
		_Interrupt_Isr
		_ChargeProcess_Slot
		_Charging_Control
		_CCCV_Control
		_Update_LED_Slot
		_Led_BlinkProcess
 This function uses a non-reentrant model


 *************** function ___awdiv *****************
 Defined at:
		line 6 in file "D:\6.software\58.SCMCU_IDE\SCMCU_IDE_V2.00.16\data\sources\common\awdiv.c"
 Parameters:    Size  Location     Type
  divisor         2    0[COMMON] int 
  dividend        2    2[COMMON] int 
 Auto vars:     Size  Location     Type
  quotient        2    6[COMMON] int 
  sign            1    5[COMMON] unsigned char 
  counter         1    4[COMMON] unsigned char 
 Return value:  Size  Location     Type
                  2    0[COMMON] int 
 Registers used:
		wreg, status,2, status,0
 Tracked objects:
		On entry : 
		On exit  : 
		Unchanged: 
 Data sizes:     COMMON   BANK0   BANK1   BANK3   BANK2
      Params:         4       0       0       0       0
      Locals:         4       0       0       0       0
      Temps:          0       0       0       0       0
      Totals:         8       0       0       0       0
Total ram usage:        8 bytes
 Hardware stack levels used:    1
 This function calls:
		Nothing
 This function is called by:
		_CCCV_Control
 This function uses a non-reentrant model



MODULE INFORMATION

Module		Function		Class		Link	Load	Size
E:\1.workspace\7.other\17.charge_demo\charge_demo\06-release\SC8F096_Timer_Demo\uart_dbg.c
		_Print_Status  		CODE           	0429	0000	232
		_uart_send_string		CODE           	061A	0000	27
		_uart_send_number		CODE           	0634	0000	60
		_uart_send_char		CODE           	066F	0000	10

E:\1.workspace\7.other\17.charge_demo\charge_demo\06-release\SC8F096_Timer_Demo\uart_dbg.c estimated size: 329

D:\6.software\58.SCMCU_IDE\SCMCU_IDE_V2.00.16\data\sources\common\float.c
		___ftpack      		CODE           	0CD3	0000	67

D:\6.software\58.SCMCU_IDE\SCMCU_IDE_V2.00.16\data\sources\common\float.c estimated size: 67

D:\6.software\58.SCMCU_IDE\SCMCU_IDE_V2.00.16\data\sources\common\lwtoft.c
		___lwtoft      		CODE           	0C5B	0000	17

D:\6.software\58.SCMCU_IDE\SCMCU_IDE_V2.00.16\data\sources\common\lwtoft.c estimated size: 17

D:\6.software\58.SCMCU_IDE\SCMCU_IDE_V2.00.16\data\sources\common\lwmod.c
		___lwmod       		CODE           	06A2	0000	37

D:\6.software\58.SCMCU_IDE\SCMCU_IDE_V2.00.16\data\sources\common\lwmod.c estimated size: 37

E:\1.workspace\7.other\17.charge_demo\charge_demo\06-release\SC8F096_Timer_Demo\charge_mgr.c
		_ChargeProcess_Slot		CODE           	0E61	0000	329
		_CCCV_Control  		CODE           	0271	0000	261
		_Detect_BatteryType		CODE           	0FA9	0000	58
		_Charging_Control		CODE           	003A	0000	305
		_Read_Temperature		CODE           	0D15	0000	210

E:\1.workspace\7.other\17.charge_demo\charge_demo\06-release\SC8F096_Timer_Demo\charge_mgr.c estimated size: 1163

E:\1.workspace\7.other\17.charge_demo\charge_demo\06-release\SC8F096_Timer_Demo\adc_drv.c
		_ADC_ReadChannel		CODE           	0400	0000	30
		_ADC_Sample    		CODE           	06E6	0000	223

E:\1.workspace\7.other\17.charge_demo\charge_demo\06-release\SC8F096_Timer_Demo\adc_drv.c estimated size: 253

shared
		PL12           		CODE           	0FFB	0000	6
		PL8            		CODE           	06CF	0000	12
		PL22           		CODE           	06E0	0000	7
		PL14           		CODE           	07D3	0000	10
		PL24           		CODE           	0BF4	0000	6
		__stringtab    		STRING         	0800	0000	7
		PL16           		CODE           	06DA	0000	7
		PL26           		CODE           	0423	0000	7
		PL18           		CODE           	041D	0000	7
		__initialization		CODE           	0015	0000	34
		i1___bmul      		CODE           	03F2	0000	15
		PL2            		CODE           	0FE2	0000	18
		_s_adcChannels 		STRING         	0806	0000	13
		PL10           		CODE           	07C4	0000	16
		PL4            		CODE           	0FF3	0000	9
		PL20           		CODE           	0C54	0000	8
		PL6            		CODE           	06C6	0000	10

shared estimated size: 192

D:\6.software\58.SCMCU_IDE\SCMCU_IDE_V2.00.16\data\sources\common\ftdiv.c
		___ftdiv       		CODE           	0C6B	0000	105

D:\6.software\58.SCMCU_IDE\SCMCU_IDE_V2.00.16\data\sources\common\ftdiv.c estimated size: 105

D:\6.software\58.SCMCU_IDE\SCMCU_IDE_V2.00.16\data\sources\common\lwdiv.c
		___lwdiv       		CODE           	0678	0000	43

D:\6.software\58.SCMCU_IDE\SCMCU_IDE_V2.00.16\data\sources\common\lwdiv.c estimated size: 43

D:\6.software\58.SCMCU_IDE\SCMCU_IDE_V2.00.16\data\sources\common\awdiv.c
		___awdiv       		CODE           	0B67	0000	70

D:\6.software\58.SCMCU_IDE\SCMCU_IDE_V2.00.16\data\sources\common\awdiv.c estimated size: 70

E:\1.workspace\7.other\17.charge_demo\charge_demo\06-release\SC8F096_Timer_Demo\main.c
		_main          		CODE           	0B38	0000	48
		_Interrupt_Isr 		CODE           	016A	0000	264
		_System_Init   		CODE           	0510	0000	253

E:\1.workspace\7.other\17.charge_demo\charge_demo\06-release\SC8F096_Timer_Demo\main.c estimated size: 565

D:\6.software\58.SCMCU_IDE\SCMCU_IDE_V2.00.16\data\sources\common\lldiv.c
		___lldiv       		CODE           	0DE6	0000	73

D:\6.software\58.SCMCU_IDE\SCMCU_IDE_V2.00.16\data\sources\common\lldiv.c estimated size: 73

E:\1.workspace\7.other\17.charge_demo\charge_demo\06-release\SC8F096_Timer_Demo\led.c
		_Led_BlinkProcess		CODE           	0375	0000	126
		_Update_LED_Slot		CODE           	0BAC	0000	73
		_PowerOnLedSequence		CODE           	0B0B	0000	46

E:\1.workspace\7.other\17.charge_demo\charge_demo\06-release\SC8F096_Timer_Demo\led.c estimated size: 245

D:\6.software\58.SCMCU_IDE\SCMCU_IDE_V2.00.16\data\sources\common\Umul8.c
		___bmul        		CODE           	060C	0000	15

D:\6.software\58.SCMCU_IDE\SCMCU_IDE_V2.00.16\data\sources\common\Umul8.c estimated size: 15

D:\6.software\58.SCMCU_IDE\SCMCU_IDE_V2.00.16\data\sources\common\fttol.c
		___fttol       		CODE           	0BF9	0000	92

D:\6.software\58.SCMCU_IDE\SCMCU_IDE_V2.00.16\data\sources\common\fttol.c estimated size: 92

D:\6.software\58.SCMCU_IDE\SCMCU_IDE_V2.00.16\data\sources\common\Umul32.c
		___lmul        		CODE           	0E2E	0000	52

D:\6.software\58.SCMCU_IDE\SCMCU_IDE_V2.00.16\data\sources\common\Umul32.c estimated size: 52

