Microchip MPLAB XC8 Compiler V1.45 ()

Linker command line:

-W-9 \
  --edf=D:\6.software\58.SCMCU_IDE\SCMCU_IDE_V2.00.16\data\dat\en_msgs.txt \
  -cs -h+SC8P096_timer_C.sym --cmf=SC8P096_timer_C.cmf -z -QSC8F096 \
  -oC:\Users\YQ23405\AppData\Local\Temp\s1to.2 -MSC8P096_timer_C.map -E1 \
  -ver=XC8 -ASTACK=0BDh-0efh -pstack=STACK -ACODE=00h-07FFhx4 \
  -ASTRCODE=00h-01FFFh -ASTRING=00h-0FFhx32 -ACONST=00h-0FFhx32 \
  -AENTRY=00h-0FFhx32 -ACOMMON=070h-07Fh -ABANK0=020h-06Fh \
  -ABANK1=0A0h-0EFh -ABANK2=0120h-016Fh -ABANK3=01A0h-01EFh \
  -ARAM=020h-06Fh,0A0h-0EFh,0120h-016Fh,01A0h-01EFh \
  -AABS1=020h-07Fh,0A0h-0EFh,0120h-016Fh,01A0h-01EFh -ASFR0=00h-01Fh \
  -ASFR1=080h-09Fh -ASFR2=0100h-011Fh -ASFR3=0180h-019Fh \
  -preset_vec=00h,intentry=04h,init,end_init -ppowerup=CODE -pcinit=CODE \
  -pfunctab=ENTRY -ACONFIG=02007h-02008h -pconfig=CONFIG -DCONFIG=2 \
  -AIDLOC=02000h-02003h -pidloc=IDLOC -DIDLOC=2 -DCODE=2 -DSTRCODE=2 \
  -DSTRING=2 -DCONST=2 -DENTRY=2 -k startup.obj SC8P096_timer_C.obj 

Object code version is 3.11

Machine type is SC8F096



                Name                               Link     Load   Length Selector   Space Scale
startup.obj     end_init                             12       12        3        8       0
                reset_vec                             0        0        3        0       0
SC8P096_timer_C.obj
                cinit                                15       15       25        8       0
                intentry                              4        4        E        8       0
                text23                              302      302      19F        8       0
                text14                              829      829      7D7     1052       0
                text2                                3A       3A      2C8        8       0
                maintext                            4EB      4EB       17      9D6       0
                cstackBANK0                          20       20       22       20       1
                cstackCOMMON                         70       70        E       70       1
                cstackBANK1                          A0       A0       19       A0       1
                clrtext                             502      502        8      9D6       0
                bssBANK2                            120      120       48      120       1
                bssBANK3                            1A0      1A0       48      1A0       1
                bssBANK1                             B9       B9        4       A0       1
                dataBANK0                            50       50        1       20       1
                bssBANK0                             42       42        D       20       1
                bitbssBANK0                         278       4F        1       20       1     8
                strings                             4A1      4A1       4A      942       0

TOTAL           Name                               Link     Load   Length     Space
        CLASS   STACK          

        CLASS   CODE           
                end_init                             12       12        3         0
                cinit                                15       15       25         0
                intentry                              4        4        E         0
                reset_vec                             0        0        3         0
                text23                              302      302      19F         0
                text14                              829      829      7D7         0
                text2                                3A       3A      2C8         0
                maintext                            4EB      4EB       17         0
                clrtext                             502      502        8         0

        CLASS   STRCODE        

        CLASS   STRING         
                strings                             4A1      4A1       4A         0

        CLASS   CONST          

        CLASS   ENTRY          

        CLASS   COMMON         
                cstackCOMMON                         70       70        E         1

        CLASS   BANK0          
                cstackBANK0                          20       20       22         1
                dataBANK0                            50       50        1         1
                bssBANK0                             42       42        D         1
                bitbssBANK0                         278       4F        1         1

        CLASS   BANK1          
                cstackBANK1                          A0       A0       19         1
                bssBANK1                             B9       B9        4         1

        CLASS   BANK2          
                bssBANK2                            120      120       48         1

        CLASS   BANK3          
                bssBANK3                            1A0      1A0       48         1

        CLASS   RAM            

        CLASS   ABS1           
                abs_s1                               7E       7E        2         1

        CLASS   SFR0           

        CLASS   SFR1           

        CLASS   SFR2           

        CLASS   SFR3           

        CLASS   CONFIG         

        CLASS   IDLOC          

        CLASS   EEDATA         



SEGMENTS        Name                           Load    Length   Top    Selector   Space  Class     Delta

                reset_vec                      000000  000003  000003         0       0  CODE        2
                intentry                       000004  00049D  0004A1         8       0  CODE        2
                cstackBANK0                    000020  000031  000051        20       1  BANK0       1
                cstackCOMMON                   000070  00000E  00007E        70       1  COMMON      1
                cstackBANK1                    0000A0  00001D  0000BD        A0       1  BANK1       1
                bssBANK2                       000120  000048  000168       120       1  BANK2       1
                bssBANK3                       0001A0  000048  0001E8       1A0       1  BANK3       1
                strings                        0004A1  00004A  0004EB       942       0  STRING      2
                maintext                       0004EB  00001F  00050A       9D6       0  CODE        2
                text14                         000829  0007D7  001000      1052       0  CODE        2


UNUSED ADDRESS RANGES

        Name                Unused          Largest block    Delta
        BANK0            0051-006F             1F           1
        BANK1            00BD-00EF             33           1
        BANK2            0168-016F              8           1
        BANK3            01E8-01EF              8           1
        CODE             0003-0003              1           2
                         050A-0828            2F6
                         1000-1FFF            800
        CONFIG           2007-2008              2           2
        CONST            0003-0003              1           2
                         050A-0828            100
                         1000-1FFF            100
        ENTRY            0003-0003              1           2
                         050A-0828            100
                         1000-1FFF            100
        IDLOC            2000-2003              4           2
        RAM              0051-006F             1F           1
                         00BD-00EF             33
                         0168-016F              8
                         01E8-01EF              8
        SFR0             0000-001F             20           1
        SFR1             0080-009F             20           1
        SFR2             0100-011F             20           1
        SFR3             0180-019F             20           1
        STACK            00BD-00EF             33           1
        STRCODE          0003-0003              1           2
                         050A-0828            31F
                         1000-1FFF           1000
        STRING           0003-0003              1           2
                         050A-0828            100
                         1000-1FFF            100

                                  Symbol Table

?_ADC_ReadChannel            cstackCOMMON 0075
?___awdiv                    cstackCOMMON 0070
?___ftdiv                    cstackBANK0  0020
?___ftpack                   cstackCOMMON 0070
?___fttol                    cstackBANK0  002C
?___lldiv                    cstackBANK0  0020
?___lmul                     cstackCOMMON 0070
?___lwdiv                    cstackBANK1  00A0
?___lwmod                    cstackBANK1  00A0
?___lwtoft                   cstackCOMMON 0078
ADC_ReadChannel@ch           cstackCOMMON 0078
ADC_Sample@ad_temp           cstackBANK0  002B
ADC_Sample@adch              cstackBANK0  0021
ADC_Sample@adldo             cstackCOMMON 0070
ADC_Sample@admax             cstackBANK0  0029
ADC_Sample@admin             cstackBANK0  0027
ADC_Sample@adsum             cstackBANK0  0023
ADC_Sample@i                 cstackBANK0  0022
ADC_Sample@j                 cstackBANK0  0020
CCCV_Control@adjust          cstackBANK0  0020
CCCV_Control@cvCount         cstackBANK0  0023
CCCV_Control@duty            cstackBANK0  002B
CCCV_Control@error           cstackBANK0  0029
CCCV_Control@hasCharging     cstackBANK0  0022
CCCV_Control@i               cstackBANK0  002E
CCCV_Control@maxV            cstackBANK0  0027
CCCV_Control@s               cstackBANK0  002D
ChargeProcess_Slot@idx       cstackCOMMON 0075
ChargeProcess_Slot@p         cstackCOMMON 007A
ChargeProcess_Slot@v         cstackCOMMON 0078
Charging_Control@chargeB1_6  cstackCOMMON 0073
Charging_Control@chargeB7_12 cstackCOMMON 0074
Charging_Control@i           cstackCOMMON 0077
Charging_Control@s           cstackCOMMON 0076
Detect_BatteryType@voltage   cstackCOMMON 0070
Interrupt_Isr@power_temp     cstackBANK0  003E
Led_BlinkProcess@i           cstackCOMMON 007A
PL10                         text14       0FD0
PL12                         text14       0FDF
PL14                         text23       049C
PL16                         text2        02F6
PL18                         text14       0FE8
PL2                          text23       0483
PL20                         text14       0FEF
PL22                         text14       0FF5
PL24                         text14       0FFA
PL26                         text2        02FC
PL4                          text23       0494
PL6                          text2        02E2
PL8                          text2        02EB
Print_Status@i               cstackBANK1  00B8
Read_Temperature@ntcR        cstackBANK0  0034
Read_Temperature@ntcVal      cstackBANK0  0031
Read_Temperature@temp        cstackBANK0  0033
System_Init@i                cstackBANK1  00AF
Update_LED_Slot@idx          cstackCOMMON 0073
Update_LED_Slot@p            cstackCOMMON 0074
_ADCON0                      (abs)        0095
_ADCON1                      (abs)        0096
_ADC_ReadChannel             text14       0D1A
_ADC_Sample                  text14       0D35
_ADRESH                      (abs)        0099
_ADRESL                      (abs)        0098
_ANSEL0                      (abs)        0093
_ANSEL1                      (abs)        0094
_ANSEL2                      (abs)        0109
_ANSEL3                      (abs)        008C
_CC0CON                      (abs)        0195
_CC1CON                      (abs)        0196
_CCCV_Control                text14       0A79
_CCCV_Control$436            cstackBANK0  0024
_CCCV_Control$447            cstackBANK0  0025
_CCCV_Control$458            cstackBANK0  0026
_CHS4                        (abs)        04B6
_ChargeProcess_Slot          text23       0302
_Charging_Control            text14       086D
_Charging_Control$419        cstackCOMMON 0075
_Detect_BatteryType          text23       044A
_GIE                         (abs)        005F
_GODONE                      (abs)        04A9
_IOCA                        (abs)        0089
_IOCB                        (abs)        0009
_Interrupt_Isr               text14       099D
_Interrupt_Isr$361           cstackBANK0  003D
_LDO_EN                      (abs)        04B2
_Led_BlinkProcess            text14       0B7B
_Led_BlinkProcess$487        cstackCOMMON 0075
_Led_BlinkProcess$498        cstackCOMMON 0076
_Led_BlinkProcess$509        cstackCOMMON 0077
_Led_BlinkProcess$520        cstackCOMMON 0078
_Led_BlinkProcess$531        cstackCOMMON 0079
_OPTION_REG                  (abs)        0001
_OSCCON                      (abs)        0014
_PEIE                        (abs)        005E
_PORTA                       (abs)        0086
_PORTB                       (abs)        0006
_PORTC                       (abs)        0106
_PORTD                       (abs)        0107
_PowerOnLedSequence          text14       0E5B
_Print_Status                text2        003A
_Print_Status$561            cstackBANK1  00B1
_Print_Status$573            cstackBANK1  00B2
_Print_Status$585            cstackBANK1  00B3
_Print_Status$596            cstackBANK1  00B4
_Print_Status$608            cstackBANK1  00B5
_Print_Status$630            cstackBANK1  00B6
_Print_Status$631            cstackBANK1  00B7
_RA0                         (abs)        0430
_RA1                         (abs)        0431
_RA2                         (abs)        0432
_RA3                         (abs)        0433
_RB0                         (abs)        0030
_RB1                         (abs)        0031
_RB2                         (abs)        0032
_RB3                         (abs)        0033
_RB6                         (abs)        0036
_RB7                         (abs)        0037
_RC2                         (abs)        0832
_RC3                         (abs)        0833
_RC4                         (abs)        0834
_RC5                         (abs)        0835
_RCSTA1                      (abs)        0186
_RD0                         (abs)        0838
_RD1                         (abs)        0839
_RD2                         (abs)        083A
_RD3                         (abs)        083B
_Read_Temperature            text14       0C4B
_SPBRG1                      (abs)        0189
_System_Init                 text2        0121
_System_Init$249             cstackBANK1  00A6
_System_Init$260             cstackBANK1  00A7
_System_Init$271             cstackBANK1  00A8
_System_Init$282             cstackBANK1  00A9
_System_Init$293             cstackBANK1  00AA
_System_Init$304             cstackBANK1  00AB
_System_Init$315             cstackBANK1  00AC
_System_Init$326             cstackBANK1  00AD
_System_Init$337             cstackBANK1  00AE
_T0IE                        (abs)        005D
_T0IF                        (abs)        005A
_TMR0                        (abs)        0081
_TRISA                       (abs)        0085
_TRISB                       (abs)        0005
_TRISC                       (abs)        0105
_TRISD                       (abs)        0114
_TRMT1                       (abs)        0C29
_TXREG1                      (abs)        0187
_TXSTA1                      (abs)        0185
_Update_LED_Slot             text14       0829
_WPDA                        (abs)        0087
_WPDB                        (abs)        0007
_WPUA                        (abs)        0088
_WPUB                        (abs)        0008
_WPUC                        (abs)        0108
_WPUD                        (abs)        0115
__Habs1                      abs1         0000
__Hbank0                     bank0        0000
__Hbank1                     bank1        0000
__Hbank2                     bank2        0000
__Hbank3                     bank3        0000
__HbitbssBANK0               bitbssBANK0  0000
__HbssBANK0                  bssBANK0     0000
__HbssBANK1                  bssBANK1     0000
__HbssBANK2                  bssBANK2     0000
__HbssBANK3                  bssBANK3     0000
__Hcinit                     cinit        003A
__Hclrtext                   clrtext      0000
__Hcode                      code         0000
__Hcommon                    common       0000
__Hconfig                    config       0000
__HcstackBANK0               cstackBANK0  0000
__HcstackBANK1               cstackBANK1  0000
__HcstackCOMMON              cstackCOMMON 0000
__HdataBANK0                 dataBANK0    0000
__Heeprom_data               eeprom_data  0000
__Hend_init                  end_init     0015
__Hfunctab                   functab      0000
__HidataBANK0                idataBANK0   0000
__Hidloc                     idloc        0000
__Hinit                      init         0012
__Hintentry                  intentry     0012
__Hmaintext                  maintext     0000
__Hpa_nodes0                 pa_nodes0    0000
__Hpowerup                   powerup      0000
__Hram                       ram          0000
__Hreset_vec                 reset_vec    0003
__Hsfr0                      sfr0         0000
__Hsfr1                      sfr1         0000
__Hsfr2                      sfr2         0000
__Hsfr3                      sfr3         0000
__Hspace_0                   (abs)        1000
__Hspace_1                   (abs)        0279
__Hspace_2                   (abs)        0000
__Hspace_3                   (abs)        0000
__Hstack                     stack        0000
__Hstrings                   strings      0000
__Htext                      text         0000
__Labs1                      abs1         0000
__Lbank0                     bank0        0000
__Lbank1                     bank1        0000
__Lbank2                     bank2        0000
__Lbank3                     bank3        0000
__LbitbssBANK0               bitbssBANK0  0000
__LbssBANK0                  bssBANK0     0000
__LbssBANK1                  bssBANK1     0000
__LbssBANK2                  bssBANK2     0000
__LbssBANK3                  bssBANK3     0000
__Lcinit                     cinit        0015
__Lclrtext                   clrtext      0000
__Lcode                      code         0000
__Lcommon                    common       0000
__Lconfig                    config       0000
__LcstackBANK0               cstackBANK0  0000
__LcstackBANK1               cstackBANK1  0000
__LcstackCOMMON              cstackCOMMON 0000
__LdataBANK0                 dataBANK0    0000
__Leeprom_data               eeprom_data  0000
__Lend_init                  end_init     0012
__Lfunctab                   functab      0000
__LidataBANK0                idataBANK0   0000
__Lidloc                     idloc        0000
__Linit                      init         0012
__Lintentry                  intentry     0004
__Lmaintext                  maintext     0000
__Lpa_nodes0                 pa_nodes0    0000
__Lpowerup                   powerup      0000
__Lram                       ram          0000
__Lreset_vec                 reset_vec    0000
__Lsfr0                      sfr0         0000
__Lsfr1                      sfr1         0000
__Lsfr2                      sfr2         0000
__Lsfr3                      sfr3         0000
__Lspace_0                   (abs)        0000
__Lspace_1                   (abs)        0000
__Lspace_2                   (abs)        0000
__Lspace_3                   (abs)        0000
__Lstack                     stack        0000
__Lstrings                   strings      0000
__Ltext                      text         0000
__S0                         (abs)        1000
__S1                         (abs)        01E8
__S2                         (abs)        0000
___awdiv                     text14       0C06
___awdiv@counter             cstackCOMMON 0074
___awdiv@dividend            cstackCOMMON 0072
___awdiv@divisor             cstackCOMMON 0070
___awdiv@quotient            cstackCOMMON 0076
___awdiv@sign                cstackCOMMON 0075
___bmul                      text2        0228
___bmul@multiplicand         cstackBANK1  00A0
___bmul@multiplier           cstackBANK1  00A2
___bmul@product              cstackBANK1  00A1
___ftdiv                     text14       0EBB
___ftdiv@cntr                cstackBANK0  0026
___ftdiv@exp                 cstackBANK0  002A
___ftdiv@f1                  cstackBANK0  0023
___ftdiv@f2                  cstackBANK0  0020
___ftdiv@f3                  cstackBANK0  0027
___ftdiv@sign                cstackBANK0  002B
___ftpack                    text14       0F8E
___ftpack@arg                cstackCOMMON 0070
___ftpack@exp                cstackCOMMON 0073
___ftpack@sign               cstackCOMMON 0074
___fttol                     text14       0F23
___fttol@exp1                cstackBANK0  0038
___fttol@f1                  cstackBANK0  002C
___fttol@lval                cstackBANK0  0034
___fttol@sign1               cstackBANK0  0033
___int_sp                    stack        0000
___latbits                   (abs)        0002
___lldiv                     text14       0E13
___lldiv@counter             cstackBANK0  002C
___lldiv@dividend            cstackBANK0  0024
___lldiv@divisor             cstackBANK0  0020
___lldiv@quotient            cstackBANK0  0028
___lmul                      text14       0E88
___lmul@multiplicand         cstackCOMMON 0074
___lmul@multiplier           cstackCOMMON 0070
___lmul@product              cstackCOMMON 0078
___lwdiv                     text2        0294
___lwdiv@counter             cstackBANK1  00A4
___lwdiv@dividend            cstackBANK1  00A2
___lwdiv@divisor             cstackBANK1  00A0
___lwdiv@quotient            cstackBANK1  00A5
___lwmod                     text2        02BE
___lwmod@counter             cstackBANK1  00A4
___lwmod@dividend            cstackBANK1  00A2
___lwmod@divisor             cstackBANK1  00A0
___lwtoft                    text14       0F7E
___lwtoft@c                  cstackCOMMON 0078
___sp                        stack        0000
__end_ofPL10                 text14       0FDF
__end_ofPL12                 text14       0FE8
__end_ofPL14                 text23       04A1
__end_ofPL16                 text2        02FC
__end_ofPL18                 text14       0FEF
__end_ofPL2                  text23       0494
__end_ofPL20                 text14       0FF5
__end_ofPL22                 text14       0FFA
__end_ofPL24                 text14       1000
__end_ofPL26                 text2        0302
__end_ofPL4                  text23       049C
__end_ofPL6                  text2        02EB
__end_ofPL8                  text2        02F6
__end_of_ADC_ReadChannel     text14       0D35
__end_of_ADC_Sample          text14       0E13
__end_of_CCCV_Control        text14       0B7B
__end_of_ChargeProcess_Slot  text23       044A
__end_of_Charging_Control    text14       099D
__end_of_Detect_BatteryType  text23       0483
__end_of_Interrupt_Isr       text14       0A79
__end_of_Led_BlinkProcess    text14       0BF8
__end_of_PowerOnLedSequence  text14       0E88
__end_of_Print_Status        text2        0121
__end_of_Read_Temperature    text14       0D1A
__end_of_System_Init         text2        0228
__end_of_Update_LED_Slot     text14       086D
__end_of___awdiv             text14       0C4B
__end_of___bmul              text2        0236
__end_of___ftdiv             text14       0F23
__end_of___ftpack            text14       0FD0
__end_of___fttol             text14       0F7E
__end_of___lldiv             text14       0E5B
__end_of___lmul              text14       0EBB
__end_of___lwdiv             text2        02BE
__end_of___lwmod             text2        02E2
__end_of___lwtoft            text14       0F8E
__end_of__initialization     cinit        0036
__end_of__stringtab          strings      04A7
__end_of_main                maintext     0502
__end_of_s_adcChannels       strings      04B3
__end_of_uart_send_char      text2        0294
__end_of_uart_send_number    text2        028B
__end_of_uart_send_string    text2        0250
__end_ofi1___bmul            text14       0C06
__initialization             cinit        0015
__pbitbssBANK0               bitbssBANK0  0278
__pbssBANK0                  bssBANK0     0042
__pbssBANK1                  bssBANK1     00B9
__pbssBANK2                  bssBANK2     0120
__pbssBANK3                  bssBANK3     01A0
__pcstackBANK0               cstackBANK0  0020
__pcstackBANK1               cstackBANK1  00A0
__pcstackCOMMON              cstackCOMMON 0070
__pdataBANK0                 dataBANK0    0050
__pidataBANK0                idataBANK0   0000
__pintentry                  intentry     0004
__pmaintext                  maintext     04EB
__pstrings                   strings      04A1
__ptext1                     text2        0121
__ptext10                    text14       0F7E
__ptext11                    text14       0F23
__ptext12                    text14       0EBB
__ptext13                    text14       0F8E
__ptext14                    text14       0829
__ptext15                    text14       0C4B
__ptext16                    text14       0E88
__ptext17                    text14       0E13
__ptext18                    text14       0D1A
__ptext19                    text14       0D35
__ptext2                     text2        003A
__ptext20                    text14       0E5B
__ptext21                    text14       0B7B
__ptext22                    text14       086D
__ptext23                    text23       0302
__ptext24                    text23       044A
__ptext25                    text14       0A79
__ptext26                    text14       0BF8
__ptext27                    text14       0C06
__ptext3                     text2        0236
__ptext4                     text2        0250
__ptext5                     text2        028B
__ptext6                     text2        02BE
__ptext7                     text2        0294
__ptext8                     text2        0228
__ptext9                     text14       099D
__size_of_ADC_ReadChannel    (abs)        0000
__size_of_ADC_Sample         (abs)        0000
__size_of_CCCV_Control       (abs)        0000
__size_of_ChargeProcess_Slot (abs)        0000
__size_of_Charging_Control   (abs)        0000
__size_of_Detect_BatteryType (abs)        0000
__size_of_Interrupt_Isr      (abs)        0000
__size_of_Led_BlinkProcess   (abs)        0000
__size_of_PowerOnLedSequence (abs)        0000
__size_of_Print_Status       (abs)        0000
__size_of_Read_Temperature   (abs)        0000
__size_of_System_Init        (abs)        0000
__size_of_Update_LED_Slot    (abs)        0000
__size_of___awdiv            (abs)        0000
__size_of___bmul             (abs)        0000
__size_of___ftdiv            (abs)        0000
__size_of___ftpack           (abs)        0000
__size_of___fttol            (abs)        0000
__size_of___lldiv            (abs)        0000
__size_of___lmul             (abs)        0000
__size_of___lwdiv            (abs)        0000
__size_of___lwmod            (abs)        0000
__size_of___lwtoft           (abs)        0000
__size_of_main               (abs)        0000
__size_of_uart_send_char     (abs)        0000
__size_of_uart_send_number   (abs)        0000
__size_of_uart_send_string   (abs)        0000
__size_ofi1___bmul           (abs)        0000
__stringbase                 strings      04A6
__stringtab                  strings      04A1
_adresult                    bssBANK0     004D
_g_cvIntegral                bssBANK0     0042
_g_powerOnPhase              bssBANK0     0048
_g_powerOnTimer              bssBANK1     00B9
_g_printFlag                 bitbssBANK0  0278
_g_pwmCounter                bssBANK0     0046
_g_pwmDuty                   bssBANK0     0047
_g_scanIndex                 bssBANK0     004A
_g_scanPhase                 bssBANK0     0049
_g_slot0                     bssBANK3     01A0
_g_slot1                     bssBANK2     0120
_g_systemTick                bssBANK0     0044
_g_tempProtect               bssBANK0     004C
_g_temperature               dataBANK0    0050
_main                        maintext     04EB
_power_ad                    bssBANK1     00BB
_s_adcChannels               strings      04A7
_test_adc                    bssBANK0     004B
_uart_send_char              text2        028B
_uart_send_number            text2        0250
_uart_send_string            text2        0236
btemp                        (abs)        007E
clear_ram0                   clrtext      0502
end_of_initialization        cinit        0036
i1___bmul                    text14       0BF8
i1___bmul@multiplicand       cstackCOMMON 0070
i1___bmul@multiplier         cstackCOMMON 0071
i1___bmul@product            cstackCOMMON 0072
interrupt_function           intentry     0004
intlevel0                    functab      0000
intlevel1                    functab      0000
intlevel2                    functab      0000
intlevel3                    functab      0000
intlevel4                    functab      0000
intlevel5                    functab      0000
reset_vec                    reset_vec    0000
saved_w                      (abs)        007E
stackhi                      (abs)        0000
stacklo                      (abs)        0000
start                        init         0012
start_initialization         cinit        0015
uart_send_char@c             cstackBANK1  00A0
uart_send_number@buf         cstackBANK1  00A9
uart_send_number@i           cstackBANK1  00AF
uart_send_number@j           cstackBANK1  00B0
uart_send_number@num         cstackBANK1  00A7
uart_send_string@str         cstackBANK1  00A1
wtemp0                       (abs)        007E


FUNCTION INFORMATION:

 *************** function _main *****************
 Defined at:
		line 223 in file "E:\1.workspace\7.other\17.charge_demo\charge_demo\06-release\SC8F096_Timer_Demo\main.c"
 Parameters:    Size  Location     Type
		None
 Auto vars:     Size  Location     Type
		None
 Return value:  Size  Location     Type
                  1    wreg      void 
 Registers used:
		wreg, fsr0l, fsr0h, status,2, status,0, pclath, cstack
 Tracked objects:
		On entry : 
		On exit  : 
		Unchanged: 
 Data sizes:     COMMON   BANK0   BANK1   BANK3   BANK2
      Params:         0       0       0       0       0
      Locals:         0       0       0       0       0
      Temps:          0       0       0       0       0
      Totals:         0       0       0       0       0
Total ram usage:        0 bytes
 Hardware stack levels required when called:    7
 This function calls:
		_Print_Status
		_System_Init
		_uart_send_string
 This function is called by:
		Startup code after reset
 This function uses a non-reentrant model


 *************** function _System_Init *****************
 Defined at:
		line 65 in file "E:\1.workspace\7.other\17.charge_demo\charge_demo\06-release\SC8F096_Timer_Demo\main.c"
 Parameters:    Size  Location     Type
		None
 Auto vars:     Size  Location     Type
  i               1   15[BANK1 ] unsigned char 
 Return value:  Size  Location     Type
                  1    wreg      void 
 Registers used:
		wreg, fsr0l, fsr0h, status,2, status,0, pclath, cstack
 Tracked objects:
		On entry : 
		On exit  : 
		Unchanged: 
 Data sizes:     COMMON   BANK0   BANK1   BANK3   BANK2
      Params:         0       0       0       0       0
      Locals:         0       0      10       0       0
      Temps:          0       0       3       0       0
      Totals:         0       0      13       0       0
Total ram usage:       13 bytes
 Hardware stack levels used:    1
 Hardware stack levels required when called:    5
 This function calls:
		___bmul
 This function is called by:
		_main
 This function uses a non-reentrant model


 *************** function _Print_Status *****************
 Defined at:
		line 86 in file "E:\1.workspace\7.other\17.charge_demo\charge_demo\06-release\SC8F096_Timer_Demo\uart_dbg.c"
 Parameters:    Size  Location     Type
		None
 Auto vars:     Size  Location     Type
  i               1   24[BANK1 ] unsigned char 
 Return value:  Size  Location     Type
                  1    wreg      void 
 Registers used:
		wreg, fsr0l, fsr0h, status,2, status,0, pclath, cstack
 Tracked objects:
		On entry : 
		On exit  : 
		Unchanged: 
 Data sizes:     COMMON   BANK0   BANK1   BANK3   BANK2
      Params:         0       0       0       0       0
      Locals:         0       0       8       0       0
      Temps:          0       0       0       0       0
      Totals:         0       0       8       0       0
Total ram usage:        8 bytes
 Hardware stack levels used:    1
 Hardware stack levels required when called:    6
 This function calls:
		___bmul
		_uart_send_number
		_uart_send_string
 This function is called by:
		_main
 This function uses a non-reentrant model


 *************** function _uart_send_string *****************
 Defined at:
		line 34 in file "E:\1.workspace\7.other\17.charge_demo\charge_demo\06-release\SC8F096_Timer_Demo\uart_dbg.c"
 Parameters:    Size  Location     Type
  str             1    wreg     PTR const unsigned char 
		 -> STR_12(3), STR_11(5), STR_10(6), STR_9(5), 
		 -> STR_8(4), STR_7(4), STR_6(4), STR_5(2), 
		 -> STR_4(5), STR_3(7), STR_2(3), STR_1(11), 
 Auto vars:     Size  Location     Type
  str             1    1[BANK1 ] PTR const unsigned char 
		 -> STR_12(3), STR_11(5), STR_10(6), STR_9(5), 
		 -> STR_8(4), STR_7(4), STR_6(4), STR_5(2), 
		 -> STR_4(5), STR_3(7), STR_2(3), STR_1(11), 
 Return value:  Size  Location     Type
                  1    wreg      void 
 Registers used:
		wreg, fsr0l, fsr0h, status,2, status,0, pclath, cstack
 Tracked objects:
		On entry : 
		On exit  : 
		Unchanged: 
 Data sizes:     COMMON   BANK0   BANK1   BANK3   BANK2
      Params:         0       0       0       0       0
      Locals:         0       0       1       0       0
      Temps:          0       0       0       0       0
      Totals:         0       0       1       0       0
Total ram usage:        1 bytes
 Hardware stack levels used:    1
 Hardware stack levels required when called:    5
 This function calls:
		_uart_send_char
 This function is called by:
		_main
		_Print_Status
 This function uses a non-reentrant model


 *************** function _uart_send_number *****************
 Defined at:
		line 47 in file "E:\1.workspace\7.other\17.charge_demo\charge_demo\06-release\SC8F096_Timer_Demo\uart_dbg.c"
 Parameters:    Size  Location     Type
  num             2    7[BANK1 ] unsigned int 
 Auto vars:     Size  Location     Type
  buf             6    9[BANK1 ] unsigned char [6]
  j               1   16[BANK1 ] unsigned char 
  i               1   15[BANK1 ] unsigned char 
 Return value:  Size  Location     Type
                  1    wreg      void 
 Registers used:
		wreg, fsr0l, fsr0h, status,2, status,0, pclath, cstack
 Tracked objects:
		On entry : 
		On exit  : 
		Unchanged: 
 Data sizes:     COMMON   BANK0   BANK1   BANK3   BANK2
      Params:         0       0       2       0       0
      Locals:         0       0       8       0       0
      Temps:          0       0       0       0       0
      Totals:         0       0      10       0       0
Total ram usage:       10 bytes
 Hardware stack levels used:    1
 Hardware stack levels required when called:    5
 This function calls:
		___lwdiv
		___lwmod
		_uart_send_char
 This function is called by:
		_Print_Status
 This function uses a non-reentrant model


 *************** function _uart_send_char *****************
 Defined at:
		line 22 in file "E:\1.workspace\7.other\17.charge_demo\charge_demo\06-release\SC8F096_Timer_Demo\uart_dbg.c"
 Parameters:    Size  Location     Type
  c               1    wreg     unsigned char 
 Auto vars:     Size  Location     Type
  c               1    0[BANK1 ] unsigned char 
 Return value:  Size  Location     Type
                  1    wreg      void 
 Registers used:
		wreg
 Tracked objects:
		On entry : 
		On exit  : 
		Unchanged: 
 Data sizes:     COMMON   BANK0   BANK1   BANK3   BANK2
      Params:         0       0       0       0       0
      Locals:         0       0       1       0       0
      Temps:          0       0       0       0       0
      Totals:         0       0       1       0       0
Total ram usage:        1 bytes
 Hardware stack levels used:    1
 Hardware stack levels required when called:    4
 This function calls:
		Nothing
 This function is called by:
		_uart_send_string
		_uart_send_number
 This function uses a non-reentrant model


 *************** function ___lwmod *****************
 Defined at:
		line 6 in file "D:\6.software\58.SCMCU_IDE\SCMCU_IDE_V2.00.16\data\sources\common\lwmod.c"
 Parameters:    Size  Location     Type
  divisor         2    0[BANK1 ] unsigned int 
  dividend        2    2[BANK1 ] unsigned int 
 Auto vars:     Size  Location     Type
  counter         1    4[BANK1 ] unsigned char 
 Return value:  Size  Location     Type
                  2    0[BANK1 ] unsigned int 
 Registers used:
		wreg, status,2, status,0
 Tracked objects:
		On entry : 
		On exit  : 
		Unchanged: 
 Data sizes:     COMMON   BANK0   BANK1   BANK3   BANK2
      Params:         0       0       4       0       0
      Locals:         0       0       1       0       0
      Temps:          0       0       0       0       0
      Totals:         0       0       5       0       0
Total ram usage:        5 bytes
 Hardware stack levels used:    1
 Hardware stack levels required when called:    4
 This function calls:
		Nothing
 This function is called by:
		_uart_send_number
 This function uses a non-reentrant model


 *************** function ___lwdiv *****************
 Defined at:
		line 6 in file "D:\6.software\58.SCMCU_IDE\SCMCU_IDE_V2.00.16\data\sources\common\lwdiv.c"
 Parameters:    Size  Location     Type
  divisor         2    0[BANK1 ] unsigned int 
  dividend        2    2[BANK1 ] unsigned int 
 Auto vars:     Size  Location     Type
  quotient        2    5[BANK1 ] unsigned int 
  counter         1    4[BANK1 ] unsigned char 
 Return value:  Size  Location     Type
                  2    0[BANK1 ] unsigned int 
 Registers used:
		wreg, status,2, status,0
 Tracked objects:
		On entry : 
		On exit  : 
		Unchanged: 
 Data sizes:     COMMON   BANK0   BANK1   BANK3   BANK2
      Params:         0       0       4       0       0
      Locals:         0       0       3       0       0
      Temps:          0       0       0       0       0
      Totals:         0       0       7       0       0
Total ram usage:        7 bytes
 Hardware stack levels used:    1
 Hardware stack levels required when called:    4
 This function calls:
		Nothing
 This function is called by:
		_uart_send_number
 This function uses a non-reentrant model


 *************** function ___bmul *****************
 Defined at:
		line 4 in file "D:\6.software\58.SCMCU_IDE\SCMCU_IDE_V2.00.16\data\sources\common\Umul8.c"
 Parameters:    Size  Location     Type
  multiplier      1    wreg     unsigned char 
  multiplicand    1    0[BANK1 ] unsigned char 
 Auto vars:     Size  Location     Type
  multiplier      1    2[BANK1 ] unsigned char 
  product         1    1[BANK1 ] unsigned char 
 Return value:  Size  Location     Type
                  1    wreg      unsigned char 
 Registers used:
		wreg, status,2, status,0
 Tracked objects:
		On entry : 
		On exit  : 
		Unchanged: 
 Data sizes:     COMMON   BANK0   BANK1   BANK3   BANK2
      Params:         0       0       1       0       0
      Locals:         0       0       2       0       0
      Temps:          0       0       0       0       0
      Totals:         0       0       3       0       0
Total ram usage:        3 bytes
 Hardware stack levels used:    1
 Hardware stack levels required when called:    4
 This function calls:
		Nothing
 This function is called by:
		_System_Init
		_Interrupt_Isr
		_ChargeProcess_Slot
		_Charging_Control
		_CCCV_Control
		_Update_LED_Slot
		_Led_BlinkProcess
		_Print_Status
 This function uses a non-reentrant model


 *************** function _Interrupt_Isr *****************
 Defined at:
		line 258 in file "E:\1.workspace\7.other\17.charge_demo\charge_demo\06-release\SC8F096_Timer_Demo\main.c"
 Parameters:    Size  Location     Type
		None
 Auto vars:     Size  Location     Type
  power_temp      4   30[BANK0 ] volatile unsigned long 
 Return value:  Size  Location     Type
                  1    wreg      void 
 Registers used:
		wreg, fsr0l, fsr0h, status,2, status,0, btemp+1, pclath, cstack
 Tracked objects:
		On entry : 
		On exit  : 
		Unchanged: 
 Data sizes:     COMMON   BANK0   BANK1   BANK3   BANK2
      Params:         0       0       0       0       0
      Locals:         0       5       0       0       0
      Temps:          0       4       0       0       0
      Totals:         0       9       0       0       0
Total ram usage:        9 bytes
 Hardware stack levels used:    1
 Hardware stack levels required when called:    3
 This function calls:
		_ADC_ReadChannel
		_ADC_Sample
		_CCCV_Control
		_ChargeProcess_Slot
		_Charging_Control
		_Led_BlinkProcess
		_PowerOnLedSequence
		_Read_Temperature
		_Update_LED_Slot
		___ftdiv
		___fttol
		___lwtoft
		i1___bmul
 This function is called by:
		Interrupt level 1
 This function uses a non-reentrant model


 *************** function ___lwtoft *****************
 Defined at:
		line 28 in file "D:\6.software\58.SCMCU_IDE\SCMCU_IDE_V2.00.16\data\sources\common\lwtoft.c"
 Parameters:    Size  Location     Type
  c               2    8[COMMON] unsigned int 
 Auto vars:     Size  Location     Type
		None
 Return value:  Size  Location     Type
                  3    8[COMMON] float 
 Registers used:
		wreg, status,2, status,0, pclath, cstack
 Tracked objects:
		On entry : 
		On exit  : 
		Unchanged: 
 Data sizes:     COMMON   BANK0   BANK1   BANK3   BANK2
      Params:         3       0       0       0       0
      Locals:         0       0       0       0       0
      Temps:          0       0       0       0       0
      Totals:         3       0       0       0       0
Total ram usage:        3 bytes
 Hardware stack levels used:    1
 Hardware stack levels required when called:    1
 This function calls:
		___ftpack
 This function is called by:
		_Interrupt_Isr
 This function uses a non-reentrant model


 *************** function ___fttol *****************
 Defined at:
		line 44 in file "D:\6.software\58.SCMCU_IDE\SCMCU_IDE_V2.00.16\data\sources\common\fttol.c"
 Parameters:    Size  Location     Type
  f1              3   12[BANK0 ] float 
 Auto vars:     Size  Location     Type
  lval            4   20[BANK0 ] unsigned long 
  exp1            1   24[BANK0 ] unsigned char 
  sign1           1   19[BANK0 ] unsigned char 
 Return value:  Size  Location     Type
                  4   12[BANK0 ] long 
 Registers used:
		wreg, status,2, status,0
 Tracked objects:
		On entry : 
		On exit  : 
		Unchanged: 
 Data sizes:     COMMON   BANK0   BANK1   BANK3   BANK2
      Params:         0       4       0       0       0
      Locals:         0       6       0       0       0
      Temps:          0       3       0       0       0
      Totals:         0      13       0       0       0
Total ram usage:       13 bytes
 Hardware stack levels used:    1
 This function calls:
		Nothing
 This function is called by:
		_Interrupt_Isr
 This function uses a non-reentrant model


 *************** function ___ftdiv *****************
 Defined at:
		line 56 in file "D:\6.software\58.SCMCU_IDE\SCMCU_IDE_V2.00.16\data\sources\common\ftdiv.c"
 Parameters:    Size  Location     Type
  f2              3    0[BANK0 ] float 
  f1              3    3[BANK0 ] float 
 Auto vars:     Size  Location     Type
  f3              3    7[BANK0 ] float 
  sign            1   11[BANK0 ] unsigned char 
  exp             1   10[BANK0 ] unsigned char 
  cntr            1    6[BANK0 ] unsigned char 
 Return value:  Size  Location     Type
                  3    0[BANK0 ] float 
 Registers used:
		wreg, status,2, status,0, pclath, cstack
 Tracked objects:
		On entry : 
		On exit  : 
		Unchanged: 
 Data sizes:     COMMON   BANK0   BANK1   BANK3   BANK2
      Params:         0       6       0       0       0
      Locals:         0       6       0       0       0
      Temps:          3       0       0       0       0
      Totals:         3      12       0       0       0
Total ram usage:       15 bytes
 Hardware stack levels used:    1
 Hardware stack levels required when called:    1
 This function calls:
		___ftpack
 This function is called by:
		_Interrupt_Isr
 This function uses a non-reentrant model


 *************** function ___ftpack *****************
 Defined at:
		line 62 in file "D:\6.software\58.SCMCU_IDE\SCMCU_IDE_V2.00.16\data\sources\common\float.c"
 Parameters:    Size  Location     Type
  arg             3    0[COMMON] unsigned um
  exp             1    3[COMMON] unsigned char 
  sign            1    4[COMMON] unsigned char 
 Auto vars:     Size  Location     Type
		None
 Return value:  Size  Location     Type
                  3    0[COMMON] float 
 Registers used:
		wreg, status,2, status,0
 Tracked objects:
		On entry : 
		On exit  : 
		Unchanged: 
 Data sizes:     COMMON   BANK0   BANK1   BANK3   BANK2
      Params:         5       0       0       0       0
      Locals:         0       0       0       0       0
      Temps:          3       0       0       0       0
      Totals:         8       0       0       0       0
Total ram usage:        8 bytes
 Hardware stack levels used:    1
 This function calls:
		Nothing
 This function is called by:
		___lwtoft
		___ftdiv
 This function uses a non-reentrant model


 *************** function _Update_LED_Slot *****************
 Defined at:
		line 30 in file "E:\1.workspace\7.other\17.charge_demo\charge_demo\06-release\SC8F096_Timer_Demo\led.c"
 Parameters:    Size  Location     Type
  idx             1    wreg     unsigned char 
 Auto vars:     Size  Location     Type
  idx             1    3[COMMON] unsigned char 
  p               1    4[COMMON] PTR struct .
		 -> g_slot1(72), g_slot0(72), 
 Return value:  Size  Location     Type
                  1    wreg      void 
 Registers used:
		wreg, fsr0l, fsr0h, status,2, status,0, pclath, cstack
 Tracked objects:
		On entry : 
		On exit  : 
		Unchanged: 
 Data sizes:     COMMON   BANK0   BANK1   BANK3   BANK2
      Params:         0       0       0       0       0
      Locals:         2       0       0       0       0
      Temps:          0       0       0       0       0
      Totals:         2       0       0       0       0
Total ram usage:        2 bytes
 Hardware stack levels used:    1
 Hardware stack levels required when called:    1
 This function calls:
		i1___bmul
 This function is called by:
		_Interrupt_Isr
 This function uses a non-reentrant model


 *************** function _Read_Temperature *****************
 Defined at:
		line 29 in file "E:\1.workspace\7.other\17.charge_demo\charge_demo\06-release\SC8F096_Timer_Demo\charge_mgr.c"
 Parameters:    Size  Location     Type
		None
 Auto vars:     Size  Location     Type
  ntcR            2   20[BANK0 ] unsigned int 
  ntcVal          2   17[BANK0 ] unsigned int 
  temp            1   19[BANK0 ] unsigned char 
 Return value:  Size  Location     Type
                  1    wreg      unsigned char 
 Registers used:
		wreg, status,2, status,0, pclath, cstack
 Tracked objects:
		On entry : 
		On exit  : 
		Unchanged: 
 Data sizes:     COMMON   BANK0   BANK1   BANK3   BANK2
      Params:         0       0       0       0       0
      Locals:         0       5       0       0       0
      Temps:          0       4       0       0       0
      Totals:         0       9       0       0       0
Total ram usage:        9 bytes
 Hardware stack levels used:    1
 Hardware stack levels required when called:    2
 This function calls:
		_ADC_ReadChannel
		___lldiv
		___lmul
 This function is called by:
		_Interrupt_Isr
 This function uses a non-reentrant model


 *************** function ___lmul *****************
 Defined at:
		line 15 in file "D:\6.software\58.SCMCU_IDE\SCMCU_IDE_V2.00.16\data\sources\common\Umul32.c"
 Parameters:    Size  Location     Type
  multiplier      4    0[COMMON] unsigned long 
  multiplicand    4    4[COMMON] unsigned long 
 Auto vars:     Size  Location     Type
  product         4    8[COMMON] unsigned long 
 Return value:  Size  Location     Type
                  4    0[COMMON] unsigned long 
 Registers used:
		wreg, status,2, status,0
 Tracked objects:
		On entry : 
		On exit  : 
		Unchanged: 
 Data sizes:     COMMON   BANK0   BANK1   BANK3   BANK2
      Params:         8       0       0       0       0
      Locals:         4       0       0       0       0
      Temps:          0       0       0       0       0
      Totals:        12       0       0       0       0
Total ram usage:       12 bytes
 Hardware stack levels used:    1
 This function calls:
		Nothing
 This function is called by:
		_Read_Temperature
 This function uses a non-reentrant model


 *************** function ___lldiv *****************
 Defined at:
		line 6 in file "D:\6.software\58.SCMCU_IDE\SCMCU_IDE_V2.00.16\data\sources\common\lldiv.c"
 Parameters:    Size  Location     Type
  divisor         4    0[BANK0 ] unsigned long 
  dividend        4    4[BANK0 ] unsigned long 
 Auto vars:     Size  Location     Type
  quotient        4    8[BANK0 ] unsigned long 
  counter         1   12[BANK0 ] unsigned char 
 Return value:  Size  Location     Type
                  4    0[BANK0 ] unsigned long 
 Registers used:
		wreg, status,2, status,0
 Tracked objects:
		On entry : 
		On exit  : 
		Unchanged: 
 Data sizes:     COMMON   BANK0   BANK1   BANK3   BANK2
      Params:         0       8       0       0       0
      Locals:         0       5       0       0       0
      Temps:          0       0       0       0       0
      Totals:         0      13       0       0       0
Total ram usage:       13 bytes
 Hardware stack levels used:    1
 This function calls:
		Nothing
 This function is called by:
		_Read_Temperature
 This function uses a non-reentrant model


 *************** function _ADC_ReadChannel *****************
 Defined at:
		line 131 in file "E:\1.workspace\7.other\17.charge_demo\charge_demo\06-release\SC8F096_Timer_Demo\adc_drv.c"
 Parameters:    Size  Location     Type
  ch              1    wreg     unsigned char 
 Auto vars:     Size  Location     Type
  ch              1    8[COMMON] unsigned char 
 Return value:  Size  Location     Type
                  2    5[COMMON] unsigned int 
 Registers used:
		wreg, status,2, status,0, pclath, cstack
 Tracked objects:
		On entry : 
		On exit  : 
		Unchanged: 
 Data sizes:     COMMON   BANK0   BANK1   BANK3   BANK2
      Params:         2       0       0       0       0
      Locals:         1       0       0       0       0
      Temps:          1       0       0       0       0
      Totals:         4       0       0       0       0
Total ram usage:        4 bytes
 Hardware stack levels used:    1
 Hardware stack levels required when called:    1
 This function calls:
		_ADC_Sample
 This function is called by:
		_Interrupt_Isr
		_Read_Temperature
 This function uses a non-reentrant model


 *************** function _ADC_Sample *****************
 Defined at:
		line 43 in file "E:\1.workspace\7.other\17.charge_demo\charge_demo\06-release\SC8F096_Timer_Demo\adc_drv.c"
 Parameters:    Size  Location     Type
  adch            1    wreg     unsigned char 
  adldo           1    0[COMMON] unsigned char 
 Auto vars:     Size  Location     Type
  adch            1    1[BANK0 ] unsigned char 
  j               1    0[BANK0 ] unsigned char 
  adsum           4    3[BANK0 ] volatile unsigned long 
  ad_temp         2   11[BANK0 ] volatile unsigned int 
  admax           2    9[BANK0 ] volatile unsigned int 
  admin           2    7[BANK0 ] volatile unsigned int 
  i               1    2[BANK0 ] unsigned char 
 Return value:  Size  Location     Type
                  1    wreg      unsigned char 
 Registers used:
		wreg, status,2, status,0
 Tracked objects:
		On entry : 
		On exit  : 
		Unchanged: 
 Data sizes:     COMMON   BANK0   BANK1   BANK3   BANK2
      Params:         1       0       0       0       0
      Locals:         0      13       0       0       0
      Temps:          4       0       0       0       0
      Totals:         5      13       0       0       0
Total ram usage:       18 bytes
 Hardware stack levels used:    1
 This function calls:
		Nothing
 This function is called by:
		_Interrupt_Isr
		_ADC_ReadChannel
 This function uses a non-reentrant model


 *************** function _PowerOnLedSequence *****************
 Defined at:
		line 95 in file "E:\1.workspace\7.other\17.charge_demo\charge_demo\06-release\SC8F096_Timer_Demo\led.c"
 Parameters:    Size  Location     Type
		None
 Auto vars:     Size  Location     Type
		None
 Return value:  Size  Location     Type
                  1    wreg      void 
 Registers used:
		wreg, status,2, status,0
 Tracked objects:
		On entry : 
		On exit  : 
		Unchanged: 
 Data sizes:     COMMON   BANK0   BANK1   BANK3   BANK2
      Params:         0       0       0       0       0
      Locals:         0       0       0       0       0
      Temps:          0       0       0       0       0
      Totals:         0       0       0       0       0
Total ram usage:        0 bytes
 Hardware stack levels used:    1
 This function calls:
		Nothing
 This function is called by:
		_Interrupt_Isr
 This function uses a non-reentrant model


 *************** function _Led_BlinkProcess *****************
 Defined at:
		line 66 in file "E:\1.workspace\7.other\17.charge_demo\charge_demo\06-release\SC8F096_Timer_Demo\led.c"
 Parameters:    Size  Location     Type
		None
 Auto vars:     Size  Location     Type
  i               1   10[COMMON] unsigned char 
 Return value:  Size  Location     Type
                  1    wreg      void 
 Registers used:
		wreg, fsr0l, fsr0h, status,2, status,0, pclath, cstack
 Tracked objects:
		On entry : 
		On exit  : 
		Unchanged: 
 Data sizes:     COMMON   BANK0   BANK1   BANK3   BANK2
      Params:         0       0       0       0       0
      Locals:         6       0       0       0       0
      Temps:          2       0       0       0       0
      Totals:         8       0       0       0       0
Total ram usage:        8 bytes
 Hardware stack levels used:    1
 Hardware stack levels required when called:    1
 This function calls:
		i1___bmul
 This function is called by:
		_Interrupt_Isr
 This function uses a non-reentrant model


 *************** function _Charging_Control *****************
 Defined at:
		line 332 in file "E:\1.workspace\7.other\17.charge_demo\charge_demo\06-release\SC8F096_Timer_Demo\charge_mgr.c"
 Parameters:    Size  Location     Type
		None
 Auto vars:     Size  Location     Type
  s               1    6[COMMON] unsigned char 
  i               1    7[COMMON] unsigned char 
  chargeB7_12     1    4[COMMON] unsigned char 
  chargeB1_6      1    3[COMMON] unsigned char 
 Return value:  Size  Location     Type
                  1    wreg      void 
 Registers used:
		wreg, fsr0l, fsr0h, status,2, status,0, pclath, cstack
 Tracked objects:
		On entry : 
		On exit  : 
		Unchanged: 
 Data sizes:     COMMON   BANK0   BANK1   BANK3   BANK2
      Params:         0       0       0       0       0
      Locals:         5       0       0       0       0
      Temps:          0       0       0       0       0
      Totals:         5       0       0       0       0
Total ram usage:        5 bytes
 Hardware stack levels used:    1
 Hardware stack levels required when called:    1
 This function calls:
		i1___bmul
 This function is called by:
		_Interrupt_Isr
 This function uses a non-reentrant model


 *************** function _ChargeProcess_Slot *****************
 Defined at:
		line 142 in file "E:\1.workspace\7.other\17.charge_demo\charge_demo\06-release\SC8F096_Timer_Demo\charge_mgr.c"
 Parameters:    Size  Location     Type
  idx             1    wreg     unsigned char 
 Auto vars:     Size  Location     Type
  idx             1    5[COMMON] unsigned char 
  v               2    8[COMMON] unsigned int 
  tick            2    0        unsigned int 
  p               1   10[COMMON] PTR struct .
		 -> g_slot1(72), g_slot0(72), 
 Return value:  Size  Location     Type
                  1    wreg      void 
 Registers used:
		wreg, fsr0l, fsr0h, status,2, status,0, pclath, cstack
 Tracked objects:
		On entry : 
		On exit  : 
		Unchanged: 
 Data sizes:     COMMON   BANK0   BANK1   BANK3   BANK2
      Params:         0       0       0       0       0
      Locals:         6       0       0       0       0
      Temps:          2       0       0       0       0
      Totals:         8       0       0       0       0
Total ram usage:        8 bytes
 Hardware stack levels used:    1
 Hardware stack levels required when called:    1
 This function calls:
		_Detect_BatteryType
		i1___bmul
 This function is called by:
		_Interrupt_Isr
 This function uses a non-reentrant model


 *************** function _Detect_BatteryType *****************
 Defined at:
		line 87 in file "E:\1.workspace\7.other\17.charge_demo\charge_demo\06-release\SC8F096_Timer_Demo\charge_mgr.c"
 Parameters:    Size  Location     Type
  voltage         2    0[COMMON] unsigned int 
 Auto vars:     Size  Location     Type
		None
 Return value:  Size  Location     Type
                  1    wreg      unsigned char 
 Registers used:
		wreg
 Tracked objects:
		On entry : 
		On exit  : 
		Unchanged: 
 Data sizes:     COMMON   BANK0   BANK1   BANK3   BANK2
      Params:         2       0       0       0       0
      Locals:         0       0       0       0       0
      Temps:          0       0       0       0       0
      Totals:         2       0       0       0       0
Total ram usage:        2 bytes
 Hardware stack levels used:    1
 This function calls:
		Nothing
 This function is called by:
		_ChargeProcess_Slot
 This function uses a non-reentrant model


 *************** function _CCCV_Control *****************
 Defined at:
		line 403 in file "E:\1.workspace\7.other\17.charge_demo\charge_demo\06-release\SC8F096_Timer_Demo\charge_mgr.c"
 Parameters:    Size  Location     Type
		None
 Auto vars:     Size  Location     Type
  s               1   13[BANK0 ] unsigned char 
  duty            2   11[BANK0 ] int 
  error           2    9[BANK0 ] int 
  adjust          2    0[BANK0 ] int 
  maxV            2    7[BANK0 ] unsigned int 
  i               1   14[BANK0 ] unsigned char 
  cvCount         1    3[BANK0 ] unsigned char 
  hasCharging     1    2[BANK0 ] unsigned char 
 Return value:  Size  Location     Type
                  1    wreg      void 
 Registers used:
		wreg, fsr0l, fsr0h, status,2, status,0, btemp+1, pclath, cstack
 Tracked objects:
		On entry : 
		On exit  : 
		Unchanged: 
 Data sizes:     COMMON   BANK0   BANK1   BANK3   BANK2
      Params:         0       0       0       0       0
      Locals:         0      15       0       0       0
      Temps:          2       0       0       0       0
      Totals:         2      15       0       0       0
Total ram usage:       17 bytes
 Hardware stack levels used:    1
 Hardware stack levels required when called:    1
 This function calls:
		___awdiv
		i1___bmul
 This function is called by:
		_Interrupt_Isr
 This function uses a non-reentrant model


 *************** function i1___bmul *****************
 Defined at:
		line 4 in file "D:\6.software\58.SCMCU_IDE\SCMCU_IDE_V2.00.16\data\sources\common\Umul8.c"
 Parameters:    Size  Location     Type
  multiplier      1    wreg     unsigned char 
  multiplicand    1    0[COMMON] unsigned char 
 Auto vars:     Size  Location     Type
  multiplier      1    1[COMMON] unsigned char 
  __bmul          1    2[COMMON] unsigned char 
 Return value:  Size  Location     Type
                  1    wreg      unsigned char 
 Registers used:
		wreg, status,2, status,0
 Tracked objects:
		On entry : 
		On exit  : 
		Unchanged: 
 Data sizes:     COMMON   BANK0   BANK1   BANK3   BANK2
      Params:         1       0       0       0       0
      Locals:         2       0       0       0       0
      Temps:          0       0       0       0       0
      Totals:         3       0       0       0       0
Total ram usage:        3 bytes
 Hardware stack levels used:    1
 This function calls:
		Nothing
 This function is called by:
		_Interrupt_Isr
		_ChargeProcess_Slot
		_Charging_Control
		_CCCV_Control
		_Update_LED_Slot
		_Led_BlinkProcess
 This function uses a non-reentrant model


 *************** function ___awdiv *****************
 Defined at:
		line 6 in file "D:\6.software\58.SCMCU_IDE\SCMCU_IDE_V2.00.16\data\sources\common\awdiv.c"
 Parameters:    Size  Location     Type
  divisor         2    0[COMMON] int 
  dividend        2    2[COMMON] int 
 Auto vars:     Size  Location     Type
  quotient        2    6[COMMON] int 
  sign            1    5[COMMON] unsigned char 
  counter         1    4[COMMON] unsigned char 
 Return value:  Size  Location     Type
                  2    0[COMMON] int 
 Registers used:
		wreg, status,2, status,0
 Tracked objects:
		On entry : 
		On exit  : 
		Unchanged: 
 Data sizes:     COMMON   BANK0   BANK1   BANK3   BANK2
      Params:         4       0       0       0       0
      Locals:         4       0       0       0       0
      Temps:          0       0       0       0       0
      Totals:         8       0       0       0       0
Total ram usage:        8 bytes
 Hardware stack levels used:    1
 This function calls:
		Nothing
 This function is called by:
		_CCCV_Control
 This function uses a non-reentrant model



MODULE INFORMATION

Module		Function		Class		Link	Load	Size
E:\1.workspace\7.other\17.charge_demo\charge_demo\06-release\SC8F096_Timer_Demo\uart_dbg.c
		_Print_Status  		CODE           	003A	0000	232
		_uart_send_string		CODE           	0236	0000	27
		_uart_send_number		CODE           	0250	0000	60
		_uart_send_char		CODE           	028B	0000	10

E:\1.workspace\7.other\17.charge_demo\charge_demo\06-release\SC8F096_Timer_Demo\uart_dbg.c estimated size: 329

D:\6.software\58.SCMCU_IDE\SCMCU_IDE_V2.00.16\data\sources\common\float.c
		___ftpack      		CODE           	0F8E	0000	67

D:\6.software\58.SCMCU_IDE\SCMCU_IDE_V2.00.16\data\sources\common\float.c estimated size: 67

D:\6.software\58.SCMCU_IDE\SCMCU_IDE_V2.00.16\data\sources\common\lwtoft.c
		___lwtoft      		CODE           	0F7E	0000	17

D:\6.software\58.SCMCU_IDE\SCMCU_IDE_V2.00.16\data\sources\common\lwtoft.c estimated size: 17

D:\6.software\58.SCMCU_IDE\SCMCU_IDE_V2.00.16\data\sources\common\lwmod.c
		___lwmod       		CODE           	02BE	0000	37

D:\6.software\58.SCMCU_IDE\SCMCU_IDE_V2.00.16\data\sources\common\lwmod.c estimated size: 37

E:\1.workspace\7.other\17.charge_demo\charge_demo\06-release\SC8F096_Timer_Demo\charge_mgr.c
		_ChargeProcess_Slot		CODE           	0302	0000	329
		_CCCV_Control  		CODE           	0A79	0000	259
		_Detect_BatteryType		CODE           	044A	0000	58
		_Charging_Control		CODE           	086D	0000	305
		_Read_Temperature		CODE           	0C4B	0000	208

E:\1.workspace\7.other\17.charge_demo\charge_demo\06-release\SC8F096_Timer_Demo\charge_mgr.c estimated size: 1159

E:\1.workspace\7.other\17.charge_demo\charge_demo\06-release\SC8F096_Timer_Demo\adc_drv.c
		_ADC_ReadChannel		CODE           	0D1A	0000	28
		_ADC_Sample    		CODE           	0D35	0000	223

E:\1.workspace\7.other\17.charge_demo\charge_demo\06-release\SC8F096_Timer_Demo\adc_drv.c estimated size: 251

shared
		PL12           		CODE           	0FDF	0000	10
		PL8            		CODE           	02EB	0000	12
		PL22           		CODE           	0FF5	0000	6
		PL14           		CODE           	049C	0000	6
		PL24           		CODE           	0FFA	0000	7
		__stringtab    		STRING         	04A1	0000	7
		PL16           		CODE           	02F6	0000	7
		PL26           		CODE           	02FC	0000	7
		PL18           		CODE           	0FE8	0000	8
		__initialization		CODE           	0015	0000	34
		i1___bmul      		CODE           	0BF8	0000	15
		PL2            		CODE           	0483	0000	18
		_s_adcChannels 		STRING         	04A7	0000	13
		PL10           		CODE           	0FD0	0000	16
		PL4            		CODE           	0494	0000	9
		PL20           		CODE           	0FEF	0000	7
		PL6            		CODE           	02E2	0000	10

shared estimated size: 192

D:\6.software\58.SCMCU_IDE\SCMCU_IDE_V2.00.16\data\sources\common\ftdiv.c
		___ftdiv       		CODE           	0EBB	0000	105

D:\6.software\58.SCMCU_IDE\SCMCU_IDE_V2.00.16\data\sources\common\ftdiv.c estimated size: 105

D:\6.software\58.SCMCU_IDE\SCMCU_IDE_V2.00.16\data\sources\common\lwdiv.c
		___lwdiv       		CODE           	0294	0000	43

D:\6.software\58.SCMCU_IDE\SCMCU_IDE_V2.00.16\data\sources\common\lwdiv.c estimated size: 43

D:\6.software\58.SCMCU_IDE\SCMCU_IDE_V2.00.16\data\sources\common\awdiv.c
		___awdiv       		CODE           	0C06	0000	70

D:\6.software\58.SCMCU_IDE\SCMCU_IDE_V2.00.16\data\sources\common\awdiv.c estimated size: 70

E:\1.workspace\7.other\17.charge_demo\charge_demo\06-release\SC8F096_Timer_Demo\main.c
		_main          		CODE           	04EB	0000	24
		_Interrupt_Isr 		CODE           	099D	0000	221
		_System_Init   		CODE           	0121	0000	264

E:\1.workspace\7.other\17.charge_demo\charge_demo\06-release\SC8F096_Timer_Demo\main.c estimated size: 509

D:\6.software\58.SCMCU_IDE\SCMCU_IDE_V2.00.16\data\sources\common\lldiv.c
		___lldiv       		CODE           	0E13	0000	73

D:\6.software\58.SCMCU_IDE\SCMCU_IDE_V2.00.16\data\sources\common\lldiv.c estimated size: 73

E:\1.workspace\7.other\17.charge_demo\charge_demo\06-release\SC8F096_Timer_Demo\led.c
		_Led_BlinkProcess		CODE           	0B7B	0000	126
		_Update_LED_Slot		CODE           	0829	0000	69
		_PowerOnLedSequence		CODE           	0E5B	0000	46

E:\1.workspace\7.other\17.charge_demo\charge_demo\06-release\SC8F096_Timer_Demo\led.c estimated size: 241

D:\6.software\58.SCMCU_IDE\SCMCU_IDE_V2.00.16\data\sources\common\Umul8.c
		___bmul        		CODE           	0228	0000	15

D:\6.software\58.SCMCU_IDE\SCMCU_IDE_V2.00.16\data\sources\common\Umul8.c estimated size: 15

D:\6.software\58.SCMCU_IDE\SCMCU_IDE_V2.00.16\data\sources\common\fttol.c
		___fttol       		CODE           	0F23	0000	92

D:\6.software\58.SCMCU_IDE\SCMCU_IDE_V2.00.16\data\sources\common\fttol.c estimated size: 92

D:\6.software\58.SCMCU_IDE\SCMCU_IDE_V2.00.16\data\sources\common\Umul32.c
		___lmul        		CODE           	0E88	0000	52

D:\6.software\58.SCMCU_IDE\SCMCU_IDE_V2.00.16\data\sources\common\Umul32.c estimated size: 52

