Microchip MPLAB XC8 Compiler V1.45 ()

Linker command line:

-W-9 \
  --edf=D:\6.software\58.SCMCU_IDE\SCMCU_IDE_V2.00.16\data\dat\en_msgs.txt \
  -cs -h+SC8P096_timer_C.sym --cmf=SC8P096_timer_C.cmf -z -QSC8F096 \
  -oC:\Users\YQ23405\AppData\Local\Temp\si88.2 -MSC8P096_timer_C.map -E1 \
  -ver=XC8 -ASTACK=0A0h-0efh -pstack=STACK -ACODE=00h-07FFhx4 \
  -ASTRCODE=00h-01FFFh -ASTRING=00h-0FFhx32 -ACONST=00h-0FFhx32 \
  -AENTRY=00h-0FFhx32 -ACOMMON=070h-07Fh -ABANK0=020h-06Fh \
  -ABANK1=0A0h-0EFh -ABANK2=0120h-016Fh -ABANK3=01A0h-01EFh \
  -ARAM=020h-06Fh,0A0h-0EFh,0120h-016Fh,01A0h-01EFh \
  -AABS1=020h-07Fh,0A0h-0EFh,0120h-016Fh,01A0h-01EFh -ASFR0=00h-01Fh \
  -ASFR1=080h-09Fh -ASFR2=0100h-011Fh -ASFR3=0180h-019Fh \
  -preset_vec=00h,intentry=04h,init,end_init -ppowerup=CODE -pcinit=CODE \
  -pfunctab=ENTRY -ACONFIG=02007h-02008h -pconfig=CONFIG -DCONFIG=2 \
  -AIDLOC=02000h-02003h -pidloc=IDLOC -DIDLOC=2 -DCODE=2 -DSTRCODE=2 \
  -DSTRING=2 -DCONST=2 -DENTRY=2 -k startup.obj SC8P096_timer_C.obj 

Object code version is 3.11

Machine type is SC8F096



                Name                               Link     Load   Length Selector   Space Scale
startup.obj     end_init                              E        E        3        8       0
                reset_vec                             0        0        3        0       0
SC8P096_timer_C.obj
                cinit                                11       11       16        8       0
                intentry                              4        4        A        8       0
                text2                                27       27       57        8       0
                text1                                D1       D1        7        8       0
                maintext                             7E       7E       53        8       0
                cstackBANK0                          2A       2A        1       20       1
                cstackCOMMON                         75       75        5       70       1
                bssBANK0                             20       20        A       20       1
                bssCOMMON                            70       70        5       70       1
                bitbssCOMMON                        3D0       7A        1       70       1     8

TOTAL           Name                               Link     Load   Length     Space
        CLASS   STACK          

        CLASS   CODE           
                end_init                              E        E        3         0
                cinit                                11       11       16         0
                intentry                              4        4        A         0
                reset_vec                             0        0        3         0
                text2                                27       27       57         0
                text1                                D1       D1        7         0
                maintext                             7E       7E       53         0

        CLASS   STRCODE        

        CLASS   STRING         

        CLASS   CONST          

        CLASS   ENTRY          

        CLASS   COMMON         
                cstackCOMMON                         75       75        5         1
                bssCOMMON                            70       70        5         1
                bitbssCOMMON                        3D0       7A        1         1

        CLASS   BANK0          
                cstackBANK0                          2A       2A        1         1
                bssBANK0                             20       20        A         1

        CLASS   BANK1          

        CLASS   BANK2          

        CLASS   BANK3          

        CLASS   RAM            

        CLASS   ABS1           
                abs_s1                               7E       7E        2         1

        CLASS   SFR0           

        CLASS   SFR1           

        CLASS   SFR2           

        CLASS   SFR3           

        CLASS   CONFIG         

        CLASS   IDLOC          

        CLASS   EEDATA         



SEGMENTS        Name                           Load    Length   Top    Selector   Space  Class     Delta

                reset_vec                      000000  000003  000003         0       0  CODE        2
                intentry                       000004  0000D4  0000D8         8       0  CODE        2
                bssBANK0                       000020  00000B  00002B        20       1  BANK0       1
                bssCOMMON                      000070  00000B  00007B        70       1  COMMON      1


UNUSED ADDRESS RANGES

        Name                Unused          Largest block    Delta
        BANK0            02B-06F            45           1
        BANK1            0A0-0EF            50           1
        BANK2            120-16F            50           1
        BANK3            1A0-1EF            50           1
        CODE             003-003             1           2
                         0D8-1FFF           800
        COMMON           07B-07D             3           1
        CONFIG           2007-2008             2           2
        CONST            003-003             1           2
                         0D8-1FFF           100
        ENTRY            003-003             1           2
                         0D8-1FFF           100
        IDLOC            2000-2003             4           2
        RAM              02B-06F            45           1
                         0A0-0EF            50
                         120-16F            50
                         1A0-1EF            50
        SFR0             000-01F            20           1
        SFR1             080-09F            20           1
        SFR2             100-11F            20           1
        SFR3             180-19F            20           1
        STACK            0A0-0EF            50           1
        STRCODE          003-003             1           2
                         0D8-1FFF          1F28
        STRING           003-003             1           2
                         0D8-1FFF           100

                                  Symbol Table

Interrupt_Isr@RxNum       bssCOMMON    074
_GIE                      (abs)        05F
_IOCA                     (abs)        089
_IOCB                     (abs)        009
_Interrupt_Isr            text2        027
_OPTION_REG               (abs)        001
_OSCCON                   (abs)        014
_PEIE                     (abs)        05E
_PORTA                    (abs)        086
_PORTB                    (abs)        006
_RC1IE                    (abs)        880
_RC1IF                    (abs)        878
_RCREG1                   (abs)        188
_RCSTA1                   (abs)        186
_RXOK_f                   bitbssCOMMON 3D0
_RxTable                  bssBANK0     020
_SPBRG1                   (abs)        189
_T0IE                     (abs)        05D
_T0IF                     (abs)        05A
_TMR0                     (abs)        081
_TRISA                    (abs)        085
_TRISB                    (abs)        005
_TRMT1                    (abs)        C29
_TXREG1                   (abs)        187
_TXSTA1                   (abs)        185
_WPDA                     (abs)        087
_WPDB                     (abs)        007
_WPUA                     (abs)        088
_WPUB                     (abs)        008
__Habs1                   abs1         000
__Hbank0                  bank0        000
__Hbank1                  bank1        000
__Hbank2                  bank2        000
__Hbank3                  bank3        000
__HbitbssCOMMON           bitbssCOMMON 000
__HbssBANK0               bssBANK0     000
__HbssCOMMON              bssCOMMON    000
__Hcinit                  cinit        027
__Hclrtext                clrtext      000
__Hcode                   code         000
__Hcommon                 common       000
__Hconfig                 config       000
__HcstackBANK0            cstackBANK0  000
__HcstackCOMMON           cstackCOMMON 000
__Heeprom_data            eeprom_data  000
__Hend_init               end_init     011
__Hfunctab                functab      000
__Hidloc                  idloc        000
__Hinit                   init         00E
__Hintentry               intentry     00E
__Hmaintext               maintext     000
__Hpa_nodes0              pa_nodes0    000
__Hpowerup                powerup      000
__Hram                    ram          000
__Hreset_vec              reset_vec    003
__Hsfr0                   sfr0         000
__Hsfr1                   sfr1         000
__Hsfr2                   sfr2         000
__Hsfr3                   sfr3         000
__Hspace_0                (abs)        0D8
__Hspace_1                (abs)        3D1
__Hspace_2                (abs)        000
__Hspace_3                (abs)        000
__Hstack                  stack        000
__Hstrings                strings      000
__Htext                   text         000
__Labs1                   abs1         000
__Lbank0                  bank0        000
__Lbank1                  bank1        000
__Lbank2                  bank2        000
__Lbank3                  bank3        000
__LbitbssCOMMON           bitbssCOMMON 000
__LbssBANK0               bssBANK0     000
__LbssCOMMON              bssCOMMON    000
__Lcinit                  cinit        011
__Lclrtext                clrtext      000
__Lcode                   code         000
__Lcommon                 common       000
__Lconfig                 config       000
__LcstackBANK0            cstackBANK0  000
__LcstackCOMMON           cstackCOMMON 000
__Leeprom_data            eeprom_data  000
__Lend_init               end_init     00E
__Lfunctab                functab      000
__Lidloc                  idloc        000
__Linit                   init         00E
__Lintentry               intentry     004
__Lmaintext               maintext     000
__Lpa_nodes0              pa_nodes0    000
__Lpowerup                powerup      000
__Lram                    ram          000
__Lreset_vec              reset_vec    000
__Lsfr0                   sfr0         000
__Lsfr1                   sfr1         000
__Lsfr2                   sfr2         000
__Lsfr3                   sfr3         000
__Lspace_0                (abs)        000
__Lspace_1                (abs)        000
__Lspace_2                (abs)        000
__Lspace_3                (abs)        000
__Lstack                  stack        000
__Lstrings                strings      000
__Ltext                   text         000
__S0                      (abs)        0D8
__S1                      (abs)        07B
__S2                      (abs)        000
___int_sp                 stack        000
___latbits                (abs)        002
___sp                     stack        000
__end_of_Interrupt_Isr    text2        070
__end_of__initialization  cinit        023
__end_of_control_test_io  text2        076
__end_of_gpio_init        text1        0D8
__end_of_main             maintext     0D1
__end_of_test_io_high     text2        07A
__end_of_test_io_low      text2        07E
__initialization          cinit        011
__pbitbssCOMMON           bitbssCOMMON 3D0
__pbssBANK0               bssBANK0     020
__pbssCOMMON              bssCOMMON    070
__pcstackBANK0            cstackBANK0  02A
__pcstackCOMMON           cstackCOMMON 075
__pintentry               intentry     004
__pmaintext               maintext     07E
__ptext0                  text0        000
__ptext1                  text1        0D1
__ptext2                  text2        027
__ptext3                  text2        070
__ptext4                  text2        07A
__ptext5                  text2        076
__size_of_Interrupt_Isr   (abs)        000
__size_of_control_test_io (abs)        000
__size_of_gpio_init       (abs)        000
__size_of_main            (abs)        000
__size_of_test_io_high    (abs)        000
__size_of_test_io_low     (abs)        000
_control_test_io          text2        070
_gpio_init                text1        0D1
_level                    bssCOMMON    070
_main                     maintext     07E
_test_io_high             text2        076
_test_io_low              text2        07A
_timer_cnt                bssCOMMON    072
btemp                     (abs)        07E
control_test_io@flag      cstackCOMMON 075
end_of_initialization     cinit        023
interrupt_function        intentry     004
intlevel0                 functab      000
intlevel1                 functab      000
intlevel2                 functab      000
intlevel3                 functab      000
intlevel4                 functab      000
intlevel5                 functab      000
main@i                    cstackBANK0  02A
reset_vec                 reset_vec    000
saved_w                   (abs)        07E
stackhi                   (abs)        000
stacklo                   (abs)        000
start                     init         00E
start_initialization      cinit        011
wtemp0                    (abs)        07E


FUNCTION INFORMATION:

 *************** function _main *****************
 Defined at:
		line 46 in file "E:\1.workspace\7.other\17.charge_demo\charge_demo\06-release\SC8F096_Timer_Demo\SC8P096_Timer0_C.c"
 Parameters:    Size  Location     Type
		None
 Auto vars:     Size  Location     Type
  i               1    0[BANK0 ] unsigned char 
 Return value:  Size  Location     Type
                  1    wreg      void 
 Registers used:
		wreg, fsr0l, fsr0h, status,2, status,0, pclath, cstack
 Tracked objects:
		On entry : 
		On exit  : 
		Unchanged: 
 Data sizes:     COMMON   BANK0   BANK1   BANK3   BANK2
      Params:         0       0       0       0       0
      Locals:         0       1       0       0       0
      Temps:          0       0       0       0       0
      Totals:         0       1       0       0       0
Total ram usage:        1 bytes
 Hardware stack levels required when called:    4
 This function calls:
		_gpio_init
 This function is called by:
		Startup code after reset
 This function uses a non-reentrant model


 *************** function _gpio_init *****************
 Defined at:
		line 17 in file "E:\1.workspace\7.other\17.charge_demo\charge_demo\06-release\SC8F096_Timer_Demo\SC8P096_Timer0_C.c"
 Parameters:    Size  Location     Type
		None
 Auto vars:     Size  Location     Type
		None
 Return value:  Size  Location     Type
                  1    wreg      void 
 Registers used:
		wreg
 Tracked objects:
		On entry : 
		On exit  : 
		Unchanged: 
 Data sizes:     COMMON   BANK0   BANK1   BANK3   BANK2
      Params:         0       0       0       0       0
      Locals:         0       0       0       0       0
      Temps:          0       0       0       0       0
      Totals:         0       0       0       0       0
Total ram usage:        0 bytes
 Hardware stack levels used:    1
 Hardware stack levels required when called:    3
 This function calls:
		Nothing
 This function is called by:
		_main
 This function uses a non-reentrant model


 *************** function _Interrupt_Isr *****************
 Defined at:
		line 144 in file "E:\1.workspace\7.other\17.charge_demo\charge_demo\06-release\SC8F096_Timer_Demo\SC8P096_Timer0_C.c"
 Parameters:    Size  Location     Type
		None
 Auto vars:     Size  Location     Type
		None
 Return value:  Size  Location     Type
                  1    wreg      void 
 Registers used:
		wreg, fsr0l, fsr0h, status,2, status,0, pclath, cstack
 Tracked objects:
		On entry : 
		On exit  : 
		Unchanged: 
 Data sizes:     COMMON   BANK0   BANK1   BANK3   BANK2
      Params:         0       0       0       0       0
      Locals:         0       0       0       0       0
      Temps:          3       0       0       0       0
      Totals:         3       0       0       0       0
Total ram usage:        3 bytes
 Hardware stack levels used:    1
 Hardware stack levels required when called:    2
 This function calls:
		_control_test_io
 This function is called by:
		Interrupt level 1
 This function uses a non-reentrant model


 *************** function _control_test_io *****************
 Defined at:
		line 34 in file "E:\1.workspace\7.other\17.charge_demo\charge_demo\06-release\SC8F096_Timer_Demo\SC8P096_Timer0_C.c"
 Parameters:    Size  Location     Type
  flag            2    0[COMMON] unsigned int 
 Auto vars:     Size  Location     Type
		None
 Return value:  Size  Location     Type
                  1    wreg      void 
 Registers used:
		wreg, status,2, status,0, pclath, cstack
 Tracked objects:
		On entry : 
		On exit  : 
		Unchanged: 
 Data sizes:     COMMON   BANK0   BANK1   BANK3   BANK2
      Params:         2       0       0       0       0
      Locals:         0       0       0       0       0
      Temps:          0       0       0       0       0
      Totals:         2       0       0       0       0
Total ram usage:        2 bytes
 Hardware stack levels used:    1
 Hardware stack levels required when called:    1
 This function calls:
		_test_io_high
		_test_io_low
 This function is called by:
		_Interrupt_Isr
 This function uses a non-reentrant model


 *************** function _test_io_low *****************
 Defined at:
		line 29 in file "E:\1.workspace\7.other\17.charge_demo\charge_demo\06-release\SC8F096_Timer_Demo\SC8P096_Timer0_C.c"
 Parameters:    Size  Location     Type
		None
 Auto vars:     Size  Location     Type
		None
 Return value:  Size  Location     Type
                  1    wreg      void 
 Registers used:
		None
 Tracked objects:
		On entry : 
		On exit  : 
		Unchanged: 
 Data sizes:     COMMON   BANK0   BANK1   BANK3   BANK2
      Params:         0       0       0       0       0
      Locals:         0       0       0       0       0
      Temps:          0       0       0       0       0
      Totals:         0       0       0       0       0
Total ram usage:        0 bytes
 Hardware stack levels used:    1
 This function calls:
		Nothing
 This function is called by:
		_control_test_io
 This function uses a non-reentrant model


 *************** function _test_io_high *****************
 Defined at:
		line 24 in file "E:\1.workspace\7.other\17.charge_demo\charge_demo\06-release\SC8F096_Timer_Demo\SC8P096_Timer0_C.c"
 Parameters:    Size  Location     Type
		None
 Auto vars:     Size  Location     Type
		None
 Return value:  Size  Location     Type
                  1    wreg      void 
 Registers used:
		None
 Tracked objects:
		On entry : 
		On exit  : 
		Unchanged: 
 Data sizes:     COMMON   BANK0   BANK1   BANK3   BANK2
      Params:         0       0       0       0       0
      Locals:         0       0       0       0       0
      Temps:          0       0       0       0       0
      Totals:         0       0       0       0       0
Total ram usage:        0 bytes
 Hardware stack levels used:    1
 This function calls:
		Nothing
 This function is called by:
		_control_test_io
 This function uses a non-reentrant model



MODULE INFORMATION

Module		Function		Class		Link	Load	Size
E:\1.workspace\7.other\17.charge_demo\charge_demo\06-release\SC8F096_Timer_Demo\SC8P096_Timer0_C.c
		_test_io_low   		CODE           	007A	0000	5
		_test_io_high  		CODE           	0076	0000	5
		_main          		CODE           	007E	0000	84
		_Interrupt_Isr 		CODE           	0027	0000	74
		_gpio_init     		CODE           	00D1	0000	8
		_control_test_io		CODE           	0070	0000	7

E:\1.workspace\7.other\17.charge_demo\charge_demo\06-release\SC8F096_Timer_Demo\SC8P096_Timer0_C.c estimated size: 183

shared
		__initialization		CODE           	0011	0000	19

shared estimated size: 19

