Microchip MPLAB XC8 Compiler V1.45 ()

Linker command line:

-W-9 \
  --edf=D:\6.software\58.SCMCU_IDE\SCMCU_IDE_V2.00.16\data\dat\en_msgs.txt \
  -cs -h+SC8P096_timer_C.sym --cmf=SC8P096_timer_C.cmf -z -QSC8F096 \
  -oC:\Users\YQ23405\AppData\Local\Temp\skao.2 -MSC8P096_timer_C.map -E1 \
  -ver=XC8 -ASTACK=0120h-016fh -pstack=STACK -ACODE=00h-07FFhx4 \
  -ASTRCODE=00h-01FFFh -ASTRING=00h-0FFhx32 -ACONST=00h-0FFhx32 \
  -AENTRY=00h-0FFhx32 -ACOMMON=070h-07Fh -ABANK0=020h-06Fh \
  -ABANK1=0A0h-0EFh -ABANK2=0120h-016Fh -ABANK3=01A0h-01EFh \
  -ARAM=020h-06Fh,0A0h-0EFh,0120h-016Fh,01A0h-01EFh \
  -AABS1=020h-07Fh,0A0h-0EFh,0120h-016Fh,01A0h-01EFh -ASFR0=00h-01Fh \
  -ASFR1=080h-09Fh -ASFR2=0100h-011Fh -ASFR3=0180h-019Fh \
  -preset_vec=00h,intentry=04h,init,end_init -ppowerup=CODE -pcinit=CODE \
  -pfunctab=ENTRY -ACONFIG=02007h-02008h -pconfig=CONFIG -DCONFIG=2 \
  -AIDLOC=02000h-02003h -pidloc=IDLOC -DIDLOC=2 -DCODE=2 -DSTRCODE=2 \
  -DSTRING=2 -DCONST=2 -DENTRY=2 -k startup.obj SC8P096_timer_C.obj 

Object code version is 3.11

Machine type is SC8F096



                Name                               Link     Load   Length Selector   Space Scale
startup.obj     end_init                             12       12        3        8       0
                reset_vec                             0        0        3        0       0
SC8P096_timer_C.obj
                cinit                                15       15       24        8       0
                intentry                              4        4        E        8       0
                text9                               2AB      2AB      126        8       0
                text8                               442      442        8      884       0
                text2                                39       39      272        8       0
                text1                               44A      44A        7      884       0
                maintext                            3D1      3D1       5D        8       0
                cstackBANK0                          20       20       35       20       1
                cstackCOMMON                         70       70        D       70       1
                bssBANK1                             A0       A0        A       A0       1
                dataBANK0                            61       61        6       20       1
                bssBANK0                             55       55        C       20       1
                bitbssBANK0                         338       67        1       20       1     8
                strings                             42E      42E       14      85C       0

TOTAL           Name                               Link     Load   Length     Space
        CLASS   STACK          

        CLASS   CODE           
                end_init                             12       12        3         0
                cinit                                15       15       24         0
                intentry                              4        4        E         0
                reset_vec                             0        0        3         0
                text9                               2AB      2AB      126         0
                text8                               442      442        8         0
                text2                                39       39      272         0
                text1                               44A      44A        7         0
                maintext                            3D1      3D1       5D         0

        CLASS   STRCODE        

        CLASS   STRING         
                strings                             42E      42E       14         0

        CLASS   CONST          

        CLASS   ENTRY          

        CLASS   COMMON         
                cstackCOMMON                         70       70        D         1

        CLASS   BANK0          
                cstackBANK0                          20       20       35         1
                dataBANK0                            61       61        6         1
                bssBANK0                             55       55        C         1
                bitbssBANK0                         338       67        1         1

        CLASS   BANK1          
                bssBANK1                             A0       A0        A         1

        CLASS   BANK2          

        CLASS   BANK3          

        CLASS   RAM            

        CLASS   ABS1           
                abs_s1                               7E       7E        2         1

        CLASS   SFR0           

        CLASS   SFR1           

        CLASS   SFR2           

        CLASS   SFR3           

        CLASS   CONFIG         

        CLASS   IDLOC          

        CLASS   EEDATA         



SEGMENTS        Name                           Load    Length   Top    Selector   Space  Class     Delta

                reset_vec                      000000  000003  000003         0       0  CODE        2
                intentry                       000004  00042A  00042E         8       0  CODE        2
                cstackBANK0                    000020  000048  000068        20       1  BANK0       1
                cstackCOMMON                   000070  00000D  00007D        70       1  COMMON      1
                bssBANK1                       0000A0  00000A  0000AA        A0       1  BANK1       1
                strings                        00042E  000014  000442       85C       0  STRING      2
                text8                          000442  00000F  000451       884       0  CODE        2


UNUSED ADDRESS RANGES

        Name                Unused          Largest block    Delta
        BANK0            068-06F             8           1
        BANK1            0AA-0EF            46           1
        BANK2            120-16F            50           1
        BANK3            1A0-1EF            50           1
        CODE             003-003             1           2
                         451-1FFF           800
        COMMON           07D-07D             1           1
        CONFIG           2007-2008             2           2
        CONST            003-003             1           2
                         451-1FFF           100
        ENTRY            003-003             1           2
                         451-1FFF           100
        IDLOC            2000-2003             4           2
        RAM              068-06F             8           1
                         0AA-0EF            46
                         120-16F            50
                         1A0-1EF            50
        SFR0             000-01F            20           1
        SFR1             080-09F            20           1
        SFR2             100-11F            20           1
        SFR3             180-19F            20           1
        STACK            120-16F            50           1
        STRCODE          003-003             1           2
                         451-1FFF          1BAF
        STRING           003-003             1           2
                         451-1FFF           100

                                  Symbol Table

?___ftdiv                  cstackBANK0  033
?___ftpack                 cstackBANK0  028
?___fttol                  cstackBANK0  042
?___lwdiv                  cstackCOMMON 070
?___lwmod                  cstackCOMMON 070
?___lwtoft                 cstackBANK0  030
ADC_Sample@ad_temp         cstackBANK0  038
ADC_Sample@adch            cstackBANK0  02E
ADC_Sample@adldo           cstackBANK0  028
ADC_Sample@admax           cstackBANK0  036
ADC_Sample@admin           cstackBANK0  034
ADC_Sample@adsum           cstackBANK0  030
ADC_Sample@i               cstackBANK0  02F
ADC_Sample@j               cstackBANK0  02D
Adc_Test@power_temp        cstackBANK0  050
Interrupt_Isr@RxNum        bssBANK0     05D
PL2                        text2        28C
PL4                        text2        29B
PL6                        text2        2A4
_ADCON0                    (abs)        095
_ADCON1                    (abs)        096
_ADC_Sample                text2        092
_ADRESH                    (abs)        099
_ADRESL                    (abs)        098
_AD_Init                   text8        442
_ANSEL1                    (abs)        094
_Adc_Test                  text2        039
_CC0CON                    (abs)        195
_CC1CON                    (abs)        196
_CHS4                      (abs)        4B6
_GIE                       (abs)        05F
_GODONE                    (abs)        4A9
_IOCA                      (abs)        089
_IOCB                      (abs)        009
_Interrupt_Isr             text9        2AB
_LDO_EN                    (abs)        4B2
_OPTION_REG                (abs)        001
_OSCCON                    (abs)        014
_PEIE                      (abs)        05E
_PORTA                     (abs)        086
_PORTB                     (abs)        006
_RC1IE                     (abs)        880
_RC1IF                     (abs)        878
_RCREG1                    (abs)        188
_RCSTA1                    (abs)        186
_RXOK_f                    bitbssBANK0  338
_RxTable                   bssBANK1     0A0
_SPBRG1                    (abs)        189
_T0IE                      (abs)        05D
_T0IF                      (abs)        05A
_TMR0                      (abs)        081
_TRISA                     (abs)        085
_TRISB                     (abs)        005
_TRISB7                    (abs)        02F
_TRMT1                     (abs)        C29
_TXREG1                    (abs)        187
_TXSTA1                    (abs)        185
_WPDA                      (abs)        087
_WPDB                      (abs)        007
_WPUA                      (abs)        088
_WPUB                      (abs)        008
__Habs1                    abs1         000
__Hbank0                   bank0        000
__Hbank1                   bank1        000
__Hbank2                   bank2        000
__Hbank3                   bank3        000
__HbitbssBANK0             bitbssBANK0  000
__HbssBANK0                bssBANK0     000
__HbssBANK1                bssBANK1     000
__Hcinit                   cinit        039
__Hclrtext                 clrtext      000
__Hcode                    code         000
__Hcommon                  common       000
__Hconfig                  config       000
__HcstackBANK0             cstackBANK0  000
__HcstackCOMMON            cstackCOMMON 000
__HdataBANK0               dataBANK0    000
__Heeprom_data             eeprom_data  000
__Hend_init                end_init     015
__Hfunctab                 functab      000
__HidataBANK0              idataBANK0   000
__Hidloc                   idloc        000
__Hinit                    init         012
__Hintentry                intentry     012
__Hmaintext                maintext     000
__Hpa_nodes0               pa_nodes0    000
__Hpowerup                 powerup      000
__Hram                     ram          000
__Hreset_vec               reset_vec    003
__Hsfr0                    sfr0         000
__Hsfr1                    sfr1         000
__Hsfr2                    sfr2         000
__Hsfr3                    sfr3         000
__Hspace_0                 (abs)        451
__Hspace_1                 (abs)        339
__Hspace_2                 (abs)        000
__Hspace_3                 (abs)        000
__Hstack                   stack        000
__Hstrings                 strings      000
__Htext                    text         000
__Labs1                    abs1         000
__Lbank0                   bank0        000
__Lbank1                   bank1        000
__Lbank2                   bank2        000
__Lbank3                   bank3        000
__LbitbssBANK0             bitbssBANK0  000
__LbssBANK0                bssBANK0     000
__LbssBANK1                bssBANK1     000
__Lcinit                   cinit        015
__Lclrtext                 clrtext      000
__Lcode                    code         000
__Lcommon                  common       000
__Lconfig                  config       000
__LcstackBANK0             cstackBANK0  000
__LcstackCOMMON            cstackCOMMON 000
__LdataBANK0               dataBANK0    000
__Leeprom_data             eeprom_data  000
__Lend_init                end_init     012
__Lfunctab                 functab      000
__LidataBANK0              idataBANK0   000
__Lidloc                   idloc        000
__Linit                    init         012
__Lintentry                intentry     004
__Lmaintext                maintext     000
__Lpa_nodes0               pa_nodes0    000
__Lpowerup                 powerup      000
__Lram                     ram          000
__Lreset_vec               reset_vec    000
__Lsfr0                    sfr0         000
__Lsfr1                    sfr1         000
__Lsfr2                    sfr2         000
__Lsfr3                    sfr3         000
__Lspace_0                 (abs)        000
__Lspace_1                 (abs)        000
__Lspace_2                 (abs)        000
__Lspace_3                 (abs)        000
__Lstack                   stack        000
__Lstrings                 strings      000
__Ltext                    text         000
__S0                       (abs)        451
__S1                       (abs)        0AA
__S2                       (abs)        000
___ftdiv                   text2        177
___ftdiv@cntr              cstackBANK0  03C
___ftdiv@exp               cstackBANK0  040
___ftdiv@f1                cstackBANK0  036
___ftdiv@f2                cstackBANK0  033
___ftdiv@f3                cstackBANK0  03D
___ftdiv@sign              cstackBANK0  041
___ftpack                  text2        1EF
___ftpack@arg              cstackBANK0  028
___ftpack@exp              cstackBANK0  02B
___ftpack@sign             cstackBANK0  02C
___fttol                   text2        231
___fttol@exp1              cstackBANK0  04E
___fttol@f1                cstackBANK0  042
___fttol@lval              cstackBANK0  04A
___fttol@sign1             cstackBANK0  049
___int_sp                  stack        000
___latbits                 (abs)        002
___lwdiv                   text9        37D
___lwdiv@counter           cstackCOMMON 074
___lwdiv@dividend          cstackCOMMON 072
___lwdiv@divisor           cstackCOMMON 070
___lwdiv@quotient          cstackCOMMON 075
___lwmod                   text9        3A7
___lwmod@counter           cstackCOMMON 074
___lwmod@dividend          cstackCOMMON 072
___lwmod@divisor           cstackCOMMON 070
___lwtoft                  text2        1DF
___lwtoft@c                cstackBANK0  030
___sp                      stack        000
__end_ofPL2                text2        29B
__end_ofPL4                text2        2A4
__end_ofPL6                text2        2AB
__end_of_ADC_Sample        text2        177
__end_of_AD_Init           text8        44A
__end_of_Adc_Test          text2        092
__end_of_Interrupt_Isr     text9        308
__end_of___ftdiv           text2        1DF
__end_of___ftpack          text2        231
__end_of___fttol           text2        28C
__end_of___lwdiv           text9        3A7
__end_of___lwmod           text9        3CB
__end_of___lwtoft          text2        1EF
__end_of__initialization   cinit        035
__end_of__stringtab        strings      434
__end_of_control_test_io   text9        325
__end_of_gpio_init         text1        451
__end_of_main              maintext     42E
__end_of_test_io_high      text9        3CE
__end_of_test_io_low       text9        3D1
__end_of_uart_send_char    text9        32D
__end_of_uart_send_number  text9        37D
__end_of_uart_send_string  text9        31F
__initialization           cinit        015
__pbitbssBANK0             bitbssBANK0  338
__pbssBANK0                bssBANK0     055
__pbssBANK1                bssBANK1     0A0
__pcstackBANK0             cstackBANK0  020
__pcstackCOMMON            cstackCOMMON 070
__pdataBANK0               dataBANK0    061
__pidataBANK0              idataBANK0   000
__pintentry                intentry     004
__pmaintext                maintext     3D1
__pstrings                 strings      42E
__ptext1                   text1        44A
__ptext10                  text9        308
__ptext11                  text9        32D
__ptext12                  text9        325
__ptext13                  text9        3A7
__ptext14                  text9        37D
__ptext15                  text9        31F
__ptext16                  text9        3CE
__ptext17                  text9        3CB
__ptext2                   text2        039
__ptext3                   text2        1DF
__ptext4                   text2        231
__ptext5                   text2        177
__ptext6                   text2        1EF
__ptext7                   text2        092
__ptext8                   text8        442
__ptext9                   text9        2AB
__size_of_ADC_Sample       (abs)        000
__size_of_AD_Init          (abs)        000
__size_of_Adc_Test         (abs)        000
__size_of_Interrupt_Isr    (abs)        000
__size_of___ftdiv          (abs)        000
__size_of___ftpack         (abs)        000
__size_of___fttol          (abs)        000
__size_of___lwdiv          (abs)        000
__size_of___lwmod          (abs)        000
__size_of___lwtoft         (abs)        000
__size_of_control_test_io  (abs)        000
__size_of_gpio_init        (abs)        000
__size_of_main             (abs)        000
__size_of_test_io_high     (abs)        000
__size_of_test_io_low      (abs)        000
__size_of_uart_send_char   (abs)        000
__size_of_uart_send_number (abs)        000
__size_of_uart_send_string (abs)        000
__stringbase               strings      433
__stringtab                strings      42E
_adresult                  bssBANK0     05F
_control_test_io           text9        31F
_gpio_init                 text1        44A
_level                     bssBANK0     055
_main                      maintext     3D1
_power_ad                  bssBANK0     059
_result                    bssBANK0     05B
_test_adc                  bssBANK0     05E
_test_io_high              text9        3CB
_test_io_low               text9        3CE
_timer_cnt                 bssBANK0     057
_uart_send_char            text9        325
_uart_send_number          text9        32D
_uart_send_string          text9        308
btemp                      (abs)        07E
control_test_io@flag       cstackCOMMON 070
end_of_initialization      cinit        035
interrupt_function         intentry     004
intlevel0                  functab      000
intlevel1                  functab      000
intlevel2                  functab      000
intlevel3                  functab      000
intlevel4                  functab      000
intlevel5                  functab      000
main@i                     cstackBANK0  054
reset_vec                  reset_vec    000
saved_w                    (abs)        07E
stackhi                    (abs)        000
stacklo                    (abs)        000
start                      init         012
start_initialization       cinit        015
uart_send_char@c           cstackCOMMON 070
uart_send_number@F1331     dataBANK0    061
uart_send_number@buf       cstackBANK0  020
uart_send_number@i         cstackBANK0  026
uart_send_number@j         cstackBANK0  027
uart_send_number@num       cstackCOMMON 077
uart_send_string@str       cstackCOMMON 071
wtemp0                     (abs)        07E


FUNCTION INFORMATION:

 *************** function _main *****************
 Defined at:
		line 234 in file "E:\1.workspace\7.other\17.charge_demo\charge_demo\06-release\SC8F096_Timer_Demo\SC8P096_Timer0_C.c"
 Parameters:    Size  Location     Type
		None
 Auto vars:     Size  Location     Type
  i               1   52[BANK0 ] unsigned char 
 Return value:  Size  Location     Type
                  1    wreg      void 
 Registers used:
		wreg, fsr0l, fsr0h, status,2, status,0, pclath, cstack
 Tracked objects:
		On entry : 
		On exit  : 
		Unchanged: 
 Data sizes:     COMMON   BANK0   BANK1   BANK3   BANK2
      Params:         0       0       0       0       0
      Locals:         0       1       0       0       0
      Temps:          0       0       0       0       0
      Totals:         0       1       0       0       0
Total ram usage:        1 bytes
 Hardware stack levels required when called:    6
 This function calls:
		_AD_Init
		_Adc_Test
		_gpio_init
 This function is called by:
		Startup code after reset
 This function uses a non-reentrant model


 *************** function _gpio_init *****************
 Defined at:
		line 32 in file "E:\1.workspace\7.other\17.charge_demo\charge_demo\06-release\SC8F096_Timer_Demo\SC8P096_Timer0_C.c"
 Parameters:    Size  Location     Type
		None
 Auto vars:     Size  Location     Type
		None
 Return value:  Size  Location     Type
                  1    wreg      void 
 Registers used:
		wreg
 Tracked objects:
		On entry : 
		On exit  : 
		Unchanged: 
 Data sizes:     COMMON   BANK0   BANK1   BANK3   BANK2
      Params:         0       0       0       0       0
      Locals:         0       0       0       0       0
      Temps:          0       0       0       0       0
      Totals:         0       0       0       0       0
Total ram usage:        0 bytes
 Hardware stack levels used:    1
 Hardware stack levels required when called:    3
 This function calls:
		Nothing
 This function is called by:
		_main
 This function uses a non-reentrant model


 *************** function _Adc_Test *****************
 Defined at:
		line 202 in file "E:\1.workspace\7.other\17.charge_demo\charge_demo\06-release\SC8F096_Timer_Demo\SC8P096_Timer0_C.c"
 Parameters:    Size  Location     Type
		None
 Auto vars:     Size  Location     Type
  power_temp      4   48[BANK0 ] volatile unsigned long 
 Return value:  Size  Location     Type
                  1    wreg      void 
 Registers used:
		wreg, status,2, status,0, pclath, cstack
 Tracked objects:
		On entry : 
		On exit  : 
		Unchanged: 
 Data sizes:     COMMON   BANK0   BANK1   BANK3   BANK2
      Params:         0       0       0       0       0
      Locals:         0       4       0       0       0
      Temps:          0       1       0       0       0
      Totals:         0       5       0       0       0
Total ram usage:        5 bytes
 Hardware stack levels used:    1
 Hardware stack levels required when called:    5
 This function calls:
		_ADC_Sample
		___ftdiv
		___fttol
		___lwtoft
 This function is called by:
		_main
 This function uses a non-reentrant model


 *************** function ___lwtoft *****************
 Defined at:
		line 28 in file "D:\6.software\58.SCMCU_IDE\SCMCU_IDE_V2.00.16\data\sources\common\lwtoft.c"
 Parameters:    Size  Location     Type
  c               2   16[BANK0 ] unsigned int 
 Auto vars:     Size  Location     Type
		None
 Return value:  Size  Location     Type
                  3   16[BANK0 ] float 
 Registers used:
		wreg, status,2, status,0, pclath, cstack
 Tracked objects:
		On entry : 
		On exit  : 
		Unchanged: 
 Data sizes:     COMMON   BANK0   BANK1   BANK3   BANK2
      Params:         0       3       0       0       0
      Locals:         0       0       0       0       0
      Temps:          0       0       0       0       0
      Totals:         0       3       0       0       0
Total ram usage:        3 bytes
 Hardware stack levels used:    1
 Hardware stack levels required when called:    4
 This function calls:
		___ftpack
 This function is called by:
		_Adc_Test
 This function uses a non-reentrant model


 *************** function ___fttol *****************
 Defined at:
		line 44 in file "D:\6.software\58.SCMCU_IDE\SCMCU_IDE_V2.00.16\data\sources\common\fttol.c"
 Parameters:    Size  Location     Type
  f1              3   34[BANK0 ] float 
 Auto vars:     Size  Location     Type
  lval            4   42[BANK0 ] unsigned long 
  exp1            1   46[BANK0 ] unsigned char 
  sign1           1   41[BANK0 ] unsigned char 
 Return value:  Size  Location     Type
                  4   34[BANK0 ] long 
 Registers used:
		wreg, status,2, status,0
 Tracked objects:
		On entry : 
		On exit  : 
		Unchanged: 
 Data sizes:     COMMON   BANK0   BANK1   BANK3   BANK2
      Params:         0       4       0       0       0
      Locals:         0       6       0       0       0
      Temps:          0       3       0       0       0
      Totals:         0      13       0       0       0
Total ram usage:       13 bytes
 Hardware stack levels used:    1
 Hardware stack levels required when called:    3
 This function calls:
		Nothing
 This function is called by:
		_Adc_Test
 This function uses a non-reentrant model


 *************** function ___ftdiv *****************
 Defined at:
		line 56 in file "D:\6.software\58.SCMCU_IDE\SCMCU_IDE_V2.00.16\data\sources\common\ftdiv.c"
 Parameters:    Size  Location     Type
  f2              3   19[BANK0 ] float 
  f1              3   22[BANK0 ] float 
 Auto vars:     Size  Location     Type
  f3              3   29[BANK0 ] float 
  sign            1   33[BANK0 ] unsigned char 
  exp             1   32[BANK0 ] unsigned char 
  cntr            1   28[BANK0 ] unsigned char 
 Return value:  Size  Location     Type
                  3   19[BANK0 ] float 
 Registers used:
		wreg, status,2, status,0, pclath, cstack
 Tracked objects:
		On entry : 
		On exit  : 
		Unchanged: 
 Data sizes:     COMMON   BANK0   BANK1   BANK3   BANK2
      Params:         0       6       0       0       0
      Locals:         0       6       0       0       0
      Temps:          0       3       0       0       0
      Totals:         0      15       0       0       0
Total ram usage:       15 bytes
 Hardware stack levels used:    1
 Hardware stack levels required when called:    4
 This function calls:
		___ftpack
 This function is called by:
		_Adc_Test
 This function uses a non-reentrant model


 *************** function ___ftpack *****************
 Defined at:
		line 62 in file "D:\6.software\58.SCMCU_IDE\SCMCU_IDE_V2.00.16\data\sources\common\float.c"
 Parameters:    Size  Location     Type
  arg             3    8[BANK0 ] unsigned um
  exp             1   11[BANK0 ] unsigned char 
  sign            1   12[BANK0 ] unsigned char 
 Auto vars:     Size  Location     Type
		None
 Return value:  Size  Location     Type
                  3    8[BANK0 ] float 
 Registers used:
		wreg, status,2, status,0
 Tracked objects:
		On entry : 
		On exit  : 
		Unchanged: 
 Data sizes:     COMMON   BANK0   BANK1   BANK3   BANK2
      Params:         0       5       0       0       0
      Locals:         0       0       0       0       0
      Temps:          0       3       0       0       0
      Totals:         0       8       0       0       0
Total ram usage:        8 bytes
 Hardware stack levels used:    1
 Hardware stack levels required when called:    3
 This function calls:
		Nothing
 This function is called by:
		___ftdiv
		___lwtoft
 This function uses a non-reentrant model


 *************** function _ADC_Sample *****************
 Defined at:
		line 132 in file "E:\1.workspace\7.other\17.charge_demo\charge_demo\06-release\SC8F096_Timer_Demo\SC8P096_Timer0_C.c"
 Parameters:    Size  Location     Type
  adch            1    wreg     unsigned char 
  adldo           1    8[BANK0 ] unsigned char 
 Auto vars:     Size  Location     Type
  adch            1   14[BANK0 ] unsigned char 
  j               1   13[BANK0 ] unsigned char 
  adsum           4   16[BANK0 ] volatile unsigned long 
  ad_temp         2   24[BANK0 ] volatile unsigned int 
  admax           2   22[BANK0 ] volatile unsigned int 
  admin           2   20[BANK0 ] volatile unsigned int 
  i               1   15[BANK0 ] unsigned char 
 Return value:  Size  Location     Type
                  1    wreg      unsigned char 
 Registers used:
		wreg, status,2, status,0
 Tracked objects:
		On entry : 
		On exit  : 
		Unchanged: 
 Data sizes:     COMMON   BANK0   BANK1   BANK3   BANK2
      Params:         0       1       0       0       0
      Locals:         0      13       0       0       0
      Temps:          0       4       0       0       0
      Totals:         0      18       0       0       0
Total ram usage:       18 bytes
 Hardware stack levels used:    1
 Hardware stack levels required when called:    3
 This function calls:
		Nothing
 This function is called by:
		_Adc_Test
 This function uses a non-reentrant model


 *************** function _AD_Init *****************
 Defined at:
		line 61 in file "E:\1.workspace\7.other\17.charge_demo\charge_demo\06-release\SC8F096_Timer_Demo\SC8P096_Timer0_C.c"
 Parameters:    Size  Location     Type
		None
 Auto vars:     Size  Location     Type
		None
 Return value:  Size  Location     Type
                  1    wreg      void 
 Registers used:
		wreg, status,2
 Tracked objects:
		On entry : 
		On exit  : 
		Unchanged: 
 Data sizes:     COMMON   BANK0   BANK1   BANK3   BANK2
      Params:         0       0       0       0       0
      Locals:         0       0       0       0       0
      Temps:          0       0       0       0       0
      Totals:         0       0       0       0       0
Total ram usage:        0 bytes
 Hardware stack levels used:    1
 Hardware stack levels required when called:    3
 This function calls:
		Nothing
 This function is called by:
		_main
 This function uses a non-reentrant model


 *************** function _Interrupt_Isr *****************
 Defined at:
		line 348 in file "E:\1.workspace\7.other\17.charge_demo\charge_demo\06-release\SC8F096_Timer_Demo\SC8P096_Timer0_C.c"
 Parameters:    Size  Location     Type
		None
 Auto vars:     Size  Location     Type
		None
 Return value:  Size  Location     Type
                  1    wreg      void 
 Registers used:
		wreg, fsr0l, fsr0h, status,2, status,0, pclath, cstack
 Tracked objects:
		On entry : 
		On exit  : 
		Unchanged: 
 Data sizes:     COMMON   BANK0   BANK1   BANK3   BANK2
      Params:         0       0       0       0       0
      Locals:         0       0       0       0       0
      Temps:          4       0       0       0       0
      Totals:         4       0       0       0       0
Total ram usage:        4 bytes
 Hardware stack levels used:    1
 Hardware stack levels required when called:    2
 This function calls:
		_control_test_io
		_uart_send_number
		_uart_send_string
 This function is called by:
		Interrupt level 1
 This function uses a non-reentrant model


 *************** function _uart_send_string *****************
 Defined at:
		line 314 in file "E:\1.workspace\7.other\17.charge_demo\charge_demo\06-release\SC8F096_Timer_Demo\SC8P096_Timer0_C.c"
 Parameters:    Size  Location     Type
  str             1    wreg     PTR unsigned char 
		 -> STR_2(3), STR_1(11), 
 Auto vars:     Size  Location     Type
  str             1    1[COMMON] PTR unsigned char 
		 -> STR_2(3), STR_1(11), 
 Return value:  Size  Location     Type
                  1    wreg      void 
 Registers used:
		wreg, fsr0l, fsr0h, status,2, status,0, pclath, cstack
 Tracked objects:
		On entry : 
		On exit  : 
		Unchanged: 
 Data sizes:     COMMON   BANK0   BANK1   BANK3   BANK2
      Params:         0       0       0       0       0
      Locals:         1       0       0       0       0
      Temps:          0       0       0       0       0
      Totals:         1       0       0       0       0
Total ram usage:        1 bytes
 Hardware stack levels used:    1
 Hardware stack levels required when called:    1
 This function calls:
		_uart_send_char
 This function is called by:
		_Interrupt_Isr
 This function uses a non-reentrant model


 *************** function _uart_send_number *****************
 Defined at:
		line 322 in file "E:\1.workspace\7.other\17.charge_demo\charge_demo\06-release\SC8F096_Timer_Demo\SC8P096_Timer0_C.c"
 Parameters:    Size  Location     Type
  num             2    7[COMMON] unsigned int 
 Auto vars:     Size  Location     Type
  buf             6    0[BANK0 ] unsigned char [6]
  j               1    7[BANK0 ] unsigned char 
  i               1    6[BANK0 ] unsigned char 
 Return value:  Size  Location     Type
                  1    wreg      void 
 Registers used:
		wreg, fsr0l, fsr0h, status,2, status,0, pclath, cstack
 Tracked objects:
		On entry : 
		On exit  : 
		Unchanged: 
 Data sizes:     COMMON   BANK0   BANK1   BANK3   BANK2
      Params:         2       0       0       0       0
      Locals:         0       8       0       0       0
      Temps:          0       0       0       0       0
      Totals:         2       8       0       0       0
Total ram usage:       10 bytes
 Hardware stack levels used:    1
 Hardware stack levels required when called:    1
 This function calls:
		___lwdiv
		___lwmod
		_uart_send_char
 This function is called by:
		_Interrupt_Isr
 This function uses a non-reentrant model


 *************** function _uart_send_char *****************
 Defined at:
		line 308 in file "E:\1.workspace\7.other\17.charge_demo\charge_demo\06-release\SC8F096_Timer_Demo\SC8P096_Timer0_C.c"
 Parameters:    Size  Location     Type
  c               1    wreg     unsigned char 
 Auto vars:     Size  Location     Type
  c               1    0[COMMON] unsigned char 
 Return value:  Size  Location     Type
                  1    wreg      void 
 Registers used:
		wreg
 Tracked objects:
		On entry : 
		On exit  : 
		Unchanged: 
 Data sizes:     COMMON   BANK0   BANK1   BANK3   BANK2
      Params:         0       0       0       0       0
      Locals:         1       0       0       0       0
      Temps:          0       0       0       0       0
      Totals:         1       0       0       0       0
Total ram usage:        1 bytes
 Hardware stack levels used:    1
 This function calls:
		Nothing
 This function is called by:
		_uart_send_string
		_uart_send_number
 This function uses a non-reentrant model


 *************** function ___lwmod *****************
 Defined at:
		line 6 in file "D:\6.software\58.SCMCU_IDE\SCMCU_IDE_V2.00.16\data\sources\common\lwmod.c"
 Parameters:    Size  Location     Type
  divisor         2    0[COMMON] unsigned int 
  dividend        2    2[COMMON] unsigned int 
 Auto vars:     Size  Location     Type
  counter         1    4[COMMON] unsigned char 
 Return value:  Size  Location     Type
                  2    0[COMMON] unsigned int 
 Registers used:
		wreg, status,2, status,0
 Tracked objects:
		On entry : 
		On exit  : 
		Unchanged: 
 Data sizes:     COMMON   BANK0   BANK1   BANK3   BANK2
      Params:         4       0       0       0       0
      Locals:         1       0       0       0       0
      Temps:          0       0       0       0       0
      Totals:         5       0       0       0       0
Total ram usage:        5 bytes
 Hardware stack levels used:    1
 This function calls:
		Nothing
 This function is called by:
		_uart_send_number
 This function uses a non-reentrant model


 *************** function ___lwdiv *****************
 Defined at:
		line 6 in file "D:\6.software\58.SCMCU_IDE\SCMCU_IDE_V2.00.16\data\sources\common\lwdiv.c"
 Parameters:    Size  Location     Type
  divisor         2    0[COMMON] unsigned int 
  dividend        2    2[COMMON] unsigned int 
 Auto vars:     Size  Location     Type
  quotient        2    5[COMMON] unsigned int 
  counter         1    4[COMMON] unsigned char 
 Return value:  Size  Location     Type
                  2    0[COMMON] unsigned int 
 Registers used:
		wreg, status,2, status,0
 Tracked objects:
		On entry : 
		On exit  : 
		Unchanged: 
 Data sizes:     COMMON   BANK0   BANK1   BANK3   BANK2
      Params:         4       0       0       0       0
      Locals:         3       0       0       0       0
      Temps:          0       0       0       0       0
      Totals:         7       0       0       0       0
Total ram usage:        7 bytes
 Hardware stack levels used:    1
 This function calls:
		Nothing
 This function is called by:
		_uart_send_number
 This function uses a non-reentrant model


 *************** function _control_test_io *****************
 Defined at:
		line 49 in file "E:\1.workspace\7.other\17.charge_demo\charge_demo\06-release\SC8F096_Timer_Demo\SC8P096_Timer0_C.c"
 Parameters:    Size  Location     Type
  flag            2    0[COMMON] unsigned int 
 Auto vars:     Size  Location     Type
		None
 Return value:  Size  Location     Type
                  1    wreg      void 
 Registers used:
		wreg, status,2, status,0, pclath, cstack
 Tracked objects:
		On entry : 
		On exit  : 
		Unchanged: 
 Data sizes:     COMMON   BANK0   BANK1   BANK3   BANK2
      Params:         2       0       0       0       0
      Locals:         0       0       0       0       0
      Temps:          0       0       0       0       0
      Totals:         2       0       0       0       0
Total ram usage:        2 bytes
 Hardware stack levels used:    1
 Hardware stack levels required when called:    1
 This function calls:
		_test_io_high
		_test_io_low
 This function is called by:
		_Interrupt_Isr
 This function uses a non-reentrant model


 *************** function _test_io_low *****************
 Defined at:
		line 44 in file "E:\1.workspace\7.other\17.charge_demo\charge_demo\06-release\SC8F096_Timer_Demo\SC8P096_Timer0_C.c"
 Parameters:    Size  Location     Type
		None
 Auto vars:     Size  Location     Type
		None
 Return value:  Size  Location     Type
                  1    wreg      void 
 Registers used:
		None
 Tracked objects:
		On entry : 
		On exit  : 
		Unchanged: 
 Data sizes:     COMMON   BANK0   BANK1   BANK3   BANK2
      Params:         0       0       0       0       0
      Locals:         0       0       0       0       0
      Temps:          0       0       0       0       0
      Totals:         0       0       0       0       0
Total ram usage:        0 bytes
 Hardware stack levels used:    1
 This function calls:
		Nothing
 This function is called by:
		_control_test_io
 This function uses a non-reentrant model


 *************** function _test_io_high *****************
 Defined at:
		line 39 in file "E:\1.workspace\7.other\17.charge_demo\charge_demo\06-release\SC8F096_Timer_Demo\SC8P096_Timer0_C.c"
 Parameters:    Size  Location     Type
		None
 Auto vars:     Size  Location     Type
		None
 Return value:  Size  Location     Type
                  1    wreg      void 
 Registers used:
		None
 Tracked objects:
		On entry : 
		On exit  : 
		Unchanged: 
 Data sizes:     COMMON   BANK0   BANK1   BANK3   BANK2
      Params:         0       0       0       0       0
      Locals:         0       0       0       0       0
      Temps:          0       0       0       0       0
      Totals:         0       0       0       0       0
Total ram usage:        0 bytes
 Hardware stack levels used:    1
 This function calls:
		Nothing
 This function is called by:
		_control_test_io
 This function uses a non-reentrant model



MODULE INFORMATION

Module		Function		Class		Link	Load	Size
D:\6.software\58.SCMCU_IDE\SCMCU_IDE_V2.00.16\data\sources\common\float.c
		___ftpack      		CODE           	01EF	0000	67

D:\6.software\58.SCMCU_IDE\SCMCU_IDE_V2.00.16\data\sources\common\float.c estimated size: 67

D:\6.software\58.SCMCU_IDE\SCMCU_IDE_V2.00.16\data\sources\common\lwtoft.c
		___lwtoft      		CODE           	01DF	0000	17

D:\6.software\58.SCMCU_IDE\SCMCU_IDE_V2.00.16\data\sources\common\lwtoft.c estimated size: 17

D:\6.software\58.SCMCU_IDE\SCMCU_IDE_V2.00.16\data\sources\common\lwmod.c
		___lwmod       		CODE           	03A7	0000	37

D:\6.software\58.SCMCU_IDE\SCMCU_IDE_V2.00.16\data\sources\common\lwmod.c estimated size: 37

E:\1.workspace\7.other\17.charge_demo\charge_demo\06-release\SC8F096_Timer_Demo\SC8P096_Timer0_C.c
		_test_io_low   		CODE           	03CE	0000	4
		_test_io_high  		CODE           	03CB	0000	4
		_main          		CODE           	03D1	0000	94
		_Interrupt_Isr 		CODE           	02AB	0000	94
		_AD_Init       		CODE           	0442	0000	9
		_Adc_Test      		CODE           	0039	0000	90
		_gpio_init     		CODE           	044A	0000	8
		_uart_send_string		CODE           	0308	0000	24
		_uart_send_number		CODE           	032D	0000	81
		_control_test_io		CODE           	031F	0000	7
		_ADC_Sample    		CODE           	0092	0000	230
		_uart_send_char		CODE           	0325	0000	9

E:\1.workspace\7.other\17.charge_demo\charge_demo\06-release\SC8F096_Timer_Demo\SC8P096_Timer0_C.c estimated size: 654

shared
		__stringtab    		STRING         	042E	0000	7
		__initialization		CODE           	0015	0000	33
		PL2            		CODE           	028C	0000	16
		PL4            		CODE           	029B	0000	10
		PL6            		CODE           	02A4	0000	8

shared estimated size: 74

D:\6.software\58.SCMCU_IDE\SCMCU_IDE_V2.00.16\data\sources\common\ftdiv.c
		___ftdiv       		CODE           	0177	0000	105

D:\6.software\58.SCMCU_IDE\SCMCU_IDE_V2.00.16\data\sources\common\ftdiv.c estimated size: 105

D:\6.software\58.SCMCU_IDE\SCMCU_IDE_V2.00.16\data\sources\common\lwdiv.c
		___lwdiv       		CODE           	037D	0000	43

D:\6.software\58.SCMCU_IDE\SCMCU_IDE_V2.00.16\data\sources\common\lwdiv.c estimated size: 43

D:\6.software\58.SCMCU_IDE\SCMCU_IDE_V2.00.16\data\sources\common\fttol.c
		___fttol       		CODE           	0231	0000	92

D:\6.software\58.SCMCU_IDE\SCMCU_IDE_V2.00.16\data\sources\common\fttol.c estimated size: 92

