Microchip MPLAB XC8 Compiler V1.45 ()

Linker command line:

-W-9 \
  --edf=H:\MyDownloads\IDE_RAR\SCMCU_IDE_V2.00.16_Beta12\data\dat\en_msgs.txt \
  -cs -h+SC8F096_RGB_LED_Demo.sym --cmf=SC8F096_RGB_LED_Demo.cmf -z \
  -QSC8F096 -oC:\Users\ADMINI~1\AppData\Local\Temp\s2v0.2 \
  -MSC8F096_RGB_LED_Demo.map -E1 -ver=XC8 -ASTACK=020h-06fh -pstack=STACK \
  -ACODE=00h-07FFhx4 -ASTRCODE=00h-01FFFh -ASTRING=00h-0FFhx32 \
  -ACONST=00h-0FFhx32 -AENTRY=00h-0FFhx32 -ACOMMON=070h-07Fh \
  -ABANK0=020h-06Fh -ABANK1=0A0h-0EFh -ABANK2=0120h-016Fh \
  -ABANK3=01A0h-01EFh -ARAM=020h-06Fh,0A0h-0EFh,0120h-016Fh,01A0h-01EFh \
  -AABS1=020h-07Fh,0A0h-0EFh,0120h-016Fh,01A0h-01EFh -ASFR0=00h-01Fh \
  -ASFR1=080h-09Fh -ASFR2=0100h-011Fh -ASFR3=0180h-019Fh \
  -preset_vec=00h,intentry=04h,init,end_init -ppowerup=CODE -pcinit=CODE \
  -pfunctab=ENTRY -ACONFIG=02007h-02008h -pconfig=CONFIG -DCONFIG=2 \
  -AIDLOC=02000h-02003h -pidloc=IDLOC -DIDLOC=2 -DCODE=2 -DSTRCODE=2 \
  -DSTRING=2 -DCONST=2 -DENTRY=2 -k startup.obj SC8F096_RGB_LED_Demo.obj 

Object code version is 3.11

Machine type is SC8F096



                Name                               Link     Load   Length Selector   Space Scale
startup.obj     end_init                              C        C        3        8       0
                reset_vec                             0        0        3        0       0
SC8F096_RGB_LED_Demo.obj
                cinit                                 F        F        B        8       0
                intentry                              4        4        8        8       0
                text9                                E4       E4       13        8       0
                text8                               112      112        7        8       0
                text7                               125      125        6        8       0
                text6                               109      109        9        8       0
                text5                               11F      11F        6        8       0
                text4                               100      100        9        8       0
                text3                                F7       F7        9        8       0
                text2                                88       88       5C        8       0
                text1                               119      119        6        8       0
                maintext                             1A       1A       6E        8       0
                cstackCOMMON                         76       76        3       70       1
                bssCOMMON                            70       70        6       70       1
                bitbssCOMMON                        3C8       79        1       70       1     8

TOTAL           Name                               Link     Load   Length     Space
        CLASS   STACK          

        CLASS   CODE           
                end_init                              C        C        3         0
                cinit                                 F        F        B         0
                intentry                              4        4        8         0
                reset_vec                             0        0        3         0
                text9                                E4       E4       13         0
                text8                               112      112        7         0
                text7                               125      125        6         0
                text6                               109      109        9         0
                text5                               11F      11F        6         0
                text4                               100      100        9         0
                text3                                F7       F7        9         0
                text2                                88       88       5C         0
                text1                               119      119        6         0
                maintext                             1A       1A       6E         0

        CLASS   STRCODE        

        CLASS   STRING         

        CLASS   CONST          

        CLASS   ENTRY          

        CLASS   COMMON         
                cstackCOMMON                         76       76        3         1
                bssCOMMON                            70       70        6         1
                bitbssCOMMON                        3C8       79        1         1

        CLASS   BANK0          

        CLASS   BANK1          

        CLASS   BANK2          

        CLASS   BANK3          

        CLASS   RAM            

        CLASS   ABS1           
                abs_s1                               7E       7E        2         1

        CLASS   SFR0           

        CLASS   SFR1           

        CLASS   SFR2           

        CLASS   SFR3           

        CLASS   CONFIG         

        CLASS   IDLOC          

        CLASS   EEDATA         



SEGMENTS        Name                           Load    Length   Top    Selector   Space  Class     Delta

                reset_vec                      000000  000003  000003         0       0  CODE        2
                intentry                       000004  000127  00012B         8       0  CODE        2
                bssCOMMON                      000070  00000A  00007A        70       1  COMMON      1


UNUSED ADDRESS RANGES

        Name                Unused          Largest block    Delta
        BANK0            020-06F            50           1
        BANK1            0A0-0EF            50           1
        BANK2            120-16F            50           1
        BANK3            1A0-1EF            50           1
        CODE             003-003             1           2
                         12B-1FFF           800
        COMMON           07A-07D             4           1
        CONFIG           2007-2008             2           2
        CONST            003-003             1           2
                         12B-1FFF           100
        ENTRY            003-003             1           2
                         12B-1FFF           100
        IDLOC            2000-2003             4           2
        RAM              020-06F            50           1
                         0A0-0EF            50
                         120-16F            50
                         1A0-1EF            50
        SFR0             000-01F            20           1
        SFR1             080-09F            20           1
        SFR2             100-11F            20           1
        SFR3             180-19F            20           1
        STACK            020-06F            50           1
        STRCODE          003-003             1           2
                         12B-1FFF          1ED5
        STRING           003-003             1           2
                         12B-1FFF           100

                                  Symbol Table

Led_Moudle_Device@i         cstackCOMMON 078
PL2                         text2        0D7
Timer_Isr@tcount            bssCOMMON    074
_B_MainLoop                 bitbssCOMMON 3C8
_IF_15                      (abs)        C75
_IF_30                      (abs)        C74
_INTCON                     (abs)        00B
_LEDCTR0                    (abs)        18E
_LEDCTR1                    (abs)        18F
_LEDSW_RT                   (abs)        C76
_LEDSW_ST                   (abs)        C70
_LED_B                      text8        112
_LED_B1                     text7        125
_LED_G                      text6        109
_LED_G1                     text5        11F
_LED_R                      text4        100
_LED_R1                     text3        0F7
_Led_Moudle_Device          text2        088
_OPTION_REG                 (abs)        001
_OSCCON                     (abs)        014
_PDSDATA                    (abs)        19B
_PIE1                       (abs)        00E
_PIE2                       (abs)        110
_PIR1                       (abs)        00D
_PIR2                       (abs)        10F
_PR2                        (abs)        011
_Set_LED_Moudle             text1        119
_T2CON                      (abs)        013
_TMR2IE                     (abs)        071
_TMR2IF                     (abs)        069
_TRISA                      (abs)        085
_TRISA5                     (abs)        42D
_TRISB                      (abs)        005
_TRISC                      (abs)        105
_Timer_Isr                  text9        0E4
__Habs1                     abs1         000
__Hbank0                    bank0        000
__Hbank1                    bank1        000
__Hbank2                    bank2        000
__Hbank3                    bank3        000
__HbitbssCOMMON             bitbssCOMMON 000
__HbssCOMMON                bssCOMMON    000
__Hcinit                    cinit        01A
__Hclrtext                  clrtext      000
__Hcode                     code         000
__Hcommon                   common       000
__Hconfig                   config       000
__HcstackCOMMON             cstackCOMMON 000
__Heeprom_data              eeprom_data  000
__Hend_init                 end_init     00F
__Hfunctab                  functab      000
__Hidloc                    idloc        000
__Hinit                     init         00C
__Hintentry                 intentry     00C
__Hmaintext                 maintext     000
__Hpa_nodes0                pa_nodes0    000
__Hpowerup                  powerup      000
__Hram                      ram          000
__Hreset_vec                reset_vec    003
__Hsfr0                     sfr0         000
__Hsfr1                     sfr1         000
__Hsfr2                     sfr2         000
__Hsfr3                     sfr3         000
__Hspace_0                  (abs)        12B
__Hspace_1                  (abs)        3C9
__Hspace_2                  (abs)        000
__Hspace_3                  (abs)        000
__Hstack                    stack        000
__Hstrings                  strings      000
__Htext                     text         000
__Labs1                     abs1         000
__Lbank0                    bank0        000
__Lbank1                    bank1        000
__Lbank2                    bank2        000
__Lbank3                    bank3        000
__LbitbssCOMMON             bitbssCOMMON 000
__LbssCOMMON                bssCOMMON    000
__Lcinit                    cinit        00F
__Lclrtext                  clrtext      000
__Lcode                     code         000
__Lcommon                   common       000
__Lconfig                   config       000
__LcstackCOMMON             cstackCOMMON 000
__Leeprom_data              eeprom_data  000
__Lend_init                 end_init     00C
__Lfunctab                  functab      000
__Lidloc                    idloc        000
__Linit                     init         00C
__Lintentry                 intentry     004
__Lmaintext                 maintext     000
__Lpa_nodes0                pa_nodes0    000
__Lpowerup                  powerup      000
__Lram                      ram          000
__Lreset_vec                reset_vec    000
__Lsfr0                     sfr0         000
__Lsfr1                     sfr1         000
__Lsfr2                     sfr2         000
__Lsfr3                     sfr3         000
__Lspace_0                  (abs)        000
__Lspace_1                  (abs)        000
__Lspace_2                  (abs)        000
__Lspace_3                  (abs)        000
__Lstack                    stack        000
__Lstrings                  strings      000
__Ltext                     text         000
__S0                        (abs)        12B
__S1                        (abs)        07A
__S2                        (abs)        000
___int_sp                   stack        000
___latbits                  (abs)        002
___sp                       stack        000
__end_ofPL2                 text2        0E4
__end_of_LED_B              text8        119
__end_of_LED_B1             text7        12B
__end_of_LED_G              text6        112
__end_of_LED_G1             text5        125
__end_of_LED_R              text4        109
__end_of_LED_R1             text3        100
__end_of_Led_Moudle_Device  text2        0D7
__end_of_Set_LED_Moudle     text1        11F
__end_of_Timer_Isr          text9        0F7
__end_of__initialization    cinit        016
__end_of_main               maintext     088
__initialization            cinit        00F
__pbitbssCOMMON             bitbssCOMMON 3C8
__pbssCOMMON                bssCOMMON    070
__pcstackCOMMON             cstackCOMMON 076
__pintentry                 intentry     004
__pmaintext                 maintext     01A
__ptext0                    text0        000
__ptext1                    text1        119
__ptext2                    text2        088
__ptext3                    text3        0F7
__ptext4                    text4        100
__ptext5                    text5        11F
__ptext6                    text6        109
__ptext7                    text7        125
__ptext8                    text8        112
__ptext9                    text9        0E4
__size_of_LED_B             (abs)        000
__size_of_LED_B1            (abs)        000
__size_of_LED_G             (abs)        000
__size_of_LED_G1            (abs)        000
__size_of_LED_R             (abs)        000
__size_of_LED_R1            (abs)        000
__size_of_Led_Moudle_Device (abs)        000
__size_of_Set_LED_Moudle    (abs)        000
__size_of_Timer_Isr         (abs)        000
__size_of_main              (abs)        000
_dis_buf                    bssCOMMON    070
_led_c                      bssCOMMON    075
_main                       maintext     01A
btemp                       (abs)        07E
end_of_initialization       cinit        016
interrupt_function          intentry     004
intlevel0                   functab      000
intlevel1                   functab      000
intlevel2                   functab      000
intlevel3                   functab      000
intlevel4                   functab      000
intlevel5                   functab      000
reset_vec                   reset_vec    000
saved_w                     (abs)        07E
stackhi                     (abs)        000
stacklo                     (abs)        000
start                       init         00C
start_initialization        cinit        00F
wtemp0                      (abs)        07E


FUNCTION INFORMATION:

 *************** function _main *****************
 Defined at:
		line 18 in file "H:\MyDownloads\说明书&测试报告\开发包\SC8F096开发包\SC8F096_DEMO_C\SC8F096_RGB_LED_Demo\SC8F096_RGB_LED_Demo.c"
 Parameters:    Size  Location     Type
		None
 Auto vars:     Size  Location     Type
		None
 Return value:  Size  Location     Type
                  1    wreg      void 
 Registers used:
		wreg, fsr0l, fsr0h, status,2, status,0, pclath, cstack
 Tracked objects:
		On entry : 
		On exit  : 
		Unchanged: 
 Data sizes:     COMMON   BANK0   BANK1   BANK3   BANK2
      Params:         0       0       0       0       0
      Locals:         0       0       0       0       0
      Temps:          0       0       0       0       0
      Totals:         0       0       0       0       0
Total ram usage:        0 bytes
 Hardware stack levels required when called:    2
 This function calls:
		_LED_B
		_LED_B1
		_LED_G
		_LED_G1
		_LED_R
		_LED_R1
		_Led_Moudle_Device
		_Set_LED_Moudle
 This function is called by:
		Startup code after reset
 This function uses a non-reentrant model


 *************** function _Set_LED_Moudle *****************
 Defined at:
		line 98 in file "H:\MyDownloads\说明书&测试报告\开发包\SC8F096开发包\SC8F096_DEMO_C\SC8F096_RGB_LED_Demo\SC8F096_RGB_LED_Demo.c"
 Parameters:    Size  Location     Type
		None
 Auto vars:     Size  Location     Type
		None
 Return value:  Size  Location     Type
                  1    wreg      void 
 Registers used:
		wreg
 Tracked objects:
		On entry : 
		On exit  : 
		Unchanged: 
 Data sizes:     COMMON   BANK0   BANK1   BANK3   BANK2
      Params:         0       0       0       0       0
      Locals:         0       0       0       0       0
      Temps:          0       0       0       0       0
      Totals:         0       0       0       0       0
Total ram usage:        0 bytes
 Hardware stack levels used:    1
 Hardware stack levels required when called:    1
 This function calls:
		Nothing
 This function is called by:
		_main
 This function uses a non-reentrant model


 *************** function _Led_Moudle_Device *****************
 Defined at:
		line 139 in file "H:\MyDownloads\说明书&测试报告\开发包\SC8F096开发包\SC8F096_DEMO_C\SC8F096_RGB_LED_Demo\SC8F096_RGB_LED_Demo.c"
 Parameters:    Size  Location     Type
		None
 Auto vars:     Size  Location     Type
  i               1    2[COMMON] unsigned char 
 Return value:  Size  Location     Type
                  1    wreg      void 
 Registers used:
		wreg, status,2, status,0
 Tracked objects:
		On entry : 
		On exit  : 
		Unchanged: 
 Data sizes:     COMMON   BANK0   BANK1   BANK3   BANK2
      Params:         0       0       0       0       0
      Locals:         1       0       0       0       0
      Temps:          0       0       0       0       0
      Totals:         1       0       0       0       0
Total ram usage:        1 bytes
 Hardware stack levels used:    1
 Hardware stack levels required when called:    1
 This function calls:
		Nothing
 This function is called by:
		_main
 This function uses a non-reentrant model


 *************** function _LED_R1 *****************
 Defined at:
		line 278 in file "H:\MyDownloads\说明书&测试报告\开发包\SC8F096开发包\SC8F096_DEMO_C\SC8F096_RGB_LED_Demo\SC8F096_RGB_LED_Demo.c"
 Parameters:    Size  Location     Type
		None
 Auto vars:     Size  Location     Type
		None
 Return value:  Size  Location     Type
                  1    wreg      void 
 Registers used:
		wreg, status,2, status,0
 Tracked objects:
		On entry : 
		On exit  : 
		Unchanged: 
 Data sizes:     COMMON   BANK0   BANK1   BANK3   BANK2
      Params:         0       0       0       0       0
      Locals:         0       0       0       0       0
      Temps:          0       0       0       0       0
      Totals:         0       0       0       0       0
Total ram usage:        0 bytes
 Hardware stack levels used:    1
 Hardware stack levels required when called:    1
 This function calls:
		Nothing
 This function is called by:
		_main
 This function uses a non-reentrant model


 *************** function _LED_R *****************
 Defined at:
		line 248 in file "H:\MyDownloads\说明书&测试报告\开发包\SC8F096开发包\SC8F096_DEMO_C\SC8F096_RGB_LED_Demo\SC8F096_RGB_LED_Demo.c"
 Parameters:    Size  Location     Type
		None
 Auto vars:     Size  Location     Type
		None
 Return value:  Size  Location     Type
                  1    wreg      void 
 Registers used:
		wreg, status,2, status,0
 Tracked objects:
		On entry : 
		On exit  : 
		Unchanged: 
 Data sizes:     COMMON   BANK0   BANK1   BANK3   BANK2
      Params:         0       0       0       0       0
      Locals:         0       0       0       0       0
      Temps:          0       0       0       0       0
      Totals:         0       0       0       0       0
Total ram usage:        0 bytes
 Hardware stack levels used:    1
 Hardware stack levels required when called:    1
 This function calls:
		Nothing
 This function is called by:
		_main
 This function uses a non-reentrant model


 *************** function _LED_G1 *****************
 Defined at:
		line 268 in file "H:\MyDownloads\说明书&测试报告\开发包\SC8F096开发包\SC8F096_DEMO_C\SC8F096_RGB_LED_Demo\SC8F096_RGB_LED_Demo.c"
 Parameters:    Size  Location     Type
		None
 Auto vars:     Size  Location     Type
		None
 Return value:  Size  Location     Type
                  1    wreg      void 
 Registers used:
		wreg, status,2, status,0
 Tracked objects:
		On entry : 
		On exit  : 
		Unchanged: 
 Data sizes:     COMMON   BANK0   BANK1   BANK3   BANK2
      Params:         0       0       0       0       0
      Locals:         0       0       0       0       0
      Temps:          0       0       0       0       0
      Totals:         0       0       0       0       0
Total ram usage:        0 bytes
 Hardware stack levels used:    1
 Hardware stack levels required when called:    1
 This function calls:
		Nothing
 This function is called by:
		_main
 This function uses a non-reentrant model


 *************** function _LED_G *****************
 Defined at:
		line 238 in file "H:\MyDownloads\说明书&测试报告\开发包\SC8F096开发包\SC8F096_DEMO_C\SC8F096_RGB_LED_Demo\SC8F096_RGB_LED_Demo.c"
 Parameters:    Size  Location     Type
		None
 Auto vars:     Size  Location     Type
		None
 Return value:  Size  Location     Type
                  1    wreg      void 
 Registers used:
		wreg, status,2, status,0
 Tracked objects:
		On entry : 
		On exit  : 
		Unchanged: 
 Data sizes:     COMMON   BANK0   BANK1   BANK3   BANK2
      Params:         0       0       0       0       0
      Locals:         0       0       0       0       0
      Temps:          0       0       0       0       0
      Totals:         0       0       0       0       0
Total ram usage:        0 bytes
 Hardware stack levels used:    1
 Hardware stack levels required when called:    1
 This function calls:
		Nothing
 This function is called by:
		_main
 This function uses a non-reentrant model


 *************** function _LED_B1 *****************
 Defined at:
		line 258 in file "H:\MyDownloads\说明书&测试报告\开发包\SC8F096开发包\SC8F096_DEMO_C\SC8F096_RGB_LED_Demo\SC8F096_RGB_LED_Demo.c"
 Parameters:    Size  Location     Type
		None
 Auto vars:     Size  Location     Type
		None
 Return value:  Size  Location     Type
                  1    wreg      void 
 Registers used:
		wreg, status,2, status,0
 Tracked objects:
		On entry : 
		On exit  : 
		Unchanged: 
 Data sizes:     COMMON   BANK0   BANK1   BANK3   BANK2
      Params:         0       0       0       0       0
      Locals:         0       0       0       0       0
      Temps:          0       0       0       0       0
      Totals:         0       0       0       0       0
Total ram usage:        0 bytes
 Hardware stack levels used:    1
 Hardware stack levels required when called:    1
 This function calls:
		Nothing
 This function is called by:
		_main
 This function uses a non-reentrant model


 *************** function _LED_B *****************
 Defined at:
		line 228 in file "H:\MyDownloads\说明书&测试报告\开发包\SC8F096开发包\SC8F096_DEMO_C\SC8F096_RGB_LED_Demo\SC8F096_RGB_LED_Demo.c"
 Parameters:    Size  Location     Type
		None
 Auto vars:     Size  Location     Type
		None
 Return value:  Size  Location     Type
                  1    wreg      void 
 Registers used:
		wreg, status,2, status,0
 Tracked objects:
		On entry : 
		On exit  : 
		Unchanged: 
 Data sizes:     COMMON   BANK0   BANK1   BANK3   BANK2
      Params:         0       0       0       0       0
      Locals:         0       0       0       0       0
      Temps:          0       0       0       0       0
      Totals:         0       0       0       0       0
Total ram usage:        0 bytes
 Hardware stack levels used:    1
 Hardware stack levels required when called:    1
 This function calls:
		Nothing
 This function is called by:
		_main
 This function uses a non-reentrant model


 *************** function _Timer_Isr *****************
 Defined at:
		line 76 in file "H:\MyDownloads\说明书&测试报告\开发包\SC8F096开发包\SC8F096_DEMO_C\SC8F096_RGB_LED_Demo\SC8F096_RGB_LED_Demo.c"
 Parameters:    Size  Location     Type
		None
 Auto vars:     Size  Location     Type
		None
 Return value:  Size  Location     Type
                  1    wreg      void 
 Registers used:
		wreg, status,2, status,0
 Tracked objects:
		On entry : 
		On exit  : 
		Unchanged: 
 Data sizes:     COMMON   BANK0   BANK1   BANK3   BANK2
      Params:         0       0       0       0       0
      Locals:         0       0       0       0       0
      Temps:          2       0       0       0       0
      Totals:         2       0       0       0       0
Total ram usage:        2 bytes
 Hardware stack levels used:    1
 This function calls:
		Nothing
 This function is called by:
		Interrupt level 1
 This function uses a non-reentrant model



MODULE INFORMATION

Module		Function		Class		Link	Load	Size
H:\MyDownloads\说明书&测试报告\开发包\SC8F096开发包\SC8F096_DEMO_C\SC8F096_RGB_LED_Demo\SC8F096_RGB_LED_Demo.c
		_Timer_Isr     		CODE           	00E4	0000	20
		_Set_LED_Moudle		CODE           	0119	0000	7
		_main          		CODE           	001A	0000	111
		_LED_R1        		CODE           	00F7	0000	10
		_LED_G1        		CODE           	011F	0000	7
		_LED_R         		CODE           	0100	0000	10
		_Led_Moudle_Device		CODE           	0088	0000	80
		_LED_B1        		CODE           	0125	0000	7
		_LED_G         		CODE           	0109	0000	10
		_LED_B         		CODE           	0112	0000	8

H:\MyDownloads\说明书&测试报告\开发包\SC8F096开发包\SC8F096_DEMO_C\SC8F096_RGB_LED_Demo\SC8F096_RGB_LED_Demo.c estimated size: 270

shared
		__initialization		CODE           	000F	0000	8
		PL2            		CODE           	00D7	0000	14

shared estimated size: 22

